gke-hypercomputer-a3-a3-high-flex-poo-27562461-njnx:803:803 [0] NCCL INFO NCCL_SOCKET_IFNAME set to eth0
gke-hypercomputer-a3-a3-high-flex-poo-27562461-njnx:803:803 [0] NCCL INFO Bootstrap : Using eth0:10.140.0.7<0>
gke-hypercomputer-a3-a3-high-flex-poo-27562461-njnx:803:803 [0] NCCL INFO cudaDriverVersion 13000
gke-hypercomputer-a3-a3-high-flex-poo-27562461-njnx:803:803 [0] NCCL INFO NCCL version 2.22.3+cuda12.6
gke-hypercomputer-a3-a3-high-flex-poo-27562461-njnx:803:1357 [0] NCCL INFO Plugin Path : /opt/hpcx/nccl_rdma_sharp_plugin/lib/libnccl-net.so
gke-hypercomputer-a3-a3-high-flex-poo-27562461-njnx:803:1357 [0] NCCL INFO P2P plugin v8 IBext_v8
gke-hypercomputer-a3-a3-high-flex-poo-27562461-njnx:803:1357 [0] NCCL INFO NCCL_SOCKET_IFNAME set to eth0
gke-hypercomputer-a3-a3-high-flex-poo-27562461-njnx:803:1357 [0] NCCL INFO NET/IB : No device found.
gke-hypercomputer-a3-a3-high-flex-poo-27562461-njnx:803:1357 [0] NCCL INFO NET/IB : No device found.
gke-hypercomputer-a3-a3-high-flex-poo-27562461-njnx:803:1357 [0] NCCL INFO NET/Socket : Using [0]eth0:10.140.0.7<0>
gke-hypercomputer-a3-a3-high-flex-poo-27562461-njnx:803:1357 [0] NCCL INFO Using network Socket
gke-hypercomputer-a3-a3-high-flex-poo-27562461-njnx:803:1357 [0] NCCL INFO ncclCommInitRank comm 0x5b4c910f8440 rank 0 nranks 16 cudaDev 0 nvmlDev 0 busId 4000 commId 0x7512ade6074d5476 - Init START
gke-hypercomputer-a3-a3-high-flex-poo-27562461-njnx:803:1357 [0] NCCL INFO MNNVL busId 0x4000 fabric UUID 0.0 cliqueId 0x0 state 3 healthMask 0x0
gke-hypercomputer-a3-a3-high-flex-poo-27562461-njnx:803:1357 [0] NCCL INFO Could not find real path of /sys/class/pci_bus/fffffff/../../fffffff:ff:f
gke-hypercomputer-a3-a3-high-flex-poo-27562461-njnx:803:1357 [0] NCCL INFO Topology detection : could not read /sys/devices/pci0000:00/0000:00:0c.0/max_link_speed, ignoring
gke-hypercomputer-a3-a3-high-flex-poo-27562461-njnx:803:1357 [0] NCCL INFO Topology detection : could not read /sys/devices/pci0000:00/0000:00:0c.0/../max_link_speed, ignoring
gke-hypercomputer-a3-a3-high-flex-poo-27562461-njnx:803:1357 [0] NCCL INFO Topology detection : could not read /sys/devices/pci0000:00/0000:00:0c.0/max_link_width, ignoring
gke-hypercomputer-a3-a3-high-flex-poo-27562461-njnx:803:1357 [0] NCCL INFO Topology detection : could not read /sys/devices/pci0000:00/0000:00:0c.0/../max_link_width, ignoring
gke-hypercomputer-a3-a3-high-flex-poo-27562461-njnx:803:1357 [0] NCCL INFO NET/Socket : GPU Direct RDMA Disabled for HCA 0 'eth0'
gke-hypercomputer-a3-a3-high-flex-poo-27562461-njnx:803:1357 [0] NCCL INFO KV Convert to int : could not find value of '' in dictionary, falling back to 60
gke-hypercomputer-a3-a3-high-flex-poo-27562461-njnx:803:1357 [0] NCCL INFO === System : maxBw 12.0 totalBw 370.8 ===
gke-hypercomputer-a3-a3-high-flex-poo-27562461-njnx:803:1357 [0] NCCL INFO CPU/0-0 (1/1/2)
gke-hypercomputer-a3-a3-high-flex-poo-27562461-njnx:803:1357 [0] NCCL INFO + PCI[24.0] - PCI/0-2000 (10b5879610b58796)
gke-hypercomputer-a3-a3-high-flex-poo-27562461-njnx:803:1357 [0] NCCL INFO               + PCI[24.0] - GPU/0-4000 (0)
gke-hypercomputer-a3-a3-high-flex-poo-27562461-njnx:803:1357 [0] NCCL INFO                             + NVL[370.8] - NVS/0
gke-hypercomputer-a3-a3-high-flex-poo-27562461-njnx:803:1357 [0] NCCL INFO               + PCI[24.0] - GPU/0-5000 (1)
gke-hypercomputer-a3-a3-high-flex-poo-27562461-njnx:803:1357 [0] NCCL INFO                             + NVL[370.8] - NVS/0
gke-hypercomputer-a3-a3-high-flex-poo-27562461-njnx:803:1357 [0] NCCL INFO + PCI[24.0] - PCI/0-8000 (10b5879610b58796)
gke-hypercomputer-a3-a3-high-flex-poo-27562461-njnx:803:1357 [0] NCCL INFO               + PCI[24.0] - GPU/0-a000 (2)
gke-hypercomputer-a3-a3-high-flex-poo-27562461-njnx:803:1357 [0] NCCL INFO                             + NVL[370.8] - NVS/0
gke-hypercomputer-a3-a3-high-flex-poo-27562461-njnx:803:1357 [0] NCCL INFO               + PCI[24.0] - GPU/0-b000 (3)
gke-hypercomputer-a3-a3-high-flex-poo-27562461-njnx:803:1357 [0] NCCL INFO                             + NVL[370.8] - NVS/0
gke-hypercomputer-a3-a3-high-flex-poo-27562461-njnx:803:1357 [0] NCCL INFO + PCI[12.0] - NIC/0-c0
gke-hypercomputer-a3-a3-high-flex-poo-27562461-njnx:803:1357 [0] NCCL INFO               + NET[25.0] - NET/0 (0/0/25.000000)
gke-hypercomputer-a3-a3-high-flex-poo-27562461-njnx:803:1357 [0] NCCL INFO + SYS[10.0] - CPU/1
gke-hypercomputer-a3-a3-high-flex-poo-27562461-njnx:803:1357 [0] NCCL INFO CPU/0-1 (1/1/2)
gke-hypercomputer-a3-a3-high-flex-poo-27562461-njnx:803:1357 [0] NCCL INFO + PCI[24.0] - PCI/0-82000 (10b5879610b58796)
gke-hypercomputer-a3-a3-high-flex-poo-27562461-njnx:803:1357 [0] NCCL INFO               + PCI[24.0] - GPU/0-84000 (4)
gke-hypercomputer-a3-a3-high-flex-poo-27562461-njnx:803:1357 [0] NCCL INFO                             + NVL[370.8] - NVS/0
gke-hypercomputer-a3-a3-high-flex-poo-27562461-njnx:803:1357 [0] NCCL INFO               + PCI[24.0] - GPU/0-85000 (5)
gke-hypercomputer-a3-a3-high-flex-poo-27562461-njnx:803:1357 [0] NCCL INFO                             + NVL[370.8] - NVS/0
gke-hypercomputer-a3-a3-high-flex-poo-27562461-njnx:803:1357 [0] NCCL INFO + PCI[24.0] - PCI/0-88000 (10b5879610b58796)
gke-hypercomputer-a3-a3-high-flex-poo-27562461-njnx:803:1357 [0] NCCL INFO               + PCI[24.0] - GPU/0-8a000 (6)
gke-hypercomputer-a3-a3-high-flex-poo-27562461-njnx:803:1357 [0] NCCL INFO                             + NVL[370.8] - NVS/0
gke-hypercomputer-a3-a3-high-flex-poo-27562461-njnx:803:1357 [0] NCCL INFO               + PCI[24.0] - GPU/0-8b000 (7)
gke-hypercomputer-a3-a3-high-flex-poo-27562461-njnx:803:1357 [0] NCCL INFO                             + NVL[370.8] - NVS/0
gke-hypercomputer-a3-a3-high-flex-poo-27562461-njnx:803:1357 [0] NCCL INFO + SYS[10.0] - CPU/0
gke-hypercomputer-a3-a3-high-flex-poo-27562461-njnx:803:1357 [0] NCCL INFO ==========================================
gke-hypercomputer-a3-a3-high-flex-poo-27562461-njnx:803:1357 [0] NCCL INFO GPU/4000 :GPU/0-4000 (0/5000.0/LOC) GPU/0-5000 (2/370.8/NVL) GPU/0-a000 (2/370.8/NVL) GPU/0-b000 (2/370.8/NVL) GPU/0-84000 (2/370.8/NVL) GPU/0-85000 (2/370.8/NVL) GPU/0-8a000 (2/370.8/NVL) GPU/0-8b000 (2/370.8/NVL) NVS/0-0 (1/370.8/NVL) CPU/0-0 (2/24.0/PHB) CPU/0-1 (3/10.0/SYS) NET/0-0 (4/12.0/PHB) 
gke-hypercomputer-a3-a3-high-flex-poo-27562461-njnx:803:1357 [0] NCCL INFO GPU/5000 :GPU/0-4000 (2/370.8/NVL) GPU/0-5000 (0/5000.0/LOC) GPU/0-a000 (2/370.8/NVL) GPU/0-b000 (2/370.8/NVL) GPU/0-84000 (2/370.8/NVL) GPU/0-85000 (2/370.8/NVL) GPU/0-8a000 (2/370.8/NVL) GPU/0-8b000 (2/370.8/NVL) NVS/0-0 (1/370.8/NVL) CPU/0-0 (2/24.0/PHB) CPU/0-1 (3/10.0/SYS) NET/0-0 (4/12.0/PHB) 
gke-hypercomputer-a3-a3-high-flex-poo-27562461-njnx:803:1357 [0] NCCL INFO GPU/A000 :GPU/0-4000 (2/370.8/NVL) GPU/0-5000 (2/370.8/NVL) GPU/0-a000 (0/5000.0/LOC) GPU/0-b000 (2/370.8/NVL) GPU/0-84000 (2/370.8/NVL) GPU/0-85000 (2/370.8/NVL) GPU/0-8a000 (2/370.8/NVL) GPU/0-8b000 (2/370.8/NVL) NVS/0-0 (1/370.8/NVL) CPU/0-0 (2/24.0/PHB) CPU/0-1 (3/10.0/SYS) NET/0-0 (4/12.0/PHB) 
gke-hypercomputer-a3-a3-high-flex-poo-27562461-njnx:803:1357 [0] NCCL INFO GPU/B000 :GPU/0-4000 (2/370.8/NVL) GPU/0-5000 (2/370.8/NVL) GPU/0-a000 (2/370.8/NVL) GPU/0-b000 (0/5000.0/LOC) GPU/0-84000 (2/370.8/NVL) GPU/0-85000 (2/370.8/NVL) GPU/0-8a000 (2/370.8/NVL) GPU/0-8b000 (2/370.8/NVL) NVS/0-0 (1/370.8/NVL) CPU/0-0 (2/24.0/PHB) CPU/0-1 (3/10.0/SYS) NET/0-0 (4/12.0/PHB) 
gke-hypercomputer-a3-a3-high-flex-poo-27562461-njnx:803:1357 [0] NCCL INFO GPU/84000 :GPU/0-4000 (2/370.8/NVL) GPU/0-5000 (2/370.8/NVL) GPU/0-a000 (2/370.8/NVL) GPU/0-b000 (2/370.8/NVL) GPU/0-84000 (0/5000.0/LOC) GPU/0-85000 (2/370.8/NVL) GPU/0-8a000 (2/370.8/NVL) GPU/0-8b000 (2/370.8/NVL) NVS/0-0 (1/370.8/NVL) CPU/0-0 (3/10.0/SYS) CPU/0-1 (2/24.0/PHB) NET/0-0 (5/10.0/SYS) 
gke-hypercomputer-a3-a3-high-flex-poo-27562461-njnx:803:1357 [0] NCCL INFO GPU/85000 :GPU/0-4000 (2/370.8/NVL) GPU/0-5000 (2/370.8/NVL) GPU/0-a000 (2/370.8/NVL) GPU/0-b000 (2/370.8/NVL) GPU/0-84000 (2/370.8/NVL) GPU/0-85000 (0/5000.0/LOC) GPU/0-8a000 (2/370.8/NVL) GPU/0-8b000 (2/370.8/NVL) NVS/0-0 (1/370.8/NVL) CPU/0-0 (3/10.0/SYS) CPU/0-1 (2/24.0/PHB) NET/0-0 (5/10.0/SYS) 
gke-hypercomputer-a3-a3-high-flex-poo-27562461-njnx:803:1357 [0] NCCL INFO GPU/8A000 :GPU/0-4000 (2/370.8/NVL) GPU/0-5000 (2/370.8/NVL) GPU/0-a000 (2/370.8/NVL) GPU/0-b000 (2/370.8/NVL) GPU/0-84000 (2/370.8/NVL) GPU/0-85000 (2/370.8/NVL) GPU/0-8a000 (0/5000.0/LOC) GPU/0-8b000 (2/370.8/NVL) NVS/0-0 (1/370.8/NVL) CPU/0-0 (3/10.0/SYS) CPU/0-1 (2/24.0/PHB) NET/0-0 (5/10.0/SYS) 
gke-hypercomputer-a3-a3-high-flex-poo-27562461-njnx:803:1357 [0] NCCL INFO GPU/8B000 :GPU/0-4000 (2/370.8/NVL) GPU/0-5000 (2/370.8/NVL) GPU/0-a000 (2/370.8/NVL) GPU/0-b000 (2/370.8/NVL) GPU/0-84000 (2/370.8/NVL) GPU/0-85000 (2/370.8/NVL) GPU/0-8a000 (2/370.8/NVL) GPU/0-8b000 (0/5000.0/LOC) NVS/0-0 (1/370.8/NVL) CPU/0-0 (3/10.0/SYS) CPU/0-1 (2/24.0/PHB) NET/0-0 (5/10.0/SYS) 
gke-hypercomputer-a3-a3-high-flex-poo-27562461-njnx:803:1357 [0] NCCL INFO NET/0 :GPU/0-4000 (4/12.0/PHB) GPU/0-5000 (4/12.0/PHB) GPU/0-a000 (4/12.0/PHB) GPU/0-b000 (4/12.0/PHB) GPU/0-84000 (5/10.0/SYS) GPU/0-85000 (5/10.0/SYS) GPU/0-8a000 (5/10.0/SYS) GPU/0-8b000 (5/10.0/SYS) CPU/0-0 (2/12.0/PHB) CPU/0-1 (3/10.0/SYS) NET/0-0 (0/5000.0/LOC) 
gke-hypercomputer-a3-a3-high-flex-poo-27562461-njnx:803:1357 [0] NCCL INFO Setting affinity for GPU 0 to 0fffffff,ffffff00,00000000,000fffff,ffffffff
gke-hypercomputer-a3-a3-high-flex-poo-27562461-njnx:803:1357 [0] NCCL INFO NVLS multicast support is available on dev 0
gke-hypercomputer-a3-a3-high-flex-poo-27562461-njnx:803:1357 [0] NCCL INFO Pattern 4, crossNic 0, nChannels 4, bw 2.400000/2.400000, type NVL/PHB, sameChannels 1
gke-hypercomputer-a3-a3-high-flex-poo-27562461-njnx:803:1357 [0] NCCL INFO  0 : NET/0 GPU/0 GPU/7 GPU/6 GPU/5 GPU/4 GPU/3 GPU/2 GPU/1 NET/0
gke-hypercomputer-a3-a3-high-flex-poo-27562461-njnx:803:1357 [0] NCCL INFO  1 : NET/0 GPU/0 GPU/7 GPU/6 GPU/5 GPU/4 GPU/3 GPU/2 GPU/1 NET/0
gke-hypercomputer-a3-a3-high-flex-poo-27562461-njnx:803:1357 [0] NCCL INFO  2 : NET/0 GPU/0 GPU/7 GPU/6 GPU/5 GPU/4 GPU/3 GPU/2 GPU/1 NET/0
gke-hypercomputer-a3-a3-high-flex-poo-27562461-njnx:803:1357 [0] NCCL INFO  3 : NET/0 GPU/0 GPU/7 GPU/6 GPU/5 GPU/4 GPU/3 GPU/2 GPU/1 NET/0
gke-hypercomputer-a3-a3-high-flex-poo-27562461-njnx:803:1357 [0] NCCL INFO Pattern 1, crossNic 0, nChannels 4, bw 6.000000/2.400000, type NVL/PHB, sameChannels 1
gke-hypercomputer-a3-a3-high-flex-poo-27562461-njnx:803:1357 [0] NCCL INFO  0 : NET/0 GPU/0 GPU/1 GPU/2 GPU/3 GPU/4 GPU/5 GPU/6 GPU/7 NET/0
gke-hypercomputer-a3-a3-high-flex-poo-27562461-njnx:803:1357 [0] NCCL INFO  1 : NET/0 GPU/0 GPU/1 GPU/2 GPU/3 GPU/4 GPU/5 GPU/6 GPU/7 NET/0
gke-hypercomputer-a3-a3-high-flex-poo-27562461-njnx:803:1357 [0] NCCL INFO  2 : NET/0 GPU/0 GPU/1 GPU/2 GPU/3 GPU/4 GPU/5 GPU/6 GPU/7 NET/0
gke-hypercomputer-a3-a3-high-flex-poo-27562461-njnx:803:1357 [0] NCCL INFO  3 : NET/0 GPU/0 GPU/1 GPU/2 GPU/3 GPU/4 GPU/5 GPU/6 GPU/7 NET/0
gke-hypercomputer-a3-a3-high-flex-poo-27562461-njnx:803:1357 [0] NCCL INFO Pattern 5, crossNic 0, nChannels 1, bw 6.000000/6.000000, type NVL/PHB, sameChannels 0
gke-hypercomputer-a3-a3-high-flex-poo-27562461-njnx:803:1357 [0] NCCL INFO  0 : NET/0 GPU/0 GPU/0 GPU/0 GPU/0 GPU/0 GPU/0 GPU/0 GPU/0 NET/0
gke-hypercomputer-a3-a3-high-flex-poo-27562461-njnx:803:1357 [0] NCCL INFO comm 0x5b4c910f8440 rank 0 nRanks 16 nNodes 2 localRanks 8 localRank 0 MNNVL 0
gke-hypercomputer-a3-a3-high-flex-poo-27562461-njnx:803:1357 [0] NCCL INFO Tree 0 : -1 -> 0 -> 1/8/-1
gke-hypercomputer-a3-a3-high-flex-poo-27562461-njnx:803:1357 [0] NCCL INFO Tree 4 : 8 -> 0 -> 1/-1/-1
gke-hypercomputer-a3-a3-high-flex-poo-27562461-njnx:803:1357 [0] NCCL INFO Tree 1 : -1 -> 0 -> 1/8/-1
gke-hypercomputer-a3-a3-high-flex-poo-27562461-njnx:803:1357 [0] NCCL INFO Tree 5 : 8 -> 0 -> 1/-1/-1
gke-hypercomputer-a3-a3-high-flex-poo-27562461-njnx:803:1357 [0] NCCL INFO Tree 2 : -1 -> 0 -> 1/8/-1
gke-hypercomputer-a3-a3-high-flex-poo-27562461-njnx:803:1357 [0] NCCL INFO Tree 6 : 8 -> 0 -> 1/-1/-1
gke-hypercomputer-a3-a3-high-flex-poo-27562461-njnx:803:1357 [0] NCCL INFO Tree 3 : -1 -> 0 -> 1/8/-1
gke-hypercomputer-a3-a3-high-flex-poo-27562461-njnx:803:1357 [0] NCCL INFO Tree 7 : 8 -> 0 -> 1/-1/-1
gke-hypercomputer-a3-a3-high-flex-poo-27562461-njnx:803:1357 [0] NCCL INFO NVLS Head  0:  0  8
gke-hypercomputer-a3-a3-high-flex-poo-27562461-njnx:803:1357 [0] NCCL INFO NVLS Trees : 17/8/-1->0->-1 17/-1/-1->0->8
gke-hypercomputer-a3-a3-high-flex-poo-27562461-njnx:803:1357 [0] NCCL INFO Channel 00/16 :    0   7   6   5   4   3   2   1   8  15  14  13  12  11  10   9
gke-hypercomputer-a3-a3-high-flex-poo-27562461-njnx:803:1357 [0] NCCL INFO Channel 01/16 :    0   7   6   5   4   3   2   1   8  15  14  13  12  11  10   9
gke-hypercomputer-a3-a3-high-flex-poo-27562461-njnx:803:1357 [0] NCCL INFO Channel 02/16 :    0   7   6   5   4   3   2   1   8  15  14  13  12  11  10   9
gke-hypercomputer-a3-a3-high-flex-poo-27562461-njnx:803:1357 [0] NCCL INFO Channel 03/16 :    0   7   6   5   4   3   2   1   8  15  14  13  12  11  10   9
gke-hypercomputer-a3-a3-high-flex-poo-27562461-njnx:803:1357 [0] NCCL INFO Channel 04/16 :    0   7   6   5   4   3   2   1   8  15  14  13  12  11  10   9
gke-hypercomputer-a3-a3-high-flex-poo-27562461-njnx:803:1357 [0] NCCL INFO Channel 05/16 :    0   7   6   5   4   3   2   1   8  15  14  13  12  11  10   9
gke-hypercomputer-a3-a3-high-flex-poo-27562461-njnx:803:1357 [0] NCCL INFO Channel 06/16 :    0   7   6   5   4   3   2   1   8  15  14  13  12  11  10   9
gke-hypercomputer-a3-a3-high-flex-poo-27562461-njnx:803:1357 [0] NCCL INFO Channel 07/16 :    0   7   6   5   4   3   2   1   8  15  14  13  12  11  10   9
gke-hypercomputer-a3-a3-high-flex-poo-27562461-njnx:803:1357 [0] NCCL INFO Channel 08/16 :    0   7   6   5   4   3   2   1   8  15  14  13  12  11  10   9
gke-hypercomputer-a3-a3-high-flex-poo-27562461-njnx:803:1357 [0] NCCL INFO Channel 09/16 :    0   7   6   5   4   3   2   1   8  15  14  13  12  11  10   9
gke-hypercomputer-a3-a3-high-flex-poo-27562461-njnx:803:1357 [0] NCCL INFO Channel 10/16 :    0   7   6   5   4   3   2   1   8  15  14  13  12  11  10   9
gke-hypercomputer-a3-a3-high-flex-poo-27562461-njnx:803:1357 [0] NCCL INFO Channel 11/16 :    0   7   6   5   4   3   2   1   8  15  14  13  12  11  10   9
gke-hypercomputer-a3-a3-high-flex-poo-27562461-njnx:803:1357 [0] NCCL INFO Channel 12/16 :    0   7   6   5   4   3   2   1   8  15  14  13  12  11  10   9
gke-hypercomputer-a3-a3-high-flex-poo-27562461-njnx:803:1357 [0] NCCL INFO Channel 13/16 :    0   7   6   5   4   3   2   1   8  15  14  13  12  11  10   9
gke-hypercomputer-a3-a3-high-flex-poo-27562461-njnx:803:1357 [0] NCCL INFO Channel 14/16 :    0   7   6   5   4   3   2   1   8  15  14  13  12  11  10   9
gke-hypercomputer-a3-a3-high-flex-poo-27562461-njnx:803:1357 [0] NCCL INFO Channel 15/16 :    0   7   6   5   4   3   2   1   8  15  14  13  12  11  10   9
gke-hypercomputer-a3-a3-high-flex-poo-27562461-njnx:803:1357 [0] NCCL INFO Ring 00 : 9 -> 0 -> 7
gke-hypercomputer-a3-a3-high-flex-poo-27562461-njnx:803:1357 [0] NCCL INFO Ring 01 : 9 -> 0 -> 7
gke-hypercomputer-a3-a3-high-flex-poo-27562461-njnx:803:1357 [0] NCCL INFO Ring 02 : 9 -> 0 -> 7
gke-hypercomputer-a3-a3-high-flex-poo-27562461-njnx:803:1357 [0] NCCL INFO Ring 03 : 9 -> 0 -> 7
gke-hypercomputer-a3-a3-high-flex-poo-27562461-njnx:803:1357 [0] NCCL INFO Ring 04 : 9 -> 0 -> 7
gke-hypercomputer-a3-a3-high-flex-poo-27562461-njnx:803:1357 [0] NCCL INFO Ring 05 : 9 -> 0 -> 7
gke-hypercomputer-a3-a3-high-flex-poo-27562461-njnx:803:1357 [0] NCCL INFO Ring 06 : 9 -> 0 -> 7
gke-hypercomputer-a3-a3-high-flex-poo-27562461-njnx:803:1357 [0] NCCL INFO Ring 07 : 9 -> 0 -> 7
gke-hypercomputer-a3-a3-high-flex-poo-27562461-njnx:803:1357 [0] NCCL INFO Ring 08 : 9 -> 0 -> 7
gke-hypercomputer-a3-a3-high-flex-poo-27562461-njnx:803:1357 [0] NCCL INFO Ring 09 : 9 -> 0 -> 7
gke-hypercomputer-a3-a3-high-flex-poo-27562461-njnx:803:1357 [0] NCCL INFO Ring 10 : 9 -> 0 -> 7
gke-hypercomputer-a3-a3-high-flex-poo-27562461-njnx:803:1357 [0] NCCL INFO Ring 11 : 9 -> 0 -> 7
gke-hypercomputer-a3-a3-high-flex-poo-27562461-njnx:803:1357 [0] NCCL INFO Ring 12 : 9 -> 0 -> 7
gke-hypercomputer-a3-a3-high-flex-poo-27562461-njnx:803:1357 [0] NCCL INFO Ring 13 : 9 -> 0 -> 7
gke-hypercomputer-a3-a3-high-flex-poo-27562461-njnx:803:1357 [0] NCCL INFO Ring 14 : 9 -> 0 -> 7
gke-hypercomputer-a3-a3-high-flex-poo-27562461-njnx:803:1357 [0] NCCL INFO Ring 15 : 9 -> 0 -> 7
gke-hypercomputer-a3-a3-high-flex-poo-27562461-njnx:803:1357 [0] NCCL INFO Trees [0] 1/8/-1->0->-1 [1] 1/8/-1->0->-1 [2] 1/8/-1->0->-1 [3] 1/8/-1->0->-1 [4] 1/-1/-1->0->8 [5] 1/-1/-1->0->8 [6] 1/-1/-1->0->8 [7] 1/-1/-1->0->8 [8] 1/8/-1->0->-1 [9] 1/8/-1->0->-1 [10] 1/8/-1->0->-1 [11] 1/8/-1->0->-1 [12] 1/-1/-1->0->8 [13] 1/-1/-1->0->8 [14] 1/-1/-1->0->8 [15] 1/-1/-1->0->8
gke-hypercomputer-a3-a3-high-flex-poo-27562461-njnx:803:1357 [0] NCCL INFO P2P Chunksize set to 131072
gke-hypercomputer-a3-a3-high-flex-poo-27562461-njnx:803:1357 [0] NCCL INFO threadThresholds 8/8/64 | 128/8/64 | 512 | 512
gke-hypercomputer-a3-a3-high-flex-poo-27562461-njnx:803:1357 [0] NCCL INFO 16 coll channels, 16 collnet channels, 16 nvls channels, 16 p2p channels, 2 p2p channels per peer
gke-hypercomputer-a3-a3-high-flex-poo-27562461-njnx:803:1357 [0] NCCL INFO CC Off, Multi-GPU CC Off, workFifoBytes 1048576
gke-hypercomputer-a3-a3-high-flex-poo-27562461-njnx:803:1357 [0] NCCL INFO ncclCommInitRank comm 0x5b4c910f8440 rank 0 nranks 16 cudaDev 0 nvmlDev 0 busId 4000 commId 0x7512ade6074d5476 - Init COMPLETE
gke-hypercomputer-a3-a3-high-flex-poo-27562461-njnx:803:1357 [0] NCCL INFO Init timings: rank 0 nranks 16 total 1.60 (kernels 0.19, bootstrap 1.02, allgathers 0.05, topo 0.05, graphs 0.05, connections 0.24, rest 0.00)
gke-hypercomputer-a3-a3-high-flex-poo-27562461-njnx:803:1386 [0] NCCL INFO Channel 00/0 : 0[0] -> 1[1] via P2P/CUMEM
gke-hypercomputer-a3-a3-high-flex-poo-27562461-njnx:803:1369 [0] NCCL INFO New proxy send connection 0 from local rank 0, transport 0
gke-hypercomputer-a3-a3-high-flex-poo-27562461-njnx:803:1386 [0] NCCL INFO Connected to proxy localRank 0 -> connection 0x7a3df4004f40
gke-hypercomputer-a3-a3-high-flex-poo-27562461-njnx:803:1386 [0] NCCL INFO Channel 01/0 : 0[0] -> 1[1] via P2P/CUMEM
gke-hypercomputer-a3-a3-high-flex-poo-27562461-njnx:803:1369 [0] NCCL INFO New proxy send connection 1 from local rank 0, transport 0
gke-hypercomputer-a3-a3-high-flex-poo-27562461-njnx:803:1386 [0] NCCL INFO Connected to proxy localRank 0 -> connection 0x7a3df4004fb8
gke-hypercomputer-a3-a3-high-flex-poo-27562461-njnx:803:1386 [0] NCCL INFO Channel 02/0 : 0[0] -> 1[1] via P2P/CUMEM
gke-hypercomputer-a3-a3-high-flex-poo-27562461-njnx:803:1369 [0] NCCL INFO New proxy send connection 2 from local rank 0, transport 0
gke-hypercomputer-a3-a3-high-flex-poo-27562461-njnx:803:1386 [0] NCCL INFO Connected to proxy localRank 0 -> connection 0x7a3df4005030
gke-hypercomputer-a3-a3-high-flex-poo-27562461-njnx:803:1386 [0] NCCL INFO Channel 03/0 : 0[0] -> 1[1] via P2P/CUMEM
gke-hypercomputer-a3-a3-high-flex-poo-27562461-njnx:803:1369 [0] NCCL INFO New proxy send connection 3 from local rank 0, transport 0
gke-hypercomputer-a3-a3-high-flex-poo-27562461-njnx:803:1386 [0] NCCL INFO Connected to proxy localRank 0 -> connection 0x7a3df40050a8
gke-hypercomputer-a3-a3-high-flex-poo-27562461-njnx:803:1386 [0] NCCL INFO Channel 04/0 : 0[0] -> 1[1] via P2P/CUMEM
gke-hypercomputer-a3-a3-high-flex-poo-27562461-njnx:803:1369 [0] NCCL INFO New proxy send connection 4 from local rank 0, transport 0
gke-hypercomputer-a3-a3-high-flex-poo-27562461-njnx:803:1386 [0] NCCL INFO Connected to proxy localRank 0 -> connection 0x7a3df4005120
gke-hypercomputer-a3-a3-high-flex-poo-27562461-njnx:803:1386 [0] NCCL INFO Channel 05/0 : 0[0] -> 1[1] via P2P/CUMEM
gke-hypercomputer-a3-a3-high-flex-poo-27562461-njnx:803:1369 [0] NCCL INFO New proxy send connection 5 from local rank 0, transport 0
gke-hypercomputer-a3-a3-high-flex-poo-27562461-njnx:803:1386 [0] NCCL INFO Connected to proxy localRank 0 -> connection 0x7a3df4005198
gke-hypercomputer-a3-a3-high-flex-poo-27562461-njnx:803:1386 [0] NCCL INFO Channel 06/0 : 0[0] -> 1[1] via P2P/CUMEM
gke-hypercomputer-a3-a3-high-flex-poo-27562461-njnx:803:1369 [0] NCCL INFO New proxy send connection 6 from local rank 0, transport 0
gke-hypercomputer-a3-a3-high-flex-poo-27562461-njnx:803:1386 [0] NCCL INFO Connected to proxy localRank 0 -> connection 0x7a3df4005210
gke-hypercomputer-a3-a3-high-flex-poo-27562461-njnx:803:1386 [0] NCCL INFO Channel 07/0 : 0[0] -> 1[1] via P2P/CUMEM
gke-hypercomputer-a3-a3-high-flex-poo-27562461-njnx:803:1369 [0] NCCL INFO New proxy send connection 7 from local rank 0, transport 0
gke-hypercomputer-a3-a3-high-flex-poo-27562461-njnx:803:1386 [0] NCCL INFO Connected to proxy localRank 0 -> connection 0x7a3df4005288
gke-hypercomputer-a3-a3-high-flex-poo-27562461-njnx:803:1386 [0] NCCL INFO Channel 08/0 : 0[0] -> 1[1] via P2P/CUMEM
gke-hypercomputer-a3-a3-high-flex-poo-27562461-njnx:803:1369 [0] NCCL INFO New proxy send connection 8 from local rank 0, transport 0
gke-hypercomputer-a3-a3-high-flex-poo-27562461-njnx:803:1386 [0] NCCL INFO Connected to proxy localRank 0 -> connection 0x7a3df4005300
gke-hypercomputer-a3-a3-high-flex-poo-27562461-njnx:803:1386 [0] NCCL INFO Channel 09/0 : 0[0] -> 1[1] via P2P/CUMEM
gke-hypercomputer-a3-a3-high-flex-poo-27562461-njnx:803:1369 [0] NCCL INFO New proxy send connection 9 from local rank 0, transport 0
gke-hypercomputer-a3-a3-high-flex-poo-27562461-njnx:803:1386 [0] NCCL INFO Connected to proxy localRank 0 -> connection 0x7a3df4005378
gke-hypercomputer-a3-a3-high-flex-poo-27562461-njnx:803:1386 [0] NCCL INFO Channel 10/0 : 0[0] -> 1[1] via P2P/CUMEM
gke-hypercomputer-a3-a3-high-flex-poo-27562461-njnx:803:1369 [0] NCCL INFO New proxy send connection 10 from local rank 0, transport 0
gke-hypercomputer-a3-a3-high-flex-poo-27562461-njnx:803:1386 [0] NCCL INFO Connected to proxy localRank 0 -> connection 0x7a3df40053f0
gke-hypercomputer-a3-a3-high-flex-poo-27562461-njnx:803:1386 [0] NCCL INFO Channel 11/0 : 0[0] -> 1[1] via P2P/CUMEM
gke-hypercomputer-a3-a3-high-flex-poo-27562461-njnx:803:1369 [0] NCCL INFO New proxy send connection 11 from local rank 0, transport 0
gke-hypercomputer-a3-a3-high-flex-poo-27562461-njnx:803:1386 [0] NCCL INFO Connected to proxy localRank 0 -> connection 0x7a3df4005468
gke-hypercomputer-a3-a3-high-flex-poo-27562461-njnx:803:1386 [0] NCCL INFO Channel 12/0 : 0[0] -> 1[1] via P2P/CUMEM
gke-hypercomputer-a3-a3-high-flex-poo-27562461-njnx:803:1369 [0] NCCL INFO New proxy send connection 12 from local rank 0, transport 0
gke-hypercomputer-a3-a3-high-flex-poo-27562461-njnx:803:1386 [0] NCCL INFO Connected to proxy localRank 0 -> connection 0x7a3df40054e0
gke-hypercomputer-a3-a3-high-flex-poo-27562461-njnx:803:1386 [0] NCCL INFO Channel 13/0 : 0[0] -> 1[1] via P2P/CUMEM
gke-hypercomputer-a3-a3-high-flex-poo-27562461-njnx:803:1369 [0] NCCL INFO New proxy send connection 13 from local rank 0, transport 0
gke-hypercomputer-a3-a3-high-flex-poo-27562461-njnx:803:1386 [0] NCCL INFO Connected to proxy localRank 0 -> connection 0x7a3df4005558
gke-hypercomputer-a3-a3-high-flex-poo-27562461-njnx:803:1386 [0] NCCL INFO Channel 14/0 : 0[0] -> 1[1] via P2P/CUMEM
gke-hypercomputer-a3-a3-high-flex-poo-27562461-njnx:803:1369 [0] NCCL INFO New proxy send connection 14 from local rank 0, transport 0
gke-hypercomputer-a3-a3-high-flex-poo-27562461-njnx:803:1386 [0] NCCL INFO Connected to proxy localRank 0 -> connection 0x7a3df40055d0
gke-hypercomputer-a3-a3-high-flex-poo-27562461-njnx:803:1386 [0] NCCL INFO Channel 15/0 : 0[0] -> 1[1] via P2P/CUMEM
gke-hypercomputer-a3-a3-high-flex-poo-27562461-njnx:803:1369 [0] NCCL INFO New proxy send connection 15 from local rank 0, transport 0
gke-hypercomputer-a3-a3-high-flex-poo-27562461-njnx:803:1386 [0] NCCL INFO Connected to proxy localRank 0 -> connection 0x7a3df4005648
gke-hypercomputer-a3-a3-high-flex-poo-27562461-njnx:803:1369 [0] NCCL INFO New proxy recv connection 16 from local rank 0, transport 2
gke-hypercomputer-a3-a3-high-flex-poo-27562461-njnx:803:1386 [0] NCCL INFO Connected to proxy localRank 0 -> connection 0x7a3df40056c0
gke-hypercomputer-a3-a3-high-flex-poo-27562461-njnx:803:1369 [0] NCCL INFO NET/Socket: Using 4 threads and 1 sockets per thread
gke-hypercomputer-a3-a3-high-flex-poo-27562461-njnx:803:1386 [0] NCCL INFO Channel 00/0 : 8[0] -> 0[0] [receive] via NET/Socket/0
gke-hypercomputer-a3-a3-high-flex-poo-27562461-njnx:803:1369 [0] NCCL INFO New proxy recv connection 17 from local rank 0, transport 2
gke-hypercomputer-a3-a3-high-flex-poo-27562461-njnx:803:1386 [0] NCCL INFO Connected to proxy localRank 0 -> connection 0x7a3df4005738
gke-hypercomputer-a3-a3-high-flex-poo-27562461-njnx:803:1369 [0] NCCL INFO NET/Socket: Using 4 threads and 1 sockets per thread
gke-hypercomputer-a3-a3-high-flex-poo-27562461-njnx:803:1386 [0] NCCL INFO Channel 01/0 : 8[0] -> 0[0] [receive] via NET/Socket/0
gke-hypercomputer-a3-a3-high-flex-poo-27562461-njnx:803:1369 [0] NCCL INFO New proxy recv connection 18 from local rank 0, transport 2
gke-hypercomputer-a3-a3-high-flex-poo-27562461-njnx:803:1386 [0] NCCL INFO Connected to proxy localRank 0 -> connection 0x7a3df40057b0
gke-hypercomputer-a3-a3-high-flex-poo-27562461-njnx:803:1369 [0] NCCL INFO NET/Socket: Using 4 threads and 1 sockets per thread
gke-hypercomputer-a3-a3-high-flex-poo-27562461-njnx:803:1386 [0] NCCL INFO Channel 02/0 : 8[0] -> 0[0] [receive] via NET/Socket/0
gke-hypercomputer-a3-a3-high-flex-poo-27562461-njnx:803:1369 [0] NCCL INFO New proxy recv connection 19 from local rank 0, transport 2
gke-hypercomputer-a3-a3-high-flex-poo-27562461-njnx:803:1386 [0] NCCL INFO Connected to proxy localRank 0 -> connection 0x7a3df4005828
gke-hypercomputer-a3-a3-high-flex-poo-27562461-njnx:803:1369 [0] NCCL INFO NET/Socket: Using 4 threads and 1 sockets per thread
gke-hypercomputer-a3-a3-high-flex-poo-27562461-njnx:803:1386 [0] NCCL INFO Channel 03/0 : 8[0] -> 0[0] [receive] via NET/Socket/0
gke-hypercomputer-a3-a3-high-flex-poo-27562461-njnx:803:1369 [0] NCCL INFO New proxy recv connection 20 from local rank 0, transport 2
gke-hypercomputer-a3-a3-high-flex-poo-27562461-njnx:803:1386 [0] NCCL INFO Connected to proxy localRank 0 -> connection 0x7a3df40058a0
gke-hypercomputer-a3-a3-high-flex-poo-27562461-njnx:803:1369 [0] NCCL INFO NET/Socket: Using 4 threads and 1 sockets per thread
gke-hypercomputer-a3-a3-high-flex-poo-27562461-njnx:803:1386 [0] NCCL INFO Channel 04/0 : 8[0] -> 0[0] [receive] via NET/Socket/0
gke-hypercomputer-a3-a3-high-flex-poo-27562461-njnx:803:1369 [0] NCCL INFO New proxy recv connection 21 from local rank 0, transport 2
gke-hypercomputer-a3-a3-high-flex-poo-27562461-njnx:803:1386 [0] NCCL INFO Connected to proxy localRank 0 -> connection 0x7a3df4005918
gke-hypercomputer-a3-a3-high-flex-poo-27562461-njnx:803:1369 [0] NCCL INFO NET/Socket: Using 4 threads and 1 sockets per thread
gke-hypercomputer-a3-a3-high-flex-poo-27562461-njnx:803:1386 [0] NCCL INFO Channel 05/0 : 8[0] -> 0[0] [receive] via NET/Socket/0
gke-hypercomputer-a3-a3-high-flex-poo-27562461-njnx:803:1369 [0] NCCL INFO New proxy recv connection 22 from local rank 0, transport 2
gke-hypercomputer-a3-a3-high-flex-poo-27562461-njnx:803:1386 [0] NCCL INFO Connected to proxy localRank 0 -> connection 0x7a3df4005990
gke-hypercomputer-a3-a3-high-flex-poo-27562461-njnx:803:1369 [0] NCCL INFO NET/Socket: Using 4 threads and 1 sockets per thread
gke-hypercomputer-a3-a3-high-flex-poo-27562461-njnx:803:1386 [0] NCCL INFO Channel 06/0 : 8[0] -> 0[0] [receive] via NET/Socket/0
gke-hypercomputer-a3-a3-high-flex-poo-27562461-njnx:803:1369 [0] NCCL INFO New proxy recv connection 23 from local rank 0, transport 2
gke-hypercomputer-a3-a3-high-flex-poo-27562461-njnx:803:1386 [0] NCCL INFO Connected to proxy localRank 0 -> connection 0x7a3df4005a08
gke-hypercomputer-a3-a3-high-flex-poo-27562461-njnx:803:1369 [0] NCCL INFO NET/Socket: Using 4 threads and 1 sockets per thread
gke-hypercomputer-a3-a3-high-flex-poo-27562461-njnx:803:1386 [0] NCCL INFO Channel 07/0 : 8[0] -> 0[0] [receive] via NET/Socket/0
gke-hypercomputer-a3-a3-high-flex-poo-27562461-njnx:803:1369 [0] NCCL INFO New proxy recv connection 24 from local rank 0, transport 2
gke-hypercomputer-a3-a3-high-flex-poo-27562461-njnx:803:1386 [0] NCCL INFO Connected to proxy localRank 0 -> connection 0x7a3df4005a80
gke-hypercomputer-a3-a3-high-flex-poo-27562461-njnx:803:1369 [0] NCCL INFO NET/Socket: Using 4 threads and 1 sockets per thread
gke-hypercomputer-a3-a3-high-flex-poo-27562461-njnx:803:1386 [0] NCCL INFO Channel 08/0 : 8[0] -> 0[0] [receive] via NET/Socket/0
gke-hypercomputer-a3-a3-high-flex-poo-27562461-njnx:803:1369 [0] NCCL INFO New proxy recv connection 25 from local rank 0, transport 2
gke-hypercomputer-a3-a3-high-flex-poo-27562461-njnx:803:1386 [0] NCCL INFO Connected to proxy localRank 0 -> connection 0x7a3df4005af8
gke-hypercomputer-a3-a3-high-flex-poo-27562461-njnx:803:1369 [0] NCCL INFO NET/Socket: Using 4 threads and 1 sockets per thread
gke-hypercomputer-a3-a3-high-flex-poo-27562461-njnx:803:1386 [0] NCCL INFO Channel 09/0 : 8[0] -> 0[0] [receive] via NET/Socket/0
gke-hypercomputer-a3-a3-high-flex-poo-27562461-njnx:803:1369 [0] NCCL INFO New proxy recv connection 26 from local rank 0, transport 2
gke-hypercomputer-a3-a3-high-flex-poo-27562461-njnx:803:1386 [0] NCCL INFO Connected to proxy localRank 0 -> connection 0x7a3df4005b70
gke-hypercomputer-a3-a3-high-flex-poo-27562461-njnx:803:1369 [0] NCCL INFO NET/Socket: Using 4 threads and 1 sockets per thread
gke-hypercomputer-a3-a3-high-flex-poo-27562461-njnx:803:1386 [0] NCCL INFO Channel 10/0 : 8[0] -> 0[0] [receive] via NET/Socket/0
gke-hypercomputer-a3-a3-high-flex-poo-27562461-njnx:803:1369 [0] NCCL INFO New proxy recv connection 27 from local rank 0, transport 2
gke-hypercomputer-a3-a3-high-flex-poo-27562461-njnx:803:1386 [0] NCCL INFO Connected to proxy localRank 0 -> connection 0x7a3df4005be8
gke-hypercomputer-a3-a3-high-flex-poo-27562461-njnx:803:1369 [0] NCCL INFO NET/Socket: Using 4 threads and 1 sockets per thread
gke-hypercomputer-a3-a3-high-flex-poo-27562461-njnx:803:1386 [0] NCCL INFO Channel 11/0 : 8[0] -> 0[0] [receive] via NET/Socket/0
gke-hypercomputer-a3-a3-high-flex-poo-27562461-njnx:803:1369 [0] NCCL INFO New proxy recv connection 28 from local rank 0, transport 2
gke-hypercomputer-a3-a3-high-flex-poo-27562461-njnx:803:1386 [0] NCCL INFO Connected to proxy localRank 0 -> connection 0x7a3df4005c60
gke-hypercomputer-a3-a3-high-flex-poo-27562461-njnx:803:1369 [0] NCCL INFO NET/Socket: Using 4 threads and 1 sockets per thread
gke-hypercomputer-a3-a3-high-flex-poo-27562461-njnx:803:1386 [0] NCCL INFO Channel 12/0 : 8[0] -> 0[0] [receive] via NET/Socket/0
gke-hypercomputer-a3-a3-high-flex-poo-27562461-njnx:803:1369 [0] NCCL INFO New proxy recv connection 29 from local rank 0, transport 2
gke-hypercomputer-a3-a3-high-flex-poo-27562461-njnx:803:1386 [0] NCCL INFO Connected to proxy localRank 0 -> connection 0x7a3df4005cd8
gke-hypercomputer-a3-a3-high-flex-poo-27562461-njnx:803:1369 [0] NCCL INFO NET/Socket: Using 4 threads and 1 sockets per thread
gke-hypercomputer-a3-a3-high-flex-poo-27562461-njnx:803:1386 [0] NCCL INFO Channel 13/0 : 8[0] -> 0[0] [receive] via NET/Socket/0
gke-hypercomputer-a3-a3-high-flex-poo-27562461-njnx:803:1369 [0] NCCL INFO New proxy recv connection 30 from local rank 0, transport 2
gke-hypercomputer-a3-a3-high-flex-poo-27562461-njnx:803:1386 [0] NCCL INFO Connected to proxy localRank 0 -> connection 0x7a3df4005d50
gke-hypercomputer-a3-a3-high-flex-poo-27562461-njnx:803:1369 [0] NCCL INFO NET/Socket: Using 4 threads and 1 sockets per thread
gke-hypercomputer-a3-a3-high-flex-poo-27562461-njnx:803:1386 [0] NCCL INFO Channel 14/0 : 8[0] -> 0[0] [receive] via NET/Socket/0
gke-hypercomputer-a3-a3-high-flex-poo-27562461-njnx:803:1369 [0] NCCL INFO New proxy recv connection 31 from local rank 0, transport 2
gke-hypercomputer-a3-a3-high-flex-poo-27562461-njnx:803:1386 [0] NCCL INFO Connected to proxy localRank 0 -> connection 0x7a3df4005dc8
gke-hypercomputer-a3-a3-high-flex-poo-27562461-njnx:803:1369 [0] NCCL INFO NET/Socket: Using 4 threads and 1 sockets per thread
gke-hypercomputer-a3-a3-high-flex-poo-27562461-njnx:803:1386 [0] NCCL INFO Channel 15/0 : 8[0] -> 0[0] [receive] via NET/Socket/0
gke-hypercomputer-a3-a3-high-flex-poo-27562461-njnx:803:1369 [0] NCCL INFO New proxy send connection 32 from local rank 0, transport 2
gke-hypercomputer-a3-a3-high-flex-poo-27562461-njnx:803:1386 [0] NCCL INFO Connected to proxy localRank 0 -> connection 0x7a3df4005e40
gke-hypercomputer-a3-a3-high-flex-poo-27562461-njnx:803:1386 [0] NCCL INFO Channel 00/0 : 0[0] -> 8[0] [send] via NET/Socket/0
gke-hypercomputer-a3-a3-high-flex-poo-27562461-njnx:803:1369 [0] NCCL INFO New proxy send connection 33 from local rank 0, transport 2
gke-hypercomputer-a3-a3-high-flex-poo-27562461-njnx:803:1386 [0] NCCL INFO Connected to proxy localRank 0 -> connection 0x7a3df4005eb8
gke-hypercomputer-a3-a3-high-flex-poo-27562461-njnx:803:1386 [0] NCCL INFO Channel 01/0 : 0[0] -> 8[0] [send] via NET/Socket/0
gke-hypercomputer-a3-a3-high-flex-poo-27562461-njnx:803:1369 [0] NCCL INFO New proxy send connection 34 from local rank 0, transport 2
gke-hypercomputer-a3-a3-high-flex-poo-27562461-njnx:803:1386 [0] NCCL INFO Connected to proxy localRank 0 -> connection 0x7a3df4005f30
gke-hypercomputer-a3-a3-high-flex-poo-27562461-njnx:803:1386 [0] NCCL INFO Channel 02/0 : 0[0] -> 8[0] [send] via NET/Socket/0
gke-hypercomputer-a3-a3-high-flex-poo-27562461-njnx:803:1369 [0] NCCL INFO New proxy send connection 35 from local rank 0, transport 2
gke-hypercomputer-a3-a3-high-flex-poo-27562461-njnx:803:1386 [0] NCCL INFO Connected to proxy localRank 0 -> connection 0x7a3df4005fa8
gke-hypercomputer-a3-a3-high-flex-poo-27562461-njnx:803:1386 [0] NCCL INFO Channel 03/0 : 0[0] -> 8[0] [send] via NET/Socket/0
gke-hypercomputer-a3-a3-high-flex-poo-27562461-njnx:803:1369 [0] NCCL INFO New proxy send connection 36 from local rank 0, transport 2
gke-hypercomputer-a3-a3-high-flex-poo-27562461-njnx:803:1386 [0] NCCL INFO Connected to proxy localRank 0 -> connection 0x7a3df4006020
gke-hypercomputer-a3-a3-high-flex-poo-27562461-njnx:803:1386 [0] NCCL INFO Channel 04/0 : 0[0] -> 8[0] [send] via NET/Socket/0
gke-hypercomputer-a3-a3-high-flex-poo-27562461-njnx:803:1369 [0] NCCL INFO New proxy send connection 37 from local rank 0, transport 2
gke-hypercomputer-a3-a3-high-flex-poo-27562461-njnx:803:1386 [0] NCCL INFO Connected to proxy localRank 0 -> connection 0x7a3df4006098
gke-hypercomputer-a3-a3-high-flex-poo-27562461-njnx:803:1386 [0] NCCL INFO Channel 05/0 : 0[0] -> 8[0] [send] via NET/Socket/0
gke-hypercomputer-a3-a3-high-flex-poo-27562461-njnx:803:1369 [0] NCCL INFO New proxy send connection 38 from local rank 0, transport 2
gke-hypercomputer-a3-a3-high-flex-poo-27562461-njnx:803:1386 [0] NCCL INFO Connected to proxy localRank 0 -> connection 0x7a3df4006110
gke-hypercomputer-a3-a3-high-flex-poo-27562461-njnx:803:1386 [0] NCCL INFO Channel 06/0 : 0[0] -> 8[0] [send] via NET/Socket/0
gke-hypercomputer-a3-a3-high-flex-poo-27562461-njnx:803:1369 [0] NCCL INFO New proxy send connection 39 from local rank 0, transport 2
gke-hypercomputer-a3-a3-high-flex-poo-27562461-njnx:803:1386 [0] NCCL INFO Connected to proxy localRank 0 -> connection 0x7a3df4006188
gke-hypercomputer-a3-a3-high-flex-poo-27562461-njnx:803:1386 [0] NCCL INFO Channel 07/0 : 0[0] -> 8[0] [send] via NET/Socket/0
gke-hypercomputer-a3-a3-high-flex-poo-27562461-njnx:803:1369 [0] NCCL INFO New proxy send connection 40 from local rank 0, transport 2
gke-hypercomputer-a3-a3-high-flex-poo-27562461-njnx:803:1386 [0] NCCL INFO Connected to proxy localRank 0 -> connection 0x7a3df4006200
gke-hypercomputer-a3-a3-high-flex-poo-27562461-njnx:803:1386 [0] NCCL INFO Channel 08/0 : 0[0] -> 8[0] [send] via NET/Socket/0
gke-hypercomputer-a3-a3-high-flex-poo-27562461-njnx:803:1369 [0] NCCL INFO New proxy send connection 41 from local rank 0, transport 2
gke-hypercomputer-a3-a3-high-flex-poo-27562461-njnx:803:1386 [0] NCCL INFO Connected to proxy localRank 0 -> connection 0x7a3df4006278
gke-hypercomputer-a3-a3-high-flex-poo-27562461-njnx:803:1386 [0] NCCL INFO Channel 09/0 : 0[0] -> 8[0] [send] via NET/Socket/0
gke-hypercomputer-a3-a3-high-flex-poo-27562461-njnx:803:1369 [0] NCCL INFO New proxy send connection 42 from local rank 0, transport 2
gke-hypercomputer-a3-a3-high-flex-poo-27562461-njnx:803:1386 [0] NCCL INFO Connected to proxy localRank 0 -> connection 0x7a3df40062f0
gke-hypercomputer-a3-a3-high-flex-poo-27562461-njnx:803:1386 [0] NCCL INFO Channel 10/0 : 0[0] -> 8[0] [send] via NET/Socket/0
gke-hypercomputer-a3-a3-high-flex-poo-27562461-njnx:803:1369 [0] NCCL INFO New proxy send connection 43 from local rank 0, transport 2
gke-hypercomputer-a3-a3-high-flex-poo-27562461-njnx:803:1386 [0] NCCL INFO Connected to proxy localRank 0 -> connection 0x7a3df4006368
gke-hypercomputer-a3-a3-high-flex-poo-27562461-njnx:803:1386 [0] NCCL INFO Channel 11/0 : 0[0] -> 8[0] [send] via NET/Socket/0
gke-hypercomputer-a3-a3-high-flex-poo-27562461-njnx:803:1369 [0] NCCL INFO New proxy send connection 44 from local rank 0, transport 2
gke-hypercomputer-a3-a3-high-flex-poo-27562461-njnx:803:1386 [0] NCCL INFO Connected to proxy localRank 0 -> connection 0x7a3df40063e0
gke-hypercomputer-a3-a3-high-flex-poo-27562461-njnx:803:1386 [0] NCCL INFO Channel 12/0 : 0[0] -> 8[0] [send] via NET/Socket/0
gke-hypercomputer-a3-a3-high-flex-poo-27562461-njnx:803:1369 [0] NCCL INFO New proxy send connection 45 from local rank 0, transport 2
gke-hypercomputer-a3-a3-high-flex-poo-27562461-njnx:803:1386 [0] NCCL INFO Connected to proxy localRank 0 -> connection 0x7a3df4006458
gke-hypercomputer-a3-a3-high-flex-poo-27562461-njnx:803:1386 [0] NCCL INFO Channel 13/0 : 0[0] -> 8[0] [send] via NET/Socket/0
gke-hypercomputer-a3-a3-high-flex-poo-27562461-njnx:803:1369 [0] NCCL INFO New proxy send connection 46 from local rank 0, transport 2
gke-hypercomputer-a3-a3-high-flex-poo-27562461-njnx:803:1386 [0] NCCL INFO Connected to proxy localRank 0 -> connection 0x7a3df40064d0
gke-hypercomputer-a3-a3-high-flex-poo-27562461-njnx:803:1386 [0] NCCL INFO Channel 14/0 : 0[0] -> 8[0] [send] via NET/Socket/0
gke-hypercomputer-a3-a3-high-flex-poo-27562461-njnx:803:1369 [0] NCCL INFO New proxy send connection 47 from local rank 0, transport 2
gke-hypercomputer-a3-a3-high-flex-poo-27562461-njnx:803:1386 [0] NCCL INFO Connected to proxy localRank 0 -> connection 0x7a3df4006548
gke-hypercomputer-a3-a3-high-flex-poo-27562461-njnx:803:1386 [0] NCCL INFO Channel 15/0 : 0[0] -> 8[0] [send] via NET/Socket/0
gke-hypercomputer-a3-a3-high-flex-poo-27562461-njnx:803:1369 [0] NCCL INFO New proxy recv connection 48 from local rank 0, transport 0
gke-hypercomputer-a3-a3-high-flex-poo-27562461-njnx:803:1386 [0] NCCL INFO Connected to proxy localRank 0 -> connection 0x7a3df40065c0
gke-hypercomputer-a3-a3-high-flex-poo-27562461-njnx:803:1369 [0] NCCL INFO New proxy recv connection 49 from local rank 0, transport 0
gke-hypercomputer-a3-a3-high-flex-poo-27562461-njnx:803:1386 [0] NCCL INFO Connected to proxy localRank 0 -> connection 0x7a3df4006638
gke-hypercomputer-a3-a3-high-flex-poo-27562461-njnx:803:1369 [0] NCCL INFO New proxy recv connection 50 from local rank 0, transport 0
gke-hypercomputer-a3-a3-high-flex-poo-27562461-njnx:803:1386 [0] NCCL INFO Connected to proxy localRank 0 -> connection 0x7a3df40066b0
gke-hypercomputer-a3-a3-high-flex-poo-27562461-njnx:803:1369 [0] NCCL INFO New proxy recv connection 51 from local rank 0, transport 0
gke-hypercomputer-a3-a3-high-flex-poo-27562461-njnx:803:1386 [0] NCCL INFO Connected to proxy localRank 0 -> connection 0x7a3df4006728
gke-hypercomputer-a3-a3-high-flex-poo-27562461-njnx:803:1369 [0] NCCL INFO New proxy recv connection 52 from local rank 0, transport 0
gke-hypercomputer-a3-a3-high-flex-poo-27562461-njnx:803:1386 [0] NCCL INFO Connected to proxy localRank 0 -> connection 0x7a3df40067a0
gke-hypercomputer-a3-a3-high-flex-poo-27562461-njnx:803:1369 [0] NCCL INFO New proxy recv connection 53 from local rank 0, transport 0
gke-hypercomputer-a3-a3-high-flex-poo-27562461-njnx:803:1386 [0] NCCL INFO Connected to proxy localRank 0 -> connection 0x7a3df4006818
gke-hypercomputer-a3-a3-high-flex-poo-27562461-njnx:803:1369 [0] NCCL INFO New proxy recv connection 54 from local rank 0, transport 0
gke-hypercomputer-a3-a3-high-flex-poo-27562461-njnx:803:1386 [0] NCCL INFO Connected to proxy localRank 0 -> connection 0x7a3df4006890
gke-hypercomputer-a3-a3-high-flex-poo-27562461-njnx:803:1369 [0] NCCL INFO New proxy recv connection 55 from local rank 0, transport 0
gke-hypercomputer-a3-a3-high-flex-poo-27562461-njnx:803:1386 [0] NCCL INFO Connected to proxy localRank 0 -> connection 0x7a3df4006908
gke-hypercomputer-a3-a3-high-flex-poo-27562461-njnx:803:1369 [0] NCCL INFO New proxy recv connection 56 from local rank 0, transport 0
gke-hypercomputer-a3-a3-high-flex-poo-27562461-njnx:803:1386 [0] NCCL INFO Connected to proxy localRank 0 -> connection 0x7a3df4006980
gke-hypercomputer-a3-a3-high-flex-poo-27562461-njnx:803:1369 [0] NCCL INFO New proxy recv connection 57 from local rank 0, transport 0
gke-hypercomputer-a3-a3-high-flex-poo-27562461-njnx:803:1386 [0] NCCL INFO Connected to proxy localRank 0 -> connection 0x7a3df40069f8
gke-hypercomputer-a3-a3-high-flex-poo-27562461-njnx:803:1369 [0] NCCL INFO New proxy recv connection 58 from local rank 0, transport 0
gke-hypercomputer-a3-a3-high-flex-poo-27562461-njnx:803:1386 [0] NCCL INFO Connected to proxy localRank 0 -> connection 0x7a3df4006a70
gke-hypercomputer-a3-a3-high-flex-poo-27562461-njnx:803:1369 [0] NCCL INFO New proxy recv connection 59 from local rank 0, transport 0
gke-hypercomputer-a3-a3-high-flex-poo-27562461-njnx:803:1386 [0] NCCL INFO Connected to proxy localRank 0 -> connection 0x7a3df4006ae8
gke-hypercomputer-a3-a3-high-flex-poo-27562461-njnx:803:1369 [0] NCCL INFO New proxy recv connection 60 from local rank 0, transport 0
gke-hypercomputer-a3-a3-high-flex-poo-27562461-njnx:803:1386 [0] NCCL INFO Connected to proxy localRank 0 -> connection 0x7a3df4006b60
gke-hypercomputer-a3-a3-high-flex-poo-27562461-njnx:803:1369 [0] NCCL INFO New proxy recv connection 61 from local rank 0, transport 0
gke-hypercomputer-a3-a3-high-flex-poo-27562461-njnx:803:1386 [0] NCCL INFO Connected to proxy localRank 0 -> connection 0x7a3df4006bd8
gke-hypercomputer-a3-a3-high-flex-poo-27562461-njnx:803:1369 [0] NCCL INFO New proxy recv connection 62 from local rank 0, transport 0
gke-hypercomputer-a3-a3-high-flex-poo-27562461-njnx:803:1386 [0] NCCL INFO Connected to proxy localRank 0 -> connection 0x7a3df4006c50
gke-hypercomputer-a3-a3-high-flex-poo-27562461-njnx:803:1369 [0] NCCL INFO New proxy recv connection 63 from local rank 0, transport 0
gke-hypercomputer-a3-a3-high-flex-poo-27562461-njnx:803:1386 [0] NCCL INFO Connected to proxy localRank 0 -> connection 0x7a3df4006cc8
gke-hypercomputer-a3-a3-high-flex-poo-27562461-njnx:803:1386 [0] NCCL INFO Connected all trees
gke-hypercomputer-a3-a3-high-flex-poo-27562461-njnx:803:1525 [0] NCCL INFO NVLS comm 0x5b4c910f8440 headRank 0 nHeads 1 buffSize 1048576 nvlsPerRankSize 33554432 nvlsTotalSize 33554432
gke-hypercomputer-a3-a3-high-flex-poo-27562461-njnx:803:1525 [0] NCCL INFO Connected NVLS tree
gke-hypercomputer-a3-a3-high-flex-poo-27562461-njnx:803:1527 [0] NCCL INFO socketProgressOpt: abort called
gke-hypercomputer-a3-a3-high-flex-poo-27562461-njnx:803:1527 [0] NCCL INFO misc/socket.cc:47 -> 3
gke-hypercomputer-a3-a3-high-flex-poo-27562461-njnx:803:1527 [0] NCCL INFO misc/socket.cc:550 -> 3
gke-hypercomputer-a3-a3-high-flex-poo-27562461-njnx:803:1527 [0] NCCL INFO misc/socket.cc:573 -> 3
gke-hypercomputer-a3-a3-high-flex-poo-27562461-njnx:803:1527 [0] NCCL INFO misc/socket.cc:621 -> 3
gke-hypercomputer-a3-a3-high-flex-poo-27562461-njnx:803:1369 [0] NCCL INFO socketProgressOpt: abort called
gke-hypercomputer-a3-a3-high-flex-poo-27562461-njnx:803:1369 [0] NCCL INFO misc/socket.cc:47 -> 3
gke-hypercomputer-a3-a3-high-flex-poo-27562461-njnx:803:1369 [0] NCCL INFO misc/socket.cc:752 -> 3
gke-hypercomputer-a3-a3-high-flex-poo-27562461-njnx:803:1369 [0] NCCL INFO misc/socket.cc:428 -> 3
gke-hypercomputer-a3-a3-high-flex-poo-27562461-njnx:803:1369 [0] NCCL INFO misc/socket.cc:564 -> 3
gke-hypercomputer-a3-a3-high-flex-poo-27562461-njnx:803:1369 [0] NCCL INFO misc/socket.cc:668 -> 3

gke-hypercomputer-a3-a3-high-flex-poo-27562461-njnx:803:1369 [0] proxy.cc:1458 NCCL WARN [Service thread] Accept failed Operation now in progress
gke-hypercomputer-a3-a3-high-flex-poo-27562461-njnx:803:1527 [0] NCCL INFO socketProgressOpt: abort called
gke-hypercomputer-a3-a3-high-flex-poo-27562461-njnx:803:1527 [0] NCCL INFO misc/socket.cc:47 -> 3
gke-hypercomputer-a3-a3-high-flex-poo-27562461-njnx:803:1527 [0] NCCL INFO misc/socket.cc:58 -> 3
gke-h# world_size=16  backend=nccl  warmup=5 iters=15
#       size        count    time_ms   algbw_GBps   busbw_GBps
          8B            2      0.175         0.00         0.00
         16B            4      0.109         0.00         0.00
         32B            8      0.109         0.00         0.00
         64B           16      0.104         0.00         0.00
        128B           32      0.100         0.00         0.00
        256B           64      0.106         0.00         0.00
        512B          128      0.106         0.00         0.01
         1KB          256      0.114         0.01         0.02
         2KB          512      0.132         0.02         0.03
         4KB         1024      0.146         0.03         0.05
         8KB         2048      0.148         0.06         0.10
        16KB         4096      0.209         0.08         0.15
        32KB         8192      0.200         0.16         0.31
        64KB        16384      0.318         0.21         0.39
       128KB        32768      0.349         0.38         0.70
       256KB        65536      0.367         0.72         1.34
       512KB       131072      0.379         1.38         2.59
         1MB       262144      0.440         2.38         4.47
         2MB       524288      0.680         3.08         5.78
         4MB      1048576      1.182         3.55         6.65
         8MB      2097152      1.487         5.64        10.57
        16MB      4194304      2.081         8.06        15.11
        32MB      8388608      3.396         9.88        18.53
        64MB     16777216      5.925        11.33        21.24
       128MB     33554432     11.908        11.27        21.13
       256MB     67108864     21.917        12.25        22.96
       512MB    134217728     42.466        12.64        23.70
         1GB    268435456     93.413        11.49        21.55
# done
ypercomputer-a3-a3-high-flex-poo-27562461-njnx:803:1527 [0] NCCL INFO misc/socket.cc:775 -> 3
gke-hypercomputer-a3-a3-high-flex-poo-27562461-njnx:803:1369 [0] NCCL INFO socketProgressOpt: abort called
gke-hypercomputer-a3-a3-high-flex-poo-27562461-njnx:803:1369 [0] NCCL INFO misc/socket.cc:826 -> 3

gke-hypercomputer-a3-a3-high-flex-poo-27562461-njnx:803:1369 [0] proxy.cc:1497 NCCL WARN [Service thread] Could not receive type from localRank 0, res=3, closed=0

gke-hypercomputer-a3-a3-high-flex-poo-27562461-njnx:803:1369 [0] proxy.cc:1521 NCCL WARN [Proxy Service 0] Failed to execute operation Close from rank 0, retcode 3
gke-hypercomputer-a3-a3-high-flex-poo-27562461-njnx:803:1527 [0] NCCL INFO comm 0x5b4c910f8440 rank 0 nranks 16 cudaDev 0 busId 4000 - Abort COMPLETE
gke-hypercomputer-a3-a3-high-flex-poo-27562461-njnx:803:1527 [0] NCCL INFO NET/Plugin: Closing net plugin 'IBext_v8'
gke-hypercomputer-a3-a3-high-flex-poo-27562461-njnx:803:1527 [0] NCCL INFO NET/Plugin: Closing collnet plugin 'SHARP'
