gke-hypercomputer-a3-a3-high-flex-poo-27562461-njnx:97:97 [0] NCCL INFO NCCL_SOCKET_IFNAME set to eth0
gke-hypercomputer-a3-a3-high-flex-poo-27562461-njnx:97:97 [0] NCCL INFO Bootstrap : Using eth0:10.140.0.7<0>
gke-hypercomputer-a3-a3-high-flex-poo-27562461-njnx:97:97 [0] NCCL INFO cudaDriverVersion 13000
gke-hypercomputer-a3-a3-high-flex-poo-27562461-njnx:97:97 [0] NCCL INFO NCCL version 2.22.3+cuda12.6
gke-hypercomputer-a3-a3-high-flex-poo-27562461-njnx:97:651 [0] NCCL INFO Plugin Path : /opt/hpcx/nccl_rdma_sharp_plugin/lib/libnccl-net.so
gke-hypercomputer-a3-a3-high-flex-poo-27562461-njnx:97:651 [0] NCCL INFO P2P plugin v8 IBext_v8
gke-hypercomputer-a3-a3-high-flex-poo-27562461-njnx:97:651 [0] NCCL INFO NCCL_SOCKET_IFNAME set to eth0
gke-hypercomputer-a3-a3-high-flex-poo-27562461-njnx:97:651 [0] NCCL INFO NET/IB : No device found.
gke-hypercomputer-a3-a3-high-flex-poo-27562461-njnx:97:651 [0] NCCL INFO NET/IB : No device found.
gke-hypercomputer-a3-a3-high-flex-poo-27562461-njnx:97:651 [0] NCCL INFO NET/Socket : Using [0]eth0:10.140.0.7<0>
gke-hypercomputer-a3-a3-high-flex-poo-27562461-njnx:97:651 [0] NCCL INFO Using network Socket
gke-hypercomputer-a3-a3-high-flex-poo-27562461-njnx:97:651 [0] NCCL INFO ncclCommInitRank comm 0x5b36da747820 rank 0 nranks 8 cudaDev 0 nvmlDev 0 busId 4000 commId 0x198494d9d2cf3dda - Init START
gke-hypercomputer-a3-a3-high-flex-poo-27562461-njnx:97:651 [0] NCCL INFO MNNVL busId 0x4000 fabric UUID 0.0 cliqueId 0x0 state 3 healthMask 0x0
gke-hypercomputer-a3-a3-high-flex-poo-27562461-njnx:97:651 [0] NCCL INFO Could not find real path of /sys/class/pci_bus/fffffff/../../fffffff:ff:f
gke-hypercomputer-a3-a3-high-flex-poo-27562461-njnx:97:651 [0] NCCL INFO Topology detection : could not read /sys/devices/pci0000:00/0000:00:0c.0/max_link_speed, ignoring
gke-hypercomputer-a3-a3-high-flex-poo-27562461-njnx:97:651 [0] NCCL INFO Topology detection : could not read /sys/devices/pci0000:00/0000:00:0c.0/../max_link_speed, ignoring
gke-hypercomputer-a3-a3-high-flex-poo-27562461-njnx:97:651 [0] NCCL INFO Topology detection : could not read /sys/devices/pci0000:00/0000:00:0c.0/max_link_width, ignoring
gke-hypercomputer-a3-a3-high-flex-poo-27562461-njnx:97:651 [0] NCCL INFO Topology detection : could not read /sys/devices/pci0000:00/0000:00:0c.0/../max_link_width, ignoring
gke-hypercomputer-a3-a3-high-flex-poo-27562461-njnx:97:651 [0] NCCL INFO NET/Socket : GPU Direct RDMA Disabled for HCA 0 'eth0'
gke-hypercomputer-a3-a3-high-flex-poo-27562461-njnx:97:651 [0] NCCL INFO KV Convert to int : could not find value of '' in dictionary, falling back to 60
gke-hypercomputer-a3-a3-high-flex-poo-27562461-njnx:97:651 [0] NCCL INFO === System : maxBw 370.8 totalBw 370.8 ===
gke-hypercomputer-a3-a3-high-flex-poo-27562461-njnx:97:651 [0] NCCL INFO CPU/0-0 (1/1/2)
gke-hypercomputer-a3-a3-high-flex-poo-27562461-njnx:97:651 [0] NCCL INFO + PCI[24.0] - PCI/0-2000 (10b5879610b58796)
gke-hypercomputer-a3-a3-high-flex-poo-27562461-njnx:97:651 [0] NCCL INFO               + PCI[24.0] - GPU/0-4000 (0)
gke-hypercomputer-a3-a3-high-flex-poo-27562461-njnx:97:651 [0] NCCL INFO                             + NVL[370.8] - NVS/0
gke-hypercomputer-a3-a3-high-flex-poo-27562461-njnx:97:651 [0] NCCL INFO               + PCI[24.0] - GPU/0-5000 (1)
gke-hypercomputer-a3-a3-high-flex-poo-27562461-njnx:97:651 [0] NCCL INFO                             + NVL[370.8] - NVS/0
gke-hypercomputer-a3-a3-high-flex-poo-27562461-njnx:97:651 [0] NCCL INFO + PCI[24.0] - PCI/0-8000 (10b5879610b58796)
gke-hypercomputer-a3-a3-high-flex-poo-27562461-njnx:97:651 [0] NCCL INFO               + PCI[24.0] - GPU/0-a000 (2)
gke-hypercomputer-a3-a3-high-flex-poo-27562461-njnx:97:651 [0] NCCL INFO                             + NVL[370.8] - NVS/0
gke-hypercomputer-a3-a3-high-flex-poo-27562461-njnx:97:651 [0] NCCL INFO               + PCI[24.0] - GPU/0-b000 (3)
gke-hypercomputer-a3-a3-high-flex-poo-27562461-njnx:97:651 [0] NCCL INFO                             + NVL[370.8] - NVS/0
gke-hypercomputer-a3-a3-high-flex-poo-27562461-njnx:97:651 [0] NCCL INFO + PCI[12.0] - NIC/0-c0
gke-hypercomputer-a3-a3-high-flex-poo-27562461-njnx:97:651 [0] NCCL INFO + SYS[10.0] - CPU/1
gke-hypercomputer-a3-a3-high-flex-poo-27562461-njnx:97:651 [0] NCCL INFO CPU/0-1 (1/1/2)
gke-hypercomputer-a3-a3-high-flex-poo-27562461-njnx:97:651 [0] NCCL INFO + PCI[24.0] - PCI/0-82000 (10b5879610b58796)
gke-hypercomputer-a3-a3-high-flex-poo-27562461-njnx:97:651 [0] NCCL INFO               + PCI[24.0] - GPU/0-84000 (4)
gke-hypercomputer-a3-a3-high-flex-poo-27562461-njnx:97:651 [0] NCCL INFO                             + NVL[370.8] - NVS/0
gke-hypercomputer-a3-a3-high-flex-poo-27562461-njnx:97:651 [0] NCCL INFO               + PCI[24.0] - GPU/0-85000 (5)
gke-hypercomputer-a3-a3-high-flex-poo-27562461-njnx:97:651 [0] NCCL INFO                             + NVL[370.8] - NVS/0
gke-hypercomputer-a3-a3-high-flex-poo-27562461-njnx:97:651 [0] NCCL INFO + PCI[24.0] - PCI/0-88000 (10b5879610b58796)
gke-hypercomputer-a3-a3-high-flex-poo-27562461-njnx:97:651 [0] NCCL INFO               + PCI[24.0] - GPU/0-8a000 (6)
gke-hypercomputer-a3-a3-high-flex-poo-27562461-njnx:97:651 [0] NCCL INFO                             + NVL[370.8] - NVS/0
gke-hypercomputer-a3-a3-high-flex-poo-27562461-njnx:97:651 [0] NCCL INFO               + PCI[24.0] - GPU/0-8b000 (7)
gke-hypercomputer-a3-a3-high-flex-poo-27562461-njnx:97:651 [0] NCCL INFO                             + NVL[370.8] - NVS/0
gke-hypercomputer-a3-a3-high-flex-poo-27562461-njnx:97:651 [0] NCCL INFO + SYS[10.0] - CPU/0
gke-hypercomputer-a3-a3-high-flex-poo-27562461-njnx:97:651 [0] NCCL INFO ==========================================
gke-hypercomputer-a3-a3-high-flex-poo-27562461-njnx:97:651 [0] NCCL INFO GPU/4000 :GPU/0-4000 (0/5000.0/LOC) GPU/0-5000 (2/370.8/NVL) GPU/0-a000 (2/370.8/NVL) GPU/0-b000 (2/370.8/NVL) GPU/0-84000 (2/370.8/NVL) GPU/0-85000 (2/370.8/NVL) GPU/0-8a000 (2/370.8/NVL) GPU/0-8b000 (2/370.8/NVL) NVS/0-0 (1/370.8/NVL) CPU/0-0 (2/24.0/PHB) CPU/0-1 (3/10.0/SYS) 
gke-hypercomputer-a3-a3-high-flex-poo-27562461-njnx:97:651 [0] NCCL INFO GPU/5000 :GPU/0-4000 (2/370.8/NVL) GPU/0-5000 (0/5000.0/LOC) GPU/0-a000 (2/370.8/NVL) GPU/0-b000 (2/370.8/NVL) GPU/0-84000 (2/370.8/NVL) GPU/0-85000 (2/370.8/NVL) GPU/0-8a000 (2/370.8/NVL) GPU/0-8b000 (2/370.8/NVL) NVS/0-0 (1/370.8/NVL) CPU/0-0 (2/24.0/PHB) CPU/0-1 (3/10.0/SYS) 
gke-hypercomputer-a3-a3-high-flex-poo-27562461-njnx:97:651 [0] NCCL INFO GPU/A000 :GPU/0-4000 (2/370.8/NVL) GPU/0-5000 (2/370.8/NVL) GPU/0-a000 (0/5000.0/LOC) GPU/0-b000 (2/370.8/NVL) GPU/0-84000 (2/370.8/NVL) GPU/0-85000 (2/370.8/NVL) GPU/0-8a000 (2/370.8/NVL) GPU/0-8b000 (2/370.8/NVL) NVS/0-0 (1/370.8/NVL) CPU/0-0 (2/24.0/PHB) CPU/0-1 (3/10.0/SYS) 
gke-hypercomputer-a3-a3-high-flex-poo-27562461-njnx:97:651 [0] NCCL INFO GPU/B000 :GPU/0-4000 (2/370.8/NVL) GPU/0-5000 (2/370.8/NVL) GPU/0-a000 (2/370.8/NVL) GPU/0-b000 (0/5000.0/LOC) GPU/0-84000 (2/370.8/NVL) GPU/0-85000 (2/370.8/NVL) GPU/0-8a000 (2/370.8/NVL) GPU/0-8b000 (2/370.8/NVL) NVS/0-0 (1/370.8/NVL) CPU/0-0 (2/24.0/PHB) CPU/0-1 (3/10.0/SYS) 
gke-hypercomputer-a3-a3-high-flex-poo-27562461-njnx:97:651 [0] NCCL INFO GPU/84000 :GPU/0-4000 (2/370.8/NVL) GPU/0-5000 (2/370.8/NVL) GPU/0-a000 (2/370.8/NVL) GPU/0-b000 (2/370.8/NVL) GPU/0-84000 (0/5000.0/LOC) GPU/0-85000 (2/370.8/NVL) GPU/0-8a000 (2/370.8/NVL) GPU/0-8b000 (2/370.8/NVL) NVS/0-0 (1/370.8/NVL) CPU/0-0 (3/10.0/SYS) CPU/0-1 (2/24.0/PHB) 
gke-hypercomputer-a3-a3-high-flex-poo-27562461-njnx:97:651 [0] NCCL INFO GPU/85000 :GPU/0-4000 (2/370.8/NVL) GPU/0-5000 (2/370.8/NVL) GPU/0-a000 (2/370.8/NVL) GPU/0-b000 (2/370.8/NVL) GPU/0-84000 (2/370.8/NVL) GPU/0-85000 (0/5000.0/LOC) GPU/0-8a000 (2/370.8/NVL) GPU/0-8b000 (2/370.8/NVL) NVS/0-0 (1/370.8/NVL) CPU/0-0 (3/10.0/SYS) CPU/0-1 (2/24.0/PHB) 
gke-hypercomputer-a3-a3-high-flex-poo-27562461-njnx:97:651 [0] NCCL INFO GPU/8A000 :GPU/0-4000 (2/370.8/NVL) GPU/0-5000 (2/370.8/NVL) GPU/0-a000 (2/370.8/NVL) GPU/0-b000 (2/370.8/NVL) GPU/0-84000 (2/370.8/NVL) GPU/0-85000 (2/370.8/NVL) GPU/0-8a000 (0/5000.0/LOC) GPU/0-8b000 (2/370.8/NVL) NVS/0-0 (1/370.8/NVL) CPU/0-0 (3/10.0/SYS) CPU/0-1 (2/24.0/PHB) 
gke-hypercomputer-a3-a3-high-flex-poo-27562461-njnx:97:651 [0] NCCL INFO GPU/8B000 :GPU/0-4000 (2/370.8/NVL) GPU/0-5000 (2/370.8/NVL) GPU/0-a000 (2/370.8/NVL) GPU/0-b000 (2/370.8/NVL) GPU/0-84000 (2/370.8/NVL) GPU/0-85000 (2/370.8/NVL) GPU/0-8a000 (2/370.8/NVL) GPU/0-8b000 (0/5000.0/LOC) NVS/0-0 (1/370.8/NVL) CPU/0-0 (3/10.0/SYS) CPU/0-1 (2/24.0/PHB) 
gke-hypercomputer-a3-a3-high-flex-poo-27562461-njnx:97:651 [0] NCCL INFO Setting affinity for GPU 0 to 0fffffff,ffffff00,00000000,000fffff,ffffffff
gke-hypercomputer-a3-a3-high-flex-poo-27562461-njnx:97:651 [0] NCCL INFO NVLS multicast support is available on dev 0
gke-hypercomputer-a3-a3-high-flex-poo-27562461-njnx:97:651 [0] NCCL INFO Pattern 4, crossNic 0, nChannels 12, bw 30.000000/30.000000, type NVL/PIX, sameChannels 1
gke-hypercomputer-a3-a3-high-flex-poo-27562461-njnx:97:651 [0] NCCL INFO  0 : GPU/0 GPU/1 GPU/2 GPU/3 GPU/4 GPU/5 GPU/6 GPU/7
gke-hypercomputer-a3-a3-high-flex-poo-27562461-njnx:97:651 [0] NCCL INFO  1 : GPU/0 GPU/1 GPU/2 GPU/3 GPU/4 GPU/5 GPU/6 GPU/7
gke-hypercomputer-a3-a3-high-flex-poo-27562461-njnx:97:651 [0] NCCL INFO  2 : GPU/0 GPU/1 GPU/2 GPU/3 GPU/4 GPU/5 GPU/6 GPU/7
gke-hypercomputer-a3-a3-high-flex-poo-27562461-njnx:97:651 [0] NCCL INFO  3 : GPU/0 GPU/1 GPU/2 GPU/3 GPU/4 GPU/5 GPU/6 GPU/7
gke-hypercomputer-a3-a3-high-flex-poo-27562461-njnx:97:651 [0] NCCL INFO  4 : GPU/0 GPU/1 GPU/2 GPU/3 GPU/4 GPU/5 GPU/6 GPU/7
gke-hypercomputer-a3-a3-high-flex-poo-27562461-njnx:97:651 [0] NCCL INFO  5 : GPU/0 GPU/1 GPU/2 GPU/3 GPU/4 GPU/5 GPU/6 GPU/7
gke-hypercomputer-a3-a3-high-flex-poo-27562461-njnx:97:651 [0] NCCL INFO  6 : GPU/0 GPU/1 GPU/2 GPU/3 GPU/4 GPU/5 GPU/6 GPU/7
gke-hypercomputer-a3-a3-high-flex-poo-27562461-njnx:97:651 [0] NCCL INFO  7 : GPU/0 GPU/1 GPU/2 GPU/3 GPU/4 GPU/5 GPU/6 GPU/7
gke-hypercomputer-a3-a3-high-flex-poo-27562461-njnx:97:651 [0] NCCL INFO  8 : GPU/0 GPU/1 GPU/2 GPU/3 GPU/4 GPU/5 GPU/6 GPU/7
gke-hypercomputer-a3-a3-high-flex-poo-27562461-njnx:97:651 [0] NCCL INFO  9 : GPU/0 GPU/1 GPU/2 GPU/3 GPU/4 GPU/5 GPU/6 GPU/7
gke-hypercomputer-a3-a3-high-flex-poo-27562461-njnx:97:651 [0] NCCL INFO 10 : GPU/0 GPU/1 GPU/2 GPU/3 GPU/4 GPU/5 GPU/6 GPU/7
gke-hypercomputer-a3-a3-high-flex-poo-27562461-njnx:97:651 [0] NCCL INFO 11 : GPU/0 GPU/1 GPU/2 GPU/3 GPU/4 GPU/5 GPU/6 GPU/7
gke-hypercomputer-a3-a3-high-flex-poo-27562461-njnx:97:651 [0] NCCL INFO Pattern 1, crossNic 0, nChannels 12, bw 30.000000/30.000000, type NVL/PIX, sameChannels 1
gke-hypercomputer-a3-a3-high-flex-poo-27562461-njnx:97:651 [0] NCCL INFO  0 : GPU/0 GPU/1 GPU/2 GPU/3 GPU/4 GPU/5 GPU/6 GPU/7
gke-hypercomputer-a3-a3-high-flex-poo-27562461-njnx:97:651 [0] NCCL INFO  1 : GPU/0 GPU/1 GPU/2 GPU/3 GPU/4 GPU/5 GPU/6 GPU/7
gke-hypercomputer-a3-a3-high-flex-poo-27562461-njnx:97:651 [0] NCCL INFO  2 : GPU/0 GPU/1 GPU/2 GPU/3 GPU/4 GPU/5 GPU/6 GPU/7
gke-hypercomputer-a3-a3-high-flex-poo-27562461-njnx:97:651 [0] NCCL INFO  3 : GPU/0 GPU/1 GPU/2 GPU/3 GPU/4 GPU/5 GPU/6 GPU/7
gke-hypercomputer-a3-a3-high-flex-poo-27562461-njnx:97:651 [0] NCCL INFO  4 : GPU/0 GPU/1 GPU/2 GPU/3 GPU/4 GPU/5 GPU/6 GPU/7
gke-hypercomputer-a3-a3-high-flex-poo-27562461-njnx:97:651 [0] NCCL INFO  5 : GPU/0 GPU/1 GPU/2 GPU/3 GPU/4 GPU/5 GPU/6 GPU/7
gke-hypercomputer-a3-a3-high-flex-poo-27562461-njnx:97:651 [0] NCCL INFO  6 : GPU/0 GPU/1 GPU/2 GPU/3 GPU/4 GPU/5 GPU/6 GPU/7
gke-hypercomputer-a3-a3-high-flex-poo-27562461-njnx:97:651 [0] NCCL INFO  7 : GPU/0 GPU/1 GPU/2 GPU/3 GPU/4 GPU/5 GPU/6 GPU/7
gke-hypercomputer-a3-a3-high-flex-poo-27562461-njnx:97:651 [0] NCCL INFO  8 : GPU/0 GPU/1 GPU/2 GPU/3 GPU/4 GPU/5 GPU/6 GPU/7
gke-hypercomputer-a3-a3-high-flex-poo-27562461-njnx:97:651 [0] NCCL INFO  9 : GPU/0 GPU/1 GPU/2 GPU/3 GPU/4 GPU/5 GPU/6 GPU/7
gke-hypercomputer-a3-a3-high-flex-poo-27562461-njnx:97:651 [0] NCCL INFO 10 : GPU/0 GPU/1 GPU/2 GPU/3 GPU/4 GPU/5 GPU/6 GPU/7
gke-hypercomputer-a3-a3-high-flex-poo-27562461-njnx:97:651 [0] NCCL INFO 11 : GPU/0 GPU/1 GPU/2 GPU/3 GPU/4 GPU/5 GPU/6 GPU/7
gke-hypercomputer-a3-a3-high-flex-poo-27562461-njnx:97:651 [0] NCCL INFO Pattern 5, crossNic 0, nChannels 8, bw 40.000000/60.000000, type NVL/PIX, sameChannels 0
gke-hypercomputer-a3-a3-high-flex-poo-27562461-njnx:97:651 [0] NCCL INFO  0 : GPU/0 GPU/0 GPU/0 GPU/0 GPU/0 GPU/0 GPU/0 GPU/0
gke-hypercomputer-a3-a3-high-flex-poo-27562461-njnx:97:651 [0] NCCL INFO  1 : GPU/1 GPU/0 GPU/0 GPU/0 GPU/0 GPU/0 GPU/0 GPU/0
gke-hypercomputer-a3-a3-high-flex-poo-27562461-njnx:97:651 [0] NCCL INFO  2 : GPU/2 GPU/0 GPU/0 GPU/0 GPU/0 GPU/0 GPU/0 GPU/0
gke-hypercomputer-a3-a3-high-flex-poo-27562461-njnx:97:651 [0] NCCL INFO  3 : GPU/3 GPU/0 GPU/0 GPU/0 GPU/0 GPU/0 GPU/0 GPU/0
gke-hypercomputer-a3-a3-high-flex-poo-27562461-njnx:97:651 [0] NCCL INFO  4 : GPU/4 GPU/0 GPU/0 GPU/0 GPU/0 GPU/0 GPU/0 GPU/0
gke-hypercomputer-a3-a3-high-flex-poo-27562461-njnx:97:651 [0] NCCL INFO  5 : GPU/5 GPU/0 GPU/0 GPU/0 GPU/0 GPU/0 GPU/0 GPU/0
gke-hypercomputer-a3-a3-high-flex-poo-27562461-njnx:97:651 [0] NCCL INFO  6 : GPU/6 GPU/0 GPU/0 GPU/0 GPU/0 GPU/0 GPU/0 GPU/0
gke-hypercomputer-a3-a3-high-flex-poo-27562461-njnx:97:651 [0] NCCL INFO  7 : GPU/7 GPU/0 GPU/0 GPU/0 GPU/0 GPU/0 GPU/0 GPU/0
gke-hypercomputer-a3-a3-high-flex-poo-27562461-njnx:97:651 [0] NCCL INFO comm 0x5b36da747820 rank 0 nRanks 8 nNodes 1 localRanks 8 localRank 0 MNNVL 0
gke-hypercomputer-a3-a3-high-flex-poo-27562461-njnx:97:651 [0] NCCL INFO Tree 0 : -1 -> 0 -> 1/-1/-1
gke-hypercomputer-a3-a3-high-flex-poo-27562461-njnx:97:651 [0] NCCL INFO Tree 12 : -1 -> 0 -> 1/-1/-1
gke-hypercomputer-a3-a3-high-flex-poo-27562461-njnx:97:651 [0] NCCL INFO Tree 1 : -1 -> 0 -> 1/-1/-1
gke-hypercomputer-a3-a3-high-flex-poo-27562461-njnx:97:651 [0] NCCL INFO Tree 13 : -1 -> 0 -> 1/-1/-1
gke-hypercomputer-a3-a3-high-flex-poo-27562461-njnx:97:651 [0] NCCL INFO Tree 2 : -1 -> 0 -> 1/-1/-1
gke-hypercomputer-a3-a3-high-flex-poo-27562461-njnx:97:651 [0] NCCL INFO Tree 14 : -1 -> 0 -> 1/-1/-1
gke-hypercomputer-a3-a3-high-flex-poo-27562461-njnx:97:651 [0] NCCL INFO Tree 3 : -1 -> 0 -> 1/-1/-1
gke-hypercomputer-a3-a3-high-flex-poo-27562461-njnx:97:651 [0] NCCL INFO Tree 15 : -1 -> 0 -> 1/-1/-1
gke-hypercomputer-a3-a3-high-flex-poo-27562461-njnx:97:651 [0] NCCL INFO Tree 4 : -1 -> 0 -> 1/-1/-1
gke-hypercomputer-a3-a3-high-flex-poo-27562461-njnx:97:651 [0] NCCL INFO Tree 16 : -1 -> 0 -> 1/-1/-1
gke-hypercomputer-a3-a3-high-flex-poo-27562461-njnx:97:651 [0] NCCL INFO Tree 5 : -1 -> 0 -> 1/-1/-1
gke-hypercomputer-a3-a3-high-flex-poo-27562461-njnx:97:651 [0] NCCL INFO Tree 17 : -1 -> 0 -> 1/-1/-1
gke-hypercomputer-a3-a3-high-flex-poo-27562461-njnx:97:651 [0] NCCL INFO Tree 6 : -1 -> 0 -> 1/-1/-1
gke-hypercomputer-a3-a3-high-flex-poo-27562461-njnx:97:651 [0] NCCL INFO Tree 18 : -1 -> 0 -> 1/-1/-1
gke-hypercomputer-a3-a3-high-flex-poo-27562461-njnx:97:651 [0] NCCL INFO Tree 7 : -1 -> 0 -> 1/-1/-1
gke-hypercomputer-a3-a3-high-flex-poo-27562461-njnx:97:651 [0] NCCL INFO Tree 19 : -1 -> 0 -> 1/-1/-1
gke-hypercomputer-a3-a3-high-flex-poo-27562461-njnx:97:651 [0] NCCL INFO Tree 8 : -1 -> 0 -> 1/-1/-1
gke-hypercomputer-a3-a3-high-flex-poo-27562461-njnx:97:651 [0] NCCL INFO Tree 20 : -1 -> 0 -> 1/-1/-1
gke-hypercomputer-a3-a3-high-flex-poo-27562461-njnx:97:651 [0] NCCL INFO Tree 9 : -1 -> 0 -> 1/-1/-1
gke-hypercomputer-a3-a3-high-flex-poo-27562461-njnx:97:651 [0] NCCL INFO Tree 21 : -1 -> 0 -> 1/-1/-1
gke-hypercomputer-a3-a3-high-flex-poo-27562461-njnx:97:651 [0] NCCL INFO Tree 10 : -1 -> 0 -> 1/-1/-1
gke-hypercomputer-a3-a3-high-flex-poo-27562461-njnx:97:651 [0] NCCL INFO Tree 22 : -1 -> 0 -> 1/-1/-1
gke-hypercomputer-a3-a3-high-flex-poo-27562461-njnx:97:651 [0] NCCL INFO Tree 11 : -1 -> 0 -> 1/-1/-1
gke-hypercomputer-a3-a3-high-flex-poo-27562461-njnx:97:651 [0] NCCL INFO Tree 23 : -1 -> 0 -> 1/-1/-1
gke-hypercomputer-a3-a3-high-flex-poo-27562461-njnx:97:651 [0] NCCL INFO Channel 00/24 :    0   1   2   3   4   5   6   7
gke-hypercomputer-a3-a3-high-flex-poo-27562461-njnx:97:651 [0] NCCL INFO Channel 01/24 :    0   1   2   3   4   5   6   7
gke-hypercomputer-a3-a3-high-flex-poo-27562461-njnx:97:651 [0] NCCL INFO Channel 02/24 :    0   1   2   3   4   5   6   7
gke-hypercomputer-a3-a3-high-flex-poo-27562461-njnx:97:651 [0] NCCL INFO Channel 03/24 :    0   1   2   3   4   5   6   7
gke-hypercomputer-a3-a3-high-flex-poo-27562461-njnx:97:651 [0] NCCL INFO Channel 04/24 :    0   1   2   3   4   5   6   7
gke-hypercomputer-a3-a3-high-flex-poo-27562461-njnx:97:651 [0] NCCL INFO Channel 05/24 :    0   1   2   3   4   5   6   7
gke-hypercomputer-a3-a3-high-flex-poo-27562461-njnx:97:651 [0] NCCL INFO Channel 06/24 :    0   1   2   3   4   5   6   7
gke-hypercomputer-a3-a3-high-flex-poo-27562461-njnx:97:651 [0] NCCL INFO Channel 07/24 :    0   1   2   3   4   5   6   7
gke-hypercomputer-a3-a3-high-flex-poo-27562461-njnx:97:651 [0] NCCL INFO Channel 08/24 :    0   1   2   3   4   5   6   7
gke-hypercomputer-a3-a3-high-flex-poo-27562461-njnx:97:651 [0] NCCL INFO Channel 09/24 :    0   1   2   3   4   5   6   7
gke-hypercomputer-a3-a3-high-flex-poo-27562461-njnx:97:651 [0] NCCL INFO Channel 10/24 :    0   1   2   3   4   5   6   7
gke-hypercomputer-a3-a3-high-flex-poo-27562461-njnx:97:651 [0] NCCL INFO Channel 11/24 :    0   1   2   3   4   5   6   7
gke-hypercomputer-a3-a3-high-flex-poo-27562461-njnx:97:651 [0] NCCL INFO Channel 12/24 :    0   1   2   3   4   5   6   7
gke-hypercomputer-a3-a3-high-flex-poo-27562461-njnx:97:651 [0] NCCL INFO Channel 13/24 :    0   1   2   3   4   5   6   7
gke-hypercomputer-a3-a3-high-flex-poo-27562461-njnx:97:651 [0] NCCL INFO Channel 14/24 :    0   1   2   3   4   5   6   7
gke-hypercomputer-a3-a3-high-flex-poo-27562461-njnx:97:651 [0] NCCL INFO Channel 15/24 :    0   1   2   3   4   5   6   7
gke-hypercomputer-a3-a3-high-flex-poo-27562461-njnx:97:651 [0] NCCL INFO Channel 16/24 :    0   1   2   3   4   5   6   7
gke-hypercomputer-a3-a3-high-flex-poo-27562461-njnx:97:651 [0] NCCL INFO Channel 17/24 :    0   1   2   3   4   5   6   7
gke-hypercomputer-a3-a3-high-flex-poo-27562461-njnx:97:651 [0] NCCL INFO Channel 18/24 :    0   1   2   3   4   5   6   7
gke-hypercomputer-a3-a3-high-flex-poo-27562461-njnx:97:651 [0] NCCL INFO Channel 19/24 :    0   1   2   3   4   5   6   7
gke-hypercomputer-a3-a3-high-flex-poo-27562461-njnx:97:651 [0] NCCL INFO Channel 20/24 :    0   1   2   3   4   5   6   7
gke-hypercomputer-a3-a3-high-flex-poo-27562461-njnx:97:651 [0] NCCL INFO Channel 21/24 :    0   1   2   3   4   5   6   7
gke-hypercomputer-a3-a3-high-flex-poo-27562461-njnx:97:651 [0] NCCL INFO Channel 22/24 :    0   1   2   3   4   5   6   7
gke-hypercomputer-a3-a3-high-flex-poo-27562461-njnx:97:651 [0] NCCL INFO Channel 23/24 :    0   1   2   3   4   5   6   7
gke-hypercomputer-a3-a3-high-flex-poo-27562461-njnx:97:651 [0] NCCL INFO Ring 00 : 7 -> 0 -> 1
gke-hypercomputer-a3-a3-high-flex-poo-27562461-njnx:97:651 [0] NCCL INFO Ring 01 : 7 -> 0 -> 1
gke-hypercomputer-a3-a3-high-flex-poo-27562461-njnx:97:651 [0] NCCL INFO Ring 02 : 7 -> 0 -> 1
gke-hypercomputer-a3-a3-high-flex-poo-27562461-njnx:97:651 [0] NCCL INFO Ring 03 : 7 -> 0 -> 1
gke-hypercomputer-a3-a3-high-flex-poo-27562461-njnx:97:651 [0] NCCL INFO Ring 04 : 7 -> 0 -> 1
gke-hypercomputer-a3-a3-high-flex-poo-27562461-njnx:97:651 [0] NCCL INFO Ring 05 : 7 -> 0 -> 1
gke-hypercomputer-a3-a3-high-flex-poo-27562461-njnx:97:651 [0] NCCL INFO Ring 06 : 7 -> 0 -> 1
gke-hypercomputer-a3-a3-high-flex-poo-27562461-njnx:97:651 [0] NCCL INFO Ring 07 : 7 -> 0 -> 1
gke-hypercomputer-a3-a3-high-flex-poo-27562461-njnx:97:651 [0] NCCL INFO Ring 08 : 7 -> 0 -> 1
gke-hypercomputer-a3-a3-high-flex-poo-27562461-njnx:97:651 [0] NCCL INFO Ring 09 : 7 -> 0 -> 1
gke-hypercomputer-a3-a3-high-flex-poo-27562461-njnx:97:651 [0] NCCL INFO Ring 10 : 7 -> 0 -> 1
gke-hypercomputer-a3-a3-high-flex-poo-27562461-njnx:97:651 [0] NCCL INFO Ring 11 : 7 -> 0 -> 1
gke-hypercomputer-a3-a3-high-flex-poo-27562461-njnx:97:651 [0] NCCL INFO Ring 12 : 7 -> 0 -> 1
gke-hypercomputer-a3-a3-high-flex-poo-27562461-njnx:97:651 [0] NCCL INFO Ring 13 : 7 -> 0 -> 1
gke-hypercomputer-a3-a3-high-flex-poo-27562461-njnx:97:651 [0] NCCL INFO Ring 14 : 7 -> 0 -> 1
gke-hypercomputer-a3-a3-high-flex-poo-27562461-njnx:97:651 [0] NCCL INFO Ring 15 : 7 -> 0 -> 1
gke-hypercomputer-a3-a3-high-flex-poo-27562461-njnx:97:651 [0] NCCL INFO Ring 16 : 7 -> 0 -> 1
gke-hypercomputer-a3-a3-high-flex-poo-27562461-njnx:97:651 [0] NCCL INFO Ring 17 : 7 -> 0 -> 1
gke-hypercomputer-a3-a3-high-flex-poo-27562461-njnx:97:651 [0] NCCL INFO Ring 18 : 7 -> 0 -> 1
gke-hypercomputer-a3-a3-high-flex-poo-27562461-njnx:97:651 [0] NCCL INFO Ring 19 : 7 -> 0 -> 1
gke-hypercomputer-a3-a3-high-flex-poo-27562461-njnx:97:651 [0] NCCL INFO Ring 20 : 7 -> 0 -> 1
gke-hypercomputer-a3-a3-high-flex-poo-27562461-njnx:97:651 [0] NCCL INFO Ring 21 : 7 -> 0 -> 1
gke-hypercomputer-a3-a3-high-flex-poo-27562461-njnx:97:651 [0] NCCL INFO Ring 22 : 7 -> 0 -> 1
gke-hypercomputer-a3-a3-high-flex-poo-27562461-njnx:97:651 [0] NCCL INFO Ring 23 : 7 -> 0 -> 1
gke-hypercomputer-a3-a3-high-flex-poo-27562461-njnx:97:651 [0] NCCL INFO Trees [0] 1/-1/-1->0->-1 [1] 1/-1/-1->0->-1 [2] 1/-1/-1->0->-1 [3] 1/-1/-1->0->-1 [4] 1/-1/-1->0->-1 [5] 1/-1/-1->0->-1 [6] 1/-1/-1->0->-1 [7] 1/-1/-1->0->-1 [8] 1/-1/-1->0->-1 [9] 1/-1/-1->0->-1 [10] 1/-1/-1->0->-1 [11] 1/-1/-1->0->-1 [12] 1/-1/-1->0->-1 [13] 1/-1/-1->0->-1 [14] 1/-1/-1->0->-1 [15] 1/-1/-1->0->-1 [16] 1/-1/-1->0->-1 [17] 1/-1/-1->0->-1 [18] 1/-1/-1->0->-1 [19] 1/-1/-1->0->-1 [20] 1/-1/-1->0->-1 [21] 1/-1/-1->0->-1 [22] 1/-1/-1->0->-1 [23] 1/-1/-1->0->-1
gke-hypercomputer-a3-a3-high-flex-poo-27562461-njnx:97:651 [0] NCCL INFO P2P Chunksize set to 524288
gke-hypercomputer-a3-a3-high-flex-poo-27562461-njnx:97:651 [0] NCCL INFO threadThresholds 8/8/64 | 64/8/64 | 512 | 512
gke-hypercomputer-a3-a3-high-flex-poo-27562461-njnx:97:651 [0] NCCL INFO 24 coll channels, 24 collnet channels, 16 nvls channels, 32 p2p channels, 32 p2p channels per peer
gke-hypercomputer-a3-a3-high-flex-poo-27562461-njnx:97:651 [0] NCCL INFO CC Off, Multi-GPU CC Off, workFifoBytes 1048576
gke-hypercomputer-a3-a3-high-flex-poo-27562461-njnx:97:651 [0] NCCL INFO ncclCommInitRank comm 0x5b36da747820 rank 0 nranks 8 cudaDev 0 nvmlDev 0 busId 4000 commId 0x198494d9d2cf3dda - Init COMPLETE
gke-hypercomputer-a3-a3-high-flex-poo-27562461-njnx:97:651 [0] NCCL INFO Init timings: rank 0 nranks 8 total 1.52 (kernels 0.19, bootstrap 0.98, allgathers 0.01, topo 0.04, graphs 0.01, connections 0.24, rest 0.04)
gke-hypercomputer-a3-a3-high-flex-poo-27562461-njnx:97:667 [0] NCCL INFO New proxy recv connection 0 from local rank 0, transport 0
gke-hypercomputer-a3-a3-high-flex-poo-27562461-njnx:97:681 [0] NCCL INFO Connected to proxy localRank 0 -> connection 0x7c6048004f40
gke-hypercomputer-a3-a3-high-flex-poo-27562461-njnx:97:667 [0] NCCL INFO New proxy recv connection 1 from local rank 0, transport 0
gke-hypercomputer-a3-a3-high-flex-poo-27562461-njnx:97:681 [0] NCCL INFO Connected to proxy localRank 0 -> connection 0x7c6048004fb8
gke-hypercomputer-a3-a3-high-flex-poo-27562461-njnx:97:667 [0] NCCL INFO New proxy recv connection 2 from local rank 0, transport 0
gke-hypercomputer-a3-a3-high-flex-poo-27562461-njnx:97:681 [0] NCCL INFO Connected to proxy localRank 0 -> connection 0x7c6048005030
gke-hypercomputer-a3-a3-high-flex-poo-27562461-njnx:97:667 [0] NCCL INFO New proxy recv connection 3 from local rank 0, transport 0
gke-hypercomputer-a3-a3-high-flex-poo-27562461-njnx:97:681 [0] NCCL INFO Connected to proxy localRank 0 -> connection 0x7c60480050a8
gke-hypercomputer-a3-a3-high-flex-poo-27562461-njnx:97:667 [0] NCCL INFO New proxy recv connection 4 from local rank 0, transport 0
gke-hypercomputer-a3-a3-high-flex-poo-27562461-njnx:97:681 [0] NCCL INFO Connected to proxy localRank 0 -> connection 0x7c6048005120
gke-hypercomputer-a3-a3-high-flex-poo-27562461-njnx:97:667 [0] NCCL INFO New proxy recv connection 5 from local rank 0, transport 0
gke-hypercomputer-a3-a3-high-flex-poo-27562461-njnx:97:681 [0] NCCL INFO Connected to proxy localRank 0 -> connection 0x7c6048005198
gke-hypercomputer-a3-a3-high-flex-poo-27562461-njnx:97:667 [0] NCCL INFO New proxy recv connection 6 from local rank 0, transport 0
gke-hypercomputer-a3-a3-high-flex-poo-27562461-njnx:97:681 [0] NCCL INFO Connected to proxy localRank 0 -> connection 0x7c6048005210
gke-hypercomputer-a3-a3-high-flex-poo-27562461-njnx:97:667 [0] NCCL INFO New proxy recv connection 7 from local rank 0, transport 0
gke-hypercomputer-a3-a3-high-flex-poo-27562461-njnx:97:681 [0] NCCL INFO Connected to proxy localRank 0 -> connection 0x7c6048005288
gke-hypercomputer-a3-a3-high-flex-poo-27562461-njnx:97:667 [0] NCCL INFO New proxy recv connection 8 from local rank 0, transport 0
gke-hypercomputer-a3-a3-high-flex-poo-27562461-njnx:97:681 [0] NCCL INFO Connected to proxy localRank 0 -> connection 0x7c6048005300
gke-hypercomputer-a3-a3-high-flex-poo-27562461-njnx:97:667 [0] NCCL INFO New proxy recv connection 9 from local rank 0, transport 0
gke-hypercomputer-a3-a3-high-flex-poo-27562461-njnx:97:681 [0] NCCL INFO Connected to proxy localRank 0 -> connection 0x7c6048005378
gke-hypercomputer-a3-a3-high-flex-poo-27562461-njnx:97:667 [0] NCCL INFO New proxy recv connection 10 from local rank 0, transport 0
gke-hypercomputer-a3-a3-high-flex-poo-27562461-njnx:97:681 [0] NCCL INFO Connected to proxy localRank 0 -> connection 0x7c60480053f0
gke-hypercomputer-a3-a3-high-flex-poo-27562461-njnx:97:667 [0] NCCL INFO New proxy recv connection 11 from local rank 0, transport 0
gke-hypercomputer-a3-a3-high-flex-poo-27562461-njnx:97:681 [0] NCCL INFO Connected to proxy localRank 0 -> connection 0x7c6048005468
gke-hypercomputer-a3-a3-high-flex-poo-27562461-njnx:97:667 [0] NCCL INFO New proxy recv connection 12 from local rank 0, transport 0
gke-hypercomputer-a3-a3-high-flex-poo-27562461-njnx:97:681 [0] NCCL INFO Connected to proxy localRank 0 -> connection 0x7c60480054e0
gke-hypercomputer-a3-a3-high-flex-poo-27562461-njnx:97:667 [0] NCCL INFO New proxy recv connection 13 from local rank 0, transport 0
gke-hypercomputer-a3-a3-high-flex-poo-27562461-njnx:97:681 [0] NCCL INFO Connected to proxy localRank 0 -> connection 0x7c6048005558
gke-hypercomputer-a3-a3-high-flex-poo-27562461-njnx:97:667 [0] NCCL INFO New proxy recv connection 14 from local rank 0, transport 0
gke-hypercomputer-a3-a3-high-flex-poo-27562461-njnx:97:681 [0] NCCL INFO Connected to proxy localRank 0 -> connection 0x7c60480055d0
gke-hypercomputer-a3-a3-high-flex-poo-27562461-njnx:97:667 [0] NCCL INFO New proxy recv connection 15 from local rank 0, transport 0
gke-hypercomputer-a3-a3-high-flex-poo-27562461-njnx:97:681 [0] NCCL INFO Connected to proxy localRank 0 -> connection 0x7c6048005648
gke-hypercomputer-a3-a3-high-flex-poo-27562461-njnx:97:667 [0] NCCL INFO New proxy recv connection 16 from local rank 0, transport 0
gke-hypercomputer-a3-a3-high-flex-poo-27562461-njnx:97:681 [0] NCCL INFO Connected to proxy localRank 0 -> connection 0x7c60480056c0
gke-hypercomputer-a3-a3-high-flex-poo-27562461-njnx:97:667 [0] NCCL INFO New proxy recv connection 17 from local rank 0, transport 0
gke-hypercomputer-a3-a3-high-flex-poo-27562461-njnx:97:681 [0] NCCL INFO Connected to proxy localRank 0 -> connection 0x7c6048005738
gke-hypercomputer-a3-a3-high-flex-poo-27562461-njnx:97:667 [0] NCCL INFO New proxy recv connection 18 from local rank 0, transport 0
gke-hypercomputer-a3-a3-high-flex-poo-27562461-njnx:97:681 [0] NCCL INFO Connected to proxy localRank 0 -> connection 0x7c60480057b0
gke-hypercomputer-a3-a3-high-flex-poo-27562461-njnx:97:667 [0] NCCL INFO New proxy recv connection 19 from local rank 0, transport 0
gke-hypercomputer-a3-a3-high-flex-poo-27562461-njnx:97:681 [0] NCCL INFO Connected to proxy localRank 0 -> connection 0x7c6048005828
gke-hypercomputer-a3-a3-high-flex-poo-27562461-njnx:97:667 [0] NCCL INFO New proxy recv connection 20 from local rank 0, transport 0
gke-hypercomputer-a3-a3-high-flex-poo-27562461-njnx:97:681 [0] NCCL INFO Connected to proxy localRank 0 -> connection 0x7c60480058a0
gke-hypercomputer-a3-a3-high-flex-poo-27562461-njnx:97:667 [0] NCCL INFO New proxy recv connection 21 from local rank 0, transport 0
gke-hypercomputer-a3-a3-high-flex-poo-27562461-njnx:97:681 [0] NCCL INFO Connected to proxy localRank 0 -> connection 0x7c6048005918
gke-hypercomputer-a3-a3-high-flex-poo-27562461-njnx:97:667 [0] NCCL INFO New proxy recv connection 22 from local rank 0, transport 0
gke-hypercomputer-a3-a3-high-flex-poo-27562461-njnx:97:681 [0] NCCL INFO Connected to proxy localRank 0 -> connection 0x7c6048005990
gke-hypercomputer-a3-a3-high-flex-poo-27562461-njnx:97:667 [0] NCCL INFO New proxy recv connection 23 from local rank 0, transport 0
gke-hypercomputer-a3-a3-high-flex-poo-27562461-njnx:97:681 [0] NCCL INFO Connected to proxy localRank 0 -> connection 0x7c6048005a08
gke-hypercomputer-a3-a3-high-flex-poo-27562461-njnx:97:681 [0] NCCL INFO Channel 00/0 : 0[0] -> 1[1] via P2P/CUMEM
gke-hypercomputer-a3-a3-high-flex-poo-27562461-njnx:97:667 [0] NCCL INFO New proxy send connection 24 from local rank 0, transport 0
gke-hypercomputer-a3-a3-high-flex-poo-27562461-njnx:97:681 [0] NCCL INFO Connected to proxy localRank 0 -> connection 0x7c6048005a80
gke-hypercomputer-a3-a3-high-flex-poo-27562461-njnx:97:681 [0] NCCL INFO Channel 01/0 : 0[0] -> 1[1] via P2P/CUMEM
gke-hypercomputer-a3-a3-high-flex-poo-27562461-njnx:97:667 [0] NCCL INFO New proxy send connection 25 from local rank 0, transport 0
gke-hypercomputer-a3-a3-high-flex-poo-27562461-njnx:97:681 [0] NCCL INFO Connected to proxy localRank 0 -> connection 0x7c6048005af8
gke-hypercomputer-a3-a3-high-flex-poo-27562461-njnx:97:681 [0] NCCL INFO Channel 02/0 : 0[0] -> 1[1] via P2P/CUMEM
gke-hypercomputer-a3-a3-high-flex-poo-27562461-njnx:97:667 [0] NCCL INFO New proxy send connection 26 from local rank 0, transport 0
gke-hypercomputer-a3-a3-high-flex-poo-27562461-njnx:97:681 [0] NCCL INFO Connected to proxy localRank 0 -> connection 0x7c6048005b70
gke-hypercomputer-a3-a3-high-flex-poo-27562461-njnx:97:681 [0] NCCL INFO Channel 03/0 : 0[0] -> 1[1] via P2P/CUMEM
gke-hypercomputer-a3-a3-high-flex-poo-27562461-njnx:97:667 [0] NCCL INFO New proxy send connection 27 from local rank 0, transport 0
gke-hypercomputer-a3-a3-high-flex-poo-27562461-njnx:97:681 [0] NCCL INFO Connected to proxy localRank 0 -> connection 0x7c6048005be8
gke-hypercomputer-a3-a3-high-flex-poo-27562461-njnx:97:681 [0] NCCL INFO Channel 04/0 : 0[0] -> 1[1] via P2P/CUMEM
gke-hypercomputer-a3-a3-high-flex-poo-27562461-njnx:97:667 [0] NCCL INFO New proxy send connection 28 from local rank 0, transport 0
gke-hypercomputer-a3-a3-high-flex-poo-27562461-njnx:97:681 [0] NCCL INFO Connected to proxy localRank 0 -> connection 0x7c6048005c60
gke-hypercomputer-a3-a3-high-flex-poo-27562461-njnx:97:681 [0] NCCL INFO Channel 05/0 : 0[0] -> 1[1] via P2P/CUMEM
gke-hypercomputer-a3-a3-high-flex-poo-27562461-njnx:97:667 [0] NCCL INFO New proxy send connection 29 from local rank 0, transport 0
gke-hypercomputer-a3-a3-high-flex-poo-27562461-njnx:97:681 [0] NCCL INFO Connected to proxy localRank 0 -> connection 0x7c6048005cd8
gke-hypercomputer-a3-a3-high-flex-poo-27562461-njnx:97:681 [0] NCCL INFO Channel 06/0 : 0[0] -> 1[1] via P2P/CUMEM
gke-hypercomputer-a3-a3-high-flex-poo-27562461-njnx:97:667 [0] NCCL INFO New proxy send connection 30 from local rank 0, transport 0
gke-hypercomputer-a3-a3-high-flex-poo-27562461-njnx:97:681 [0] NCCL INFO Connected to proxy localRank 0 -> connection 0x7c6048005d50
gke-hypercomputer-a3-a3-high-flex-poo-27562461-njnx:97:681 [0] NCCL INFO Channel 07/0 : 0[0] -> 1[1] via P2P/CUMEM
gke-hypercomputer-a3-a3-high-flex-poo-27562461-njnx:97:667 [0] NCCL INFO New proxy send connection 31 from local rank 0, transport 0
gke-hypercomputer-a3-a3-high-flex-poo-27562461-njnx:97:681 [0] NCCL INFO Connected to proxy localRank 0 -> connection 0x7c6048005dc8
gke-hypercomputer-a3-a3-high-flex-poo-27562461-njnx:97:681 [0] NCCL INFO Channel 08/0 : 0[0] -> 1[1] via P2P/CUMEM
gke-hypercomputer-a3-a3-high-flex-poo-27562461-njnx:97:667 [0] NCCL INFO New proxy send connection 32 from local rank 0, transport 0
gke-hypercomputer-a3-a3-high-flex-poo-27562461-njnx:97:681 [0] NCCL INFO Connected to proxy localRank 0 -> connection 0x7c6048005e40
gke-hypercomputer-a3-a3-high-flex-poo-27562461-njnx:97:681 [0] NCCL INFO Channel 09/0 : 0[0] -> 1[1] via P2P/CUMEM
gke-hypercomputer-a3-a3-high-flex-poo-27562461-njnx:97:667 [0] NCCL INFO New proxy send connection 33 from local rank 0, transport 0
gke-hypercomputer-a3-a3-high-flex-poo-27562461-njnx:97:681 [0] NCCL INFO Connected to proxy localRank 0 -> connection 0x7c6048005eb8
gke-hypercomputer-a3-a3-high-flex-poo-27562461-njnx:97:681 [0] NCCL INFO Channel 10/0 : 0[0] -> 1[1] via P2P/CUMEM
gke-hypercomputer-a3-a3-high-flex-poo-27562461-njnx:97:667 [0] NCCL INFO New proxy send connection 34 from local rank 0, transport 0
gke-hypercomputer-a3-a3-high-flex-poo-27562461-njnx:97:681 [0] NCCL INFO Connected to proxy localRank 0 -> connection 0x7c6048005f30
gke-hypercomputer-a3-a3-high-flex-poo-27562461-njnx:97:681 [0] NCCL INFO Channel 11/0 : 0[0] -> 1[1] via P2P/CUMEM
gke-hypercomputer-a3-a3-high-flex-poo-27562461-njnx:97:667 [0] NCCL INFO New proxy send connection 35 from local rank 0, transport 0
gke-hypercomputer-a3-a3-high-flex-poo-27562461-njnx:97:681 [0] NCCL INFO Connected to proxy localRank 0 -> connection 0x7c6048005fa8
gke-hypercomputer-a3-a3-high-flex-poo-27562461-njnx:97:681 [0] NCCL INFO Channel 12/0 : 0[0] -> 1[1] via P2P/CUMEM
gke-hypercomputer-a3-a3-high-flex-poo-27562461-njnx:97:667 [0] NCCL INFO New proxy send connection 36 from local rank 0, transport 0
gke-hypercomputer-a3-a3-high-flex-poo-27562461-njnx:97:681 [0] NCCL INFO Connected to proxy localRank 0 -> connection 0x7c6048006020
gke-hypercomputer-a3-a3-high-flex-poo-27562461-njnx:97:681 [0] NCCL INFO Channel 13/0 : 0[0] -> 1[1] via P2P/CUMEM
gke-hypercomputer-a3-a3-high-flex-poo-27562461-njnx:97:667 [0] NCCL INFO New proxy send connection 37 from local rank 0, transport 0
gke-hypercomputer-a3-a3-high-flex-poo-27562461-njnx:97:681 [0] NCCL INFO Connected to proxy localRank 0 -> connection 0x7c6048006098
gke-hypercomputer-a3-a3-high-flex-poo-27562461-njnx:97:681 [0] NCCL INFO Channel 14/0 : 0[0] -> 1[1] via P2P/CUMEM
gke-hypercomputer-a3-a3-high-flex-poo-27562461-njnx:97:667 [0] NCCL INFO New proxy send connection 38 from local rank 0, transport 0
gke-hypercomputer-a3-a3-high-flex-poo-27562461-njnx:97:681 [0] NCCL INFO Connected to proxy localRank 0 -> connection 0x7c6048006110
gke-hypercomputer-a3-a3-high-flex-poo-27562461-njnx:97:681 [0] NCCL INFO Channel 15/0 : 0[0] -> 1[1] via P2P/CUMEM
gke-hypercomputer-a3-a3-high-flex-poo-27562461-njnx:97:667 [0] NCCL INFO New proxy send connection 39 from local rank 0, transport 0
gke-hypercomputer-a3-a3-high-flex-poo-27562461-njnx:97:681 [0] NCCL INFO Connected to proxy localRank 0 -> connection 0x7c6048006188
gke-hypercomputer-a3-a3-high-flex-poo-27562461-njnx:97:681 [0] NCCL INFO Channel 16/0 : 0[0] -> 1[1] via P2P/CUMEM
gke-hypercomputer-a3-a3-high-flex-poo-27562461-njnx:97:667 [0] NCCL INFO New proxy send connection 40 from local rank 0, transport 0
gke-hypercomputer-a3-a3-high-flex-poo-27562461-njnx:97:681 [0] NCCL INFO Connected to proxy localRank 0 -> connection 0x7c6048006200
gke-hypercomputer-a3-a3-high-flex-poo-27562461-njnx:97:681 [0] NCCL INFO Channel 17/0 : 0[0] -> 1[1] via P2P/CUMEM
gke-hypercomputer-a3-a3-high-flex-poo-27562461-njnx:97:667 [0] NCCL INFO New proxy send connection 41 from local rank 0, transport 0
gke-hypercomputer-a3-a3-high-flex-poo-27562461-njnx:97:681 [0] NCCL INFO Connected to proxy localRank 0 -> connection 0x7c6048006278
gke-hypercomputer-a3-a3-high-flex-poo-27562461-njnx:97:681 [0] NCCL INFO Channel 18/0 : 0[0] -> 1[1] via P2P/CUMEM
gke-hypercomputer-a3-a3-high-flex-poo-27562461-njnx:97:667 [0] NCCL INFO New proxy send connection 42 from local rank 0, transport 0
gke-hypercomputer-a3-a3-high-flex-poo-27562461-njnx:97:681 [0] NCCL INFO Connected to proxy localRank 0 -> connection 0x7c60480062f0
gke-hypercomputer-a3-a3-high-flex-poo-27562461-njnx:97:681 [0] NCCL INFO Channel 19/0 : 0[0] -> 1[1] via P2P/CUMEM
gke-hypercomputer-a3-a3-high-flex-poo-27562461-njnx:97:667 [0] NCCL INFO New proxy send connection 43 from local rank 0, transport 0
gke-hypercomputer-a3-a3-high-flex-poo-27562461-njnx:97:681 [0] NCCL INFO Connected to proxy localRank 0 -> connection 0x7c6048006368
gke-hypercomputer-a3-a3-high-flex-poo-27562461-njnx:97:681 [0] NCCL INFO Channel 20/0 : 0[0] -> 1[1] via P2P/CUMEM
gke-hypercomputer-a3-a3-high-flex-poo-27562461-njnx:97:667 [0] NCCL INFO New proxy send connection 44 from local rank 0, transport 0
gke-hypercomputer-a3-a3-high-flex-poo-27562461-njnx:# world_size=8  backend=nccl  warmup=5 iters=15
#       size        count    time_ms   algbw_GBps   busbw_GBps
          8B            2      0.040         0.00         0.00
         16B            4      0.036         0.00         0.00
         32B            8      0.036         0.00         0.00
         64B           16      0.034         0.00         0.00
        128B           32      0.035         0.00         0.01
        256B           64      0.037         0.01         0.01
        512B          128      0.036         0.01         0.02
         1KB          256      0.036         0.03         0.05
         2KB          512      0.037         0.06         0.10
         4KB         1024      0.037         0.11         0.20
         8KB         2048      0.035         0.23         0.41
        16KB         4096      0.035         0.47         0.81
        32KB         8192      0.034         0.97         1.70
        64KB        16384      0.036         1.83         3.20
       128KB        32768      0.037         3.57         6.24
       256KB        65536      0.037         7.11        12.44
       512KB       131072      0.038        13.78        24.11
         1MB       262144      0.037        28.17        49.31
         2MB       524288      0.040        51.83        90.70
         4MB      1048576      0.053        79.17       138.56
         8MB      2097152      0.077       109.33       191.32
        16MB      4194304      0.120       140.09       245.16
        32MB      8388608      0.199       168.27       294.47
        64MB     16777216      0.324       207.00       362.26
       128MB     33554432      0.592       226.80       396.89
       256MB     67108864      1.119       239.98       419.96
       512MB    134217728      2.159       248.66       435.16
         1GB    268435456      4.037       265.96       465.43
# done
97:681 [0] NCCL INFO Connected to proxy localRank 0 -> connection 0x7c60480063e0
gke-hypercomputer-a3-a3-high-flex-poo-27562461-njnx:97:681 [0] NCCL INFO Channel 21/0 : 0[0] -> 1[1] via P2P/CUMEM
gke-hypercomputer-a3-a3-high-flex-poo-27562461-njnx:97:667 [0] NCCL INFO New proxy send connection 45 from local rank 0, transport 0
gke-hypercomputer-a3-a3-high-flex-poo-27562461-njnx:97:681 [0] NCCL INFO Connected to proxy localRank 0 -> connection 0x7c6048006458
gke-hypercomputer-a3-a3-high-flex-poo-27562461-njnx:97:681 [0] NCCL INFO Channel 22/0 : 0[0] -> 1[1] via P2P/CUMEM
gke-hypercomputer-a3-a3-high-flex-poo-27562461-njnx:97:667 [0] NCCL INFO New proxy send connection 46 from local rank 0, transport 0
gke-hypercomputer-a3-a3-high-flex-poo-27562461-njnx:97:681 [0] NCCL INFO Connected to proxy localRank 0 -> connection 0x7c60480064d0
gke-hypercomputer-a3-a3-high-flex-poo-27562461-njnx:97:681 [0] NCCL INFO Channel 23/0 : 0[0] -> 1[1] via P2P/CUMEM
gke-hypercomputer-a3-a3-high-flex-poo-27562461-njnx:97:667 [0] NCCL INFO New proxy send connection 47 from local rank 0, transport 0
gke-hypercomputer-a3-a3-high-flex-poo-27562461-njnx:97:681 [0] NCCL INFO Connected to proxy localRank 0 -> connection 0x7c6048006548
gke-hypercomputer-a3-a3-high-flex-poo-27562461-njnx:97:681 [0] NCCL INFO Connected all rings
gke-hypercomputer-a3-a3-high-flex-poo-27562461-njnx:97:684 [0] NCCL INFO NVLS comm 0x5b36da747820 headRank 0 nHeads 8 buffSize 1048576 nvlsPerRankSize 33554432 nvlsTotalSize 268435456
gke-hypercomputer-a3-a3-high-flex-poo-27562461-njnx:97:698 [0] NCCL INFO socketProgressOpt: abort called
gke-hypercomputer-a3-a3-high-flex-poo-27562461-njnx:97:698 [0] NCCL INFO misc/socket.cc:47 -> 3
gke-hypercomputer-a3-a3-high-flex-poo-27562461-njnx:97:698 [0] NCCL INFO misc/socket.cc:550 -> 3
gke-hypercomputer-a3-a3-high-flex-poo-27562461-njnx:97:698 [0] NCCL INFO misc/socket.cc:573 -> 3
gke-hypercomputer-a3-a3-high-flex-poo-27562461-njnx:97:698 [0] NCCL INFO misc/socket.cc:621 -> 3
gke-hypercomputer-a3-a3-high-flex-poo-27562461-njnx:97:698 [0] NCCL INFO socketProgressOpt: abort called
gke-hypercomputer-a3-a3-high-flex-poo-27562461-njnx:97:698 [0] NCCL INFO misc/socket.cc:47 -> 3
gke-hypercomputer-a3-a3-high-flex-poo-27562461-njnx:97:698 [0] NCCL INFO misc/socket.cc:58 -> 3
gke-hypercomputer-a3-a3-high-flex-poo-27562461-njnx:97:698 [0] NCCL INFO misc/socket.cc:775 -> 3
gke-hypercomputer-a3-a3-high-flex-poo-27562461-njnx:97:667 [0] NCCL INFO socketProgressOpt: abort called
gke-hypercomputer-a3-a3-high-flex-poo-27562461-njnx:97:667 [0] NCCL INFO misc/socket.cc:47 -> 3
gke-hypercomputer-a3-a3-high-flex-poo-27562461-njnx:97:667 [0] NCCL INFO misc/socket.cc:752 -> 3
gke-hypercomputer-a3-a3-high-flex-poo-27562461-njnx:97:667 [0] NCCL INFO misc/socket.cc:428 -> 3
gke-hypercomputer-a3-a3-high-flex-poo-27562461-njnx:97:667 [0] NCCL INFO misc/socket.cc:564 -> 3
gke-hypercomputer-a3-a3-high-flex-poo-27562461-njnx:97:667 [0] NCCL INFO misc/socket.cc:668 -> 3

gke-hypercomputer-a3-a3-high-flex-poo-27562461-njnx:97:667 [0] proxy.cc:1458 NCCL WARN [Service thread] Accept failed Resource temporarily unavailable
gke-hypercomputer-a3-a3-high-flex-poo-27562461-njnx:97:667 [0] NCCL INFO socketProgressOpt: abort called
gke-hypercomputer-a3-a3-high-flex-poo-27562461-njnx:97:667 [0] NCCL INFO misc/socket.cc:826 -> 3

gke-hypercomputer-a3-a3-high-flex-poo-27562461-njnx:97:667 [0] proxy.cc:1497 NCCL WARN [Service thread] Could not receive type from localRank 0, res=3, closed=0

gke-hypercomputer-a3-a3-high-flex-poo-27562461-njnx:97:667 [0] proxy.cc:1521 NCCL WARN [Proxy Service 0] Failed to execute operation Close from rank 0, retcode 3
gke-hypercomputer-a3-a3-high-flex-poo-27562461-njnx:97:698 [0] NCCL INFO comm 0x5b36da747820 rank 0 nranks 8 cudaDev 0 busId 4000 - Abort COMPLETE
gke-hypercomputer-a3-a3-high-flex-poo-27562461-njnx:97:698 [0] NCCL INFO NET/Plugin: Closing net plugin 'IBext_v8'
gke-hypercomputer-a3-a3-high-flex-poo-27562461-njnx:97:698 [0] NCCL INFO NET/Plugin: Closing collnet plugin 'SHARP'
