gke-hypercomputer-a3-a3-high-flex-poo-27562461-njnx:926:926 [0] NCCL INFO Bootstrap : Using eth0:10.140.0.7<0>
gke-hypercomputer-a3-a3-high-flex-poo-27562461-njnx:926:926 [0] NCCL INFO cudaDriverVersion 13000
gke-hypercomputer-a3-a3-high-flex-poo-27562461-njnx:926:926 [0] NCCL INFO NCCL version 2.22.3+cuda12.6
gke-hypercomputer-a3-a3-high-flex-poo-27562461-njnx:926:1480 [0] NCCL INFO Plugin Path : /opt/hpcx/nccl_rdma_sharp_plugin/lib/libnccl-net.so
gke-hypercomputer-a3-a3-high-flex-poo-27562461-njnx:926:1480 [0] NCCL INFO P2P plugin v8 IBext_v8
gke-hypercomputer-a3-a3-high-flex-poo-27562461-njnx:926:1480 [0] NCCL INFO NET/IB : No device found.
gke-hypercomputer-a3-a3-high-flex-poo-27562461-njnx:926:1480 [0] NCCL INFO NET/IB : No device found.
gke-hypercomputer-a3-a3-high-flex-poo-27562461-njnx:926:1480 [0] NCCL INFO NET/Socket : Using [0]eth0:10.140.0.7<0>
gke-hypercomputer-a3-a3-high-flex-poo-27562461-njnx:926:1480 [0] NCCL INFO Using network Socket
gke-hypercomputer-a3-a3-high-flex-poo-27562461-njnx:926:1480 [0] NCCL INFO ncclCommInitRank comm 0x5c0785227700 rank 0 nranks 24 cudaDev 0 nvmlDev 0 busId 4000 commId 0xb69336f3e9f44051 - Init START
gke-hypercomputer-a3-a3-high-flex-poo-27562461-njnx:926:1480 [0] NCCL INFO MNNVL busId 0x4000 fabric UUID 0.0 cliqueId 0x0 state 3 healthMask 0x0
gke-hypercomputer-a3-a3-high-flex-poo-27562461-njnx:926:1480 [0] NCCL INFO Could not find real path of /sys/class/pci_bus/fffffff/../../fffffff:ff:f
gke-hypercomputer-a3-a3-high-flex-poo-27562461-njnx:926:1480 [0] NCCL INFO Topology detection : could not read /sys/devices/pci0000:00/0000:00:0c.0/max_link_speed, ignoring
gke-hypercomputer-a3-a3-high-flex-poo-27562461-njnx:926:1480 [0] NCCL INFO Topology detection : could not read /sys/devices/pci0000:00/0000:00:0c.0/../max_link_speed, ignoring
gke-hypercomputer-a3-a3-high-flex-poo-27562461-njnx:926:1480 [0] NCCL INFO Topology detection : could not read /sys/devices/pci0000:00/0000:00:0c.0/max_link_width, ignoring
gke-hypercomputer-a3-a3-high-flex-poo-27562461-njnx:926:1480 [0] NCCL INFO Topology detection : could not read /sys/devices/pci0000:00/0000:00:0c.0/../max_link_width, ignoring
gke-hypercomputer-a3-a3-high-flex-poo-27562461-njnx:926:1480 [0] NCCL INFO KV Convert to int : could not find value of '' in dictionary, falling back to 60
gke-hypercomputer-a3-a3-high-flex-poo-27562461-njnx:926:1480 [0] NCCL INFO === System : maxBw 12.0 totalBw 370.8 ===
gke-hypercomputer-a3-a3-high-flex-poo-27562461-njnx:926:1480 [0] NCCL INFO CPU/0-0 (1/1/2)
gke-hypercomputer-a3-a3-high-flex-poo-27562461-njnx:926:1480 [0] NCCL INFO + PCI[24.0] - PCI/0-2000 (10b5879610b58796)
gke-hypercomputer-a3-a3-high-flex-poo-27562461-njnx:926:1480 [0] NCCL INFO               + PCI[24.0] - GPU/0-4000 (0)
gke-hypercomputer-a3-a3-high-flex-poo-27562461-njnx:926:1480 [0] NCCL INFO                             + NVL[370.8] - NVS/0
gke-hypercomputer-a3-a3-high-flex-poo-27562461-njnx:926:1480 [0] NCCL INFO               + PCI[24.0] - GPU/0-5000 (1)
gke-hypercomputer-a3-a3-high-flex-poo-27562461-njnx:926:1480 [0] NCCL INFO                             + NVL[370.8] - NVS/0
gke-hypercomputer-a3-a3-high-flex-poo-27562461-njnx:926:1480 [0] NCCL INFO + PCI[24.0] - PCI/0-8000 (10b5879610b58796)
gke-hypercomputer-a3-a3-high-flex-poo-27562461-njnx:926:1480 [0] NCCL INFO               + PCI[24.0] - GPU/0-a000 (2)
gke-hypercomputer-a3-a3-high-flex-poo-27562461-njnx:926:1480 [0] NCCL INFO                             + NVL[370.8] - NVS/0
gke-hypercomputer-a3-a3-high-flex-poo-27562461-njnx:926:1480 [0] NCCL INFO               + PCI[24.0] - GPU/0-b000 (3)
gke-hypercomputer-a3-a3-high-flex-poo-27562461-njnx:926:1480 [0] NCCL INFO                             + NVL[370.8] - NVS/0
gke-hypercomputer-a3-a3-high-flex-poo-27562461-njnx:926:1480 [0] NCCL INFO + PCI[12.0] - NIC/0-c0
gke-hypercomputer-a3-a3-high-flex-poo-27562461-njnx:926:1480 [0] NCCL INFO               + NET[25.0] - NET/0 (0/0/25.000000)
gke-hypercomputer-a3-a3-high-flex-poo-27562461-njnx:926:1480 [0] NCCL INFO + SYS[10.0] - CPU/1
gke-hypercomputer-a3-a3-high-flex-poo-27562461-njnx:926:1480 [0] NCCL INFO CPU/0-1 (1/1/2)
gke-hypercomputer-a3-a3-high-flex-poo-27562461-njnx:926:1480 [0] NCCL INFO + PCI[24.0] - PCI/0-82000 (10b5879610b58796)
gke-hypercomputer-a3-a3-high-flex-poo-27562461-njnx:926:1480 [0] NCCL INFO               + PCI[24.0] - GPU/0-84000 (4)
gke-hypercomputer-a3-a3-high-flex-poo-27562461-njnx:926:1480 [0] NCCL INFO                             + NVL[370.8] - NVS/0
gke-hypercomputer-a3-a3-high-flex-poo-27562461-njnx:926:1480 [0] NCCL INFO               + PCI[24.0] - GPU/0-85000 (5)
gke-hypercomputer-a3-a3-high-flex-poo-27562461-njnx:926:1480 [0] NCCL INFO                             + NVL[370.8] - NVS/0
gke-hypercomputer-a3-a3-high-flex-poo-27562461-njnx:926:1480 [0] NCCL INFO + PCI[24.0] - PCI/0-88000 (10b5879610b58796)
gke-hypercomputer-a3-a3-high-flex-poo-27562461-njnx:926:1480 [0] NCCL INFO               + PCI[24.0] - GPU/0-8a000 (6)
gke-hypercomputer-a3-a3-high-flex-poo-27562461-njnx:926:1480 [0] NCCL INFO                             + NVL[370.8] - NVS/0
gke-hypercomputer-a3-a3-high-flex-poo-27562461-njnx:926:1480 [0] NCCL INFO               + PCI[24.0] - GPU/0-8b000 (7)
gke-hypercomputer-a3-a3-high-flex-poo-27562461-njnx:926:1480 [0] NCCL INFO                             + NVL[370.8] - NVS/0
gke-hypercomputer-a3-a3-high-flex-poo-27562461-njnx:926:1480 [0] NCCL INFO + SYS[10.0] - CPU/0
gke-hypercomputer-a3-a3-high-flex-poo-27562461-njnx:926:1480 [0] NCCL INFO ==========================================
gke-hypercomputer-a3-a3-high-flex-poo-27562461-njnx:926:1480 [0] NCCL INFO GPU/4000 :GPU/0-4000 (0/5000.0/LOC) GPU/0-5000 (2/370.8/NVL) GPU/0-a000 (2/370.8/NVL) GPU/0-b000 (2/370.8/NVL) GPU/0-84000 (2/370.8/NVL) GPU/0-85000 (2/370.8/NVL) GPU/0-8a000 (2/370.8/NVL) GPU/0-8b000 (2/370.8/NVL) NVS/0-0 (1/370.8/NVL) CPU/0-0 (2/24.0/PHB) CPU/0-1 (3/10.0/SYS) NET/0-0 (4/12.0/PHB) 
gke-hypercomputer-a3-a3-high-flex-poo-27562461-njnx:926:1480 [0] NCCL INFO GPU/5000 :GPU/0-4000 (2/370.8/NVL) GPU/0-5000 (0/5000.0/LOC) GPU/0-a000 (2/370.8/NVL) GPU/0-b000 (2/370.8/NVL) GPU/0-84000 (2/370.8/NVL) GPU/0-85000 (2/370.8/NVL) GPU/0-8a000 (2/370.8/NVL) GPU/0-8b000 (2/370.8/NVL) NVS/0-0 (1/370.8/NVL) CPU/0-0 (2/24.0/PHB) CPU/0-1 (3/10.0/SYS) NET/0-0 (4/12.0/PHB) 
gke-hypercomputer-a3-a3-high-flex-poo-27562461-njnx:926:1480 [0] NCCL INFO GPU/A000 :GPU/0-4000 (2/370.8/NVL) GPU/0-5000 (2/370.8/NVL) GPU/0-a000 (0/5000.0/LOC) GPU/0-b000 (2/370.8/NVL) GPU/0-84000 (2/370.8/NVL) GPU/0-85000 (2/370.8/NVL) GPU/0-8a000 (2/370.8/NVL) GPU/0-8b000 (2/370.8/NVL) NVS/0-0 (1/370.8/NVL) CPU/0-0 (2/24.0/PHB) CPU/0-1 (3/10.0/SYS) NET/0-0 (4/12.0/PHB) 
gke-hypercomputer-a3-a3-high-flex-poo-27562461-njnx:926:1480 [0] NCCL INFO GPU/B000 :GPU/0-4000 (2/370.8/NVL) GPU/0-5000 (2/370.8/NVL) GPU/0-a000 (2/370.8/NVL) GPU/0-b000 (0/5000.0/LOC) GPU/0-84000 (2/370.8/NVL) GPU/0-85000 (2/370.8/NVL) GPU/0-8a000 (2/370.8/NVL) GPU/0-8b000 (2/370.8/NVL) NVS/0-0 (1/370.8/NVL) CPU/0-0 (2/24.0/PHB) CPU/0-1 (3/10.0/SYS) NET/0-0 (4/12.0/PHB) 
gke-hypercomputer-a3-a3-high-flex-poo-27562461-njnx:926:1480 [0] NCCL INFO GPU/84000 :GPU/0-4000 (2/370.8/NVL) GPU/0-5000 (2/370.8/NVL) GPU/0-a000 (2/370.8/NVL) GPU/0-b000 (2/370.8/NVL) GPU/0-84000 (0/5000.0/LOC) GPU/0-85000 (2/370.8/NVL) GPU/0-8a000 (2/370.8/NVL) GPU/0-8b000 (2/370.8/NVL) NVS/0-0 (1/370.8/NVL) CPU/0-0 (3/10.0/SYS) CPU/0-1 (2/24.0/PHB) NET/0-0 (5/10.0/SYS) 
gke-hypercomputer-a3-a3-high-flex-poo-27562461-njnx:926:1480 [0] NCCL INFO GPU/85000 :GPU/0-4000 (2/370.8/NVL) GPU/0-5000 (2/370.8/NVL) GPU/0-a000 (2/370.8/NVL) GPU/0-b000 (2/370.8/NVL) GPU/0-84000 (2/370.8/NVL) GPU/0-85000 (0/5000.0/LOC) GPU/0-8a000 (2/370.8/NVL) GPU/0-8b000 (2/370.8/NVL) NVS/0-0 (1/370.8/NVL) CPU/0-0 (3/10.0/SYS) CPU/0-1 (2/24.0/PHB) NET/0-0 (5/10.0/SYS) 
gke-hypercomputer-a3-a3-high-flex-poo-27562461-njnx:926:1480 [0] NCCL INFO GPU/8A000 :GPU/0-4000 (2/370.8/NVL) GPU/0-5000 (2/370.8/NVL) GPU/0-a000 (2/370.8/NVL) GPU/0-b000 (2/370.8/NVL) GPU/0-84000 (2/370.8/NVL) GPU/0-85000 (2/370.8/NVL) GPU/0-8a000 (0/5000.0/LOC) GPU/0-8b000 (2/370.8/NVL) NVS/0-0 (1/370.8/NVL) CPU/0-0 (3/10.0/SYS) CPU/0-1 (2/24.0/PHB) NET/0-0 (5/10.0/SYS) 
gke-hypercomputer-a3-a3-high-flex-poo-27562461-njnx:926:1480 [0] NCCL INFO GPU/8B000 :GPU/0-4000 (2/370.8/NVL) GPU/0-5000 (2/370.8/NVL) GPU/0-a000 (2/370.8/NVL) GPU/0-b000 (2/370.8/NVL) GPU/0-84000 (2/370.8/NVL) GPU/0-85000 (2/370.8/NVL) GPU/0-8a000 (2/370.8/NVL) GPU/0-8b000 (0/5000.0/LOC) NVS/0-0 (1/370.8/NVL) CPU/0-0 (3/10.0/SYS) CPU/0-1 (2/24.0/PHB) NET/0-0 (5/10.0/SYS) 
gke-hypercomputer-a3-a3-high-flex-poo-27562461-njnx:926:1480 [0] NCCL INFO NET/0 :GPU/0-4000 (4/12.0/PHB) GPU/0-5000 (4/12.0/PHB) GPU/0-a000 (4/12.0/PHB) GPU/0-b000 (4/12.0/PHB) GPU/0-84000 (5/10.0/SYS) GPU/0-85000 (5/10.0/SYS) GPU/0-8a000 (5/10.0/SYS) GPU/0-8b000 (5/10.0/SYS) CPU/0-0 (2/12.0/PHB) CPU/0-1 (3/10.0/SYS) NET/0-0 (0/5000.0/LOC) 
gke-hypercomputer-a3-a3-high-flex-poo-27562461-njnx:926:1480 [0] NCCL INFO Setting affinity for GPU 0 to 0fffffff,ffffff00,00000000,000fffff,ffffffff
gke-hypercomputer-a3-a3-high-flex-poo-27562461-njnx:926:1480 [0] NCCL INFO NVLS multicast support is available on dev 0
gke-hypercomputer-a3-a3-high-flex-poo-27562461-njnx:926:1480 [0] NCCL INFO Pattern 4, crossNic 0, nChannels 4, bw 2.400000/2.400000, type NVL/PHB, sameChannels 1
gke-hypercomputer-a3-a3-high-flex-poo-27562461-njnx:926:1480 [0] NCCL INFO  0 : NET/0 GPU/0 GPU/7 GPU/6 GPU/5 GPU/4 GPU/3 GPU/2 GPU/1 NET/0
gke-hypercomputer-a3-a3-high-flex-poo-27562461-njnx:926:1480 [0] NCCL INFO  1 : NET/0 GPU/0 GPU/7 GPU/6 GPU/5 GPU/4 GPU/3 GPU/2 GPU/1 NET/0
gke-hypercomputer-a3-a3-high-flex-poo-27562461-njnx:926:1480 [0] NCCL INFO  2 : NET/0 GPU/0 GPU/7 GPU/6 GPU/5 GPU/4 GPU/3 GPU/2 GPU/1 NET/0
gke-hypercomputer-a3-a3-high-flex-poo-27562461-njnx:926:1480 [0] NCCL INFO  3 : NET/0 GPU/0 GPU/7 GPU/6 GPU/5 GPU/4 GPU/3 GPU/2 GPU/1 NET/0
gke-hypercomputer-a3-a3-high-flex-poo-27562461-njnx:926:1480 [0] NCCL INFO Pattern 1, crossNic 0, nChannels 4, bw 6.000000/2.400000, type NVL/PHB, sameChannels 1
gke-hypercomputer-a3-a3-high-flex-poo-27562461-njnx:926:1480 [0] NCCL INFO  0 : NET/0 GPU/0 GPU/1 GPU/2 GPU/3 GPU/4 GPU/5 GPU/6 GPU/7 NET/0
gke-hypercomputer-a3-a3-high-flex-poo-27562461-njnx:926:1480 [0] NCCL INFO  1 : NET/0 GPU/0 GPU/1 GPU/2 GPU/3 GPU/4 GPU/5 GPU/6 GPU/7 NET/0
gke-hypercomputer-a3-a3-high-flex-poo-27562461-njnx:926:1480 [0] NCCL INFO  2 : NET/0 GPU/0 GPU/1 GPU/2 GPU/3 GPU/4 GPU/5 GPU/6 GPU/7 NET/0
gke-hypercomputer-a3-a3-high-flex-poo-27562461-njnx:926:1480 [0] NCCL INFO  3 : NET/0 GPU/0 GPU/1 GPU/2 GPU/3 GPU/4 GPU/5 GPU/6 GPU/7 NET/0
gke-hypercomputer-a3-a3-high-flex-poo-27562461-njnx:926:1480 [0] NCCL INFO Pattern 5, crossNic 0, nChannels 1, bw 6.000000/6.000000, type NVL/PHB, sameChannels 0
gke-hypercomputer-a3-a3-high-flex-poo-27562461-njnx:926:1480 [0] NCCL INFO  0 : NET/0 GPU/0 GPU/0 GPU/0 GPU/0 GPU/0 GPU/0 GPU/0 GPU/0 NET/0
gke-hypercomputer-a3-a3-high-flex-poo-27562461-njnx:926:1480 [0] NCCL INFO comm 0x5c0785227700 rank 0 nRanks 24 nNodes 3 localRanks 8 localRank 0 MNNVL 0
gke-hypercomputer-a3-a3-high-flex-poo-27562461-njnx:926:1480 [0] NCCL INFO Tree 0 : -1 -> 0 -> 1/16/-1
gke-hypercomputer-a3-a3-high-flex-poo-27562461-njnx:926:1480 [0] NCCL INFO Tree 4 : 8 -> 0 -> 1/-1/-1
gke-hypercomputer-a3-a3-high-flex-poo-27562461-njnx:926:1480 [0] NCCL INFO Tree 1 : -1 -> 0 -> 1/16/-1
gke-hypercomputer-a3-a3-high-flex-poo-27562461-njnx:926:1480 [0] NCCL INFO Tree 5 : 8 -> 0 -> 1/-1/-1
gke-hypercomputer-a3-a3-high-flex-poo-27562461-njnx:926:1480 [0] NCCL INFO Tree 2 : -1 -> 0 -> 1/16/-1
gke-hypercomputer-a3-a3-high-flex-poo-27562461-njnx:926:1480 [0] NCCL INFO Tree 6 : 8 -> 0 -> 1/-1/-1
gke-hypercomputer-a3-a3-high-flex-poo-27562461-njnx:926:1480 [0] NCCL INFO Tree 3 : -1 -> 0 -> 1/16/-1
gke-hypercomputer-a3-a3-high-flex-poo-27562461-njnx:926:1480 [0] NCCL INFO Tree 7 : 8 -> 0 -> 1/-1/-1
gke-hypercomputer-a3-a3-high-flex-poo-27562461-njnx:926:1480 [0] NCCL INFO NVLS Head  0:  0  8 16
gke-hypercomputer-a3-a3-high-flex-poo-27562461-njnx:926:1480 [0] NCCL INFO NVLS Trees : 25/16/-1->0->-1 25/16/-1->0->8
gke-hypercomputer-a3-a3-high-flex-poo-27562461-njnx:926:1480 [0] NCCL INFO Channel 00/16 :    0   7   6   5   4   3   2   1   8  15  14  13  12  11  10   9  16  23  22  21
gke-hypercomputer-a3-a3-high-flex-poo-27562461-njnx:926:1480 [0] NCCL INFO Channel 01/16 :    0   7   6   5   4   3   2   1   8  15  14  13  12  11  10   9  16  23  22  21
gke-hypercomputer-a3-a3-high-flex-poo-27562461-njnx:926:1480 [0] NCCL INFO Channel 02/16 :    0   7   6   5   4   3   2   1   8  15  14  13  12  11  10   9  16  23  22  21
gke-hypercomputer-a3-a3-high-flex-poo-27562461-njnx:926:1480 [0] NCCL INFO Channel 03/16 :    0   7   6   5   4   3   2   1   8  15  14  13  12  11  10   9  16  23  22  21
gke-hypercomputer-a3-a3-high-flex-poo-27562461-njnx:926:1480 [0] NCCL INFO Channel 04/16 :    0   7   6   5   4   3   2   1   8  15  14  13  12  11  10   9  16  23  22  21
gke-hypercomputer-a3-a3-high-flex-poo-27562461-njnx:926:1480 [0] NCCL INFO Channel 05/16 :    0   7   6   5   4   3   2   1   8  15  14  13  12  11  10   9  16  23  22  21
gke-hypercomputer-a3-a3-high-flex-poo-27562461-njnx:926:1480 [0] NCCL INFO Channel 06/16 :    0   7   6   5   4   3   2   1   8  15  14  13  12  11  10   9  16  23  22  21
gke-hypercomputer-a3-a3-high-flex-poo-27562461-njnx:926:1480 [0] NCCL INFO Channel 07/16 :    0   7   6   5   4   3   2   1   8  15  14  13  12  11  10   9  16  23  22  21
gke-hypercomputer-a3-a3-high-flex-poo-27562461-njnx:926:1480 [0] NCCL INFO Channel 08/16 :    0   7   6   5   4   3   2   1   8  15  14  13  12  11  10   9  16  23  22  21
gke-hypercomputer-a3-a3-high-flex-poo-27562461-njnx:926:1480 [0] NCCL INFO Channel 09/16 :    0   7   6   5   4   3   2   1   8  15  14  13  12  11  10   9  16  23  22  21
gke-hypercomputer-a3-a3-high-flex-poo-27562461-njnx:926:1480 [0] NCCL INFO Channel 10/16 :    0   7   6   5   4   3   2   1   8  15  14  13  12  11  10   9  16  23  22  21
gke-hypercomputer-a3-a3-high-flex-poo-27562461-njnx:926:1480 [0] NCCL INFO Channel 11/16 :    0   7   6   5   4   3   2   1   8  15  14  13  12  11  10   9  16  23  22  21
gke-hypercomputer-a3-a3-high-flex-poo-27562461-njnx:926:1480 [0] NCCL INFO Channel 12/16 :    0   7   6   5   4   3   2   1   8  15  14  13  12  11  10   9  16  23  22  21
gke-hypercomputer-a3-a3-high-flex-poo-27562461-njnx:926:1480 [0] NCCL INFO Channel 13/16 :    0   7   6   5   4   3   2   1   8  15  14  13  12  11  10   9  16  23  22  21
gke-hypercomputer-a3-a3-high-flex-poo-27562461-njnx:926:1480 [0] NCCL INFO Channel 14/16 :    0   7   6   5   4   3   2   1   8  15  14  13  12  11  10   9  16  23  22  21
gke-hypercomputer-a3-a3-high-flex-poo-27562461-njnx:926:1480 [0] NCCL INFO Channel 15/16 :    0   7   6   5   4   3   2   1   8  15  14  13  12  11  10   9  16  23  22  21
gke-hypercomputer-a3-a3-high-flex-poo-27562461-njnx:926:1480 [0] NCCL INFO Ring 00 : 17 -> 0 -> 7
gke-hypercomputer-a3-a3-high-flex-poo-27562461-njnx:926:1480 [0] NCCL INFO Ring 01 : 17 -> 0 -> 7
gke-hypercomputer-a3-a3-high-flex-poo-27562461-njnx:926:1480 [0] NCCL INFO Ring 02 : 17 -> 0 -> 7
gke-hypercomputer-a3-a3-high-flex-poo-27562461-njnx:926:1480 [0] NCCL INFO Ring 03 : 17 -> 0 -> 7
gke-hypercomputer-a3-a3-high-flex-poo-27562461-njnx:926:1480 [0] NCCL INFO Ring 04 : 17 -> 0 -> 7
gke-hypercomputer-a3-a3-high-flex-poo-27562461-njnx:926:1480 [0] NCCL INFO Ring 05 : 17 -> 0 -> 7
gke-hypercomputer-a3-a3-high-flex-poo-27562461-njnx:926:1480 [0] NCCL INFO Ring 06 : 17 -> 0 -> 7
gke-hypercomputer-a3-a3-high-flex-poo-27562461-njnx:926:1480 [0] NCCL INFO Ring 07 : 17 -> 0 -> 7
gke-hypercomputer-a3-a3-high-flex-poo-27562461-njnx:926:1480 [0] NCCL INFO Ring 08 : 17 -> 0 -> 7
gke-hypercomputer-a3-a3-high-flex-poo-27562461-njnx:926:1480 [0] NCCL INFO Ring 09 : 17 -> 0 -> 7
gke-hypercomputer-a3-a3-high-flex-poo-27562461-njnx:926:1480 [0] NCCL INFO Ring 10 : 17 -> 0 -> 7
gke-hypercomputer-a3-a3-high-flex-poo-27562461-njnx:926:1480 [0] NCCL INFO Ring 11 : 17 -> 0 -> 7
gke-hypercomputer-a3-a3-high-flex-poo-27562461-njnx:926:1480 [0] NCCL INFO Ring 12 : 17 -> 0 -> 7
gke-hypercomputer-a3-a3-high-flex-poo-27562461-njnx:926:1480 [0] NCCL INFO Ring 13 : 17 -> 0 -> 7
gke-hypercomputer-a3-a3-high-flex-poo-27562461-njnx:926:1480 [0] NCCL INFO Ring 14 : 17 -> 0 -> 7
gke-hypercomputer-a3-a3-high-flex-poo-27562461-njnx:926:1480 [0] NCCL INFO Ring 15 : 17 -> 0 -> 7
gke-hypercomputer-a3-a3-high-flex-poo-27562461-njnx:926:1480 [0] NCCL INFO Trees [0] 1/16/-1->0->-1 [1] 1/16/-1->0->-1 [2] 1/16/-1->0->-1 [3] 1/16/-1->0->-1 [4] 1/-1/-1->0->8 [5] 1/-1/-1->0->8 [6] 1/-1/-1->0->8 [7] 1/-1/-1->0->8 [8] 1/16/-1->0->-1 [9] 1/16/-1->0->-1 [10] 1/16/-1->0->-1 [11] 1/16/-1->0->-1 [12] 1/-1/-1->0->8 [13] 1/-1/-1->0->8 [14] 1/-1/-1->0->8 [15] 1/-1/-1->0->8
gke-hypercomputer-a3-a3-high-flex-poo-27562461-njnx:926:1480 [0] NCCL INFO P2P Chunksize set to 131072
gke-hypercomputer-a3-a3-high-flex-poo-27562461-njnx:926:1480 [0] NCCL INFO threadThresholds 8/8/64 | 192/8/64 | 512 | 512
gke-hypercomputer-a3-a3-high-flex-poo-27562461-njnx:926:1480 [0] NCCL INFO 16 coll channels, 16 collnet channels, 16 nvls channels, 16 p2p channels, 2 p2p channels per peer
gke-hypercomputer-a3-a3-high-flex-poo-27562461-njnx:926:1480 [0] NCCL INFO CC Off, Multi-GPU CC Off, workFifoBytes 1048576
gke-hypercomputer-a3-a3-high-flex-poo-27562461-njnx:926:1480 [0] NCCL INFO ncclCommInitRank comm 0x5c0785227700 rank 0 nranks 24 cudaDev 0 nvmlDev 0 busId 4000 commId 0xb69336f3e9f44051 - Init COMPLETE
gke-hypercomputer-a3-a3-high-flex-poo-27562461-njnx:926:1480 [0] NCCL INFO Init timings: rank 0 nranks 24 total 1.52 (kernels 0.19, bootstrap 0.93, allgathers 0.05, topo 0.05, graphs 0.06, connections 0.24, rest 0.00)
gke-hypercomputer-a3-a3-high-flex-poo-27562461-njnx:926:1509 [0] NCCL INFO Channel 00/0 : 0[0] -> 1[1] via P2P/CUMEM
gke-hypercomputer-a3-a3-high-flex-poo-27562461-njnx:926:1509 [0] NCCL INFO Channel 01/0 : 0[0] -> 1[1] via P2P/CUMEM
gke-hypercomputer-a3-a3-high-flex-poo-27562461-njnx:926:1509 [0] NCCL INFO Channel 02/0 : 0[0] -> 1[1] via P2P/CUMEM
gke-hypercomputer-a3-a3-high-flex-poo-27562461-njnx:926:1509 [0] NCCL INFO Channel 03/0 : 0[0] -> 1[1] via P2P/CUMEM
gke-hypercomputer-a3-a3-high-flex-poo-27562461-njnx:926:1509 [0] NCCL INFO Channel 04/0 : 0[0] -> 1[1] via P2P/CUMEM
gke-hypercomputer-a3-a3-high-flex-poo-27562461-njnx:926:1509 [0] NCCL INFO Channel 05/0 : 0[0] -> 1[1] via P2P/CUMEM
gke-hypercomputer-a3-a3-high-flex-poo-27562461-njnx:926:1509 [0] NCCL INFO Channel 06/0 : 0[0] -> 1[1] via P2P/CUMEM
gke-hypercomputer-a3-a3-high-flex-poo-27562461-njnx:926:1509 [0] NCCL INFO Channel 07/0 : 0[0] -> 1[1] via P2P/CUMEM
gke-hypercomputer-a3-a3-high-flex-poo-27562461-njnx:926:1509 [0] NCCL INFO Channel 08/0 : 0[0] -> 1[1] via P2P/CUMEM
gke-hypercomputer-a3-a3-high-flex-poo-27562461-njnx:926:1509 [0] NCCL INFO Channel 09/0 : 0[0] -> 1[1] via P2P/CUMEM
gke-hypercomputer-a3-a3-high-flex-poo-27562461-njnx:926:1509 [0] NCCL INFO Channel 10/0 : 0[0] -> 1[1] via P2P/CUMEM
gke-hypercomputer-a3-a3-high-flex-poo-27562461-njnx:926:1509 [0] NCCL INFO Channel 11/0 : 0[0] -> 1[1] via P2P/CUMEM
gke-hypercomputer-a3-a3-high-flex-poo-27562461-njnx:926:1509 [0] NCCL INFO Channel 12/0 : 0[0] -> 1[1] via P2P/CUMEM
gke-hypercomputer-a3-a3-high-flex-poo-27562461-njnx:926:1509 [0] NCCL INFO Channel 13/0 : 0[0] -> 1[1] via P2P/CUMEM
gke-hypercomputer-a3-a3-high-flex-poo-27562461-njnx:926:1509 [0] NCCL INFO Channel 14/0 : 0[0] -> 1[1] via P2P/CUMEM
gke-hypercomputer-a3-a3-high-flex-poo-27562461-njnx:926:1509 [0] NCCL INFO Channel 15/0 : 0[0] -> 1[1] via P2P/CUMEM
gke-hypercomputer-a3-a3-high-flex-poo-27562461-njnx:926:1493 [0] NCCL INFO NET/Socket: Using 4 threads and 1 sockets per thread
gke-hypercomputer-a3-a3-high-flex-poo-27562461-njnx:926:1509 [0] NCCL INFO Channel 00/0 : 16[0] -> 0[0] [receive] via NET/Socket/0
gke-hypercomputer-a3-a3-high-flex-poo-27562461-njnx:926:1493 [0] NCCL INFO NET/Socket: Using 4 threads and 1 sockets per thread
gke-hypercomputer-a3-a3-high-flex-poo-27562461-njnx:926:1509 [0] NCCL INFO Channel 01/0 : 16[0] -> 0[0] [receive] via NET/Socket/0
gke-hypercomputer-a3-a3-high-flex-poo-27562461-njnx:926:1493 [0] NCCL INFO NET/Socket: Using 4 threads and 1 sockets per thread
gke-hypercomputer-a3-a3-high-flex-poo-27562461-njnx:926:1509 [0] NCCL INFO Channel 02/0 : 16[0] -> 0[0] [receive] via NET/Socket/0
gke-hypercomputer-a3-a3-high-flex-poo-27562461-njnx:926:1493 [0] NCCL INFO NET/Socket: Using 4 threads and 1 sockets per thread
gke-hypercomputer-a3-a3-high-flex-poo-27562461-njnx:926:1509 [0] NCCL INFO Channel 03/0 : 16[0] -> 0[0] [receive] via NET/Socket/0
gke-hypercomputer-a3-a3-high-flex-poo-27562461-njnx:926:1493 [0] NCCL INFO NET/Socket: Using 4 threads and 1 sockets per thread
gke-hypercomputer-a3-a3-high-flex-poo-27562461-njnx:926:1509 [0] NCCL INFO Channel 08/0 : 16[0] -> 0[0] [receive] via NET/Socket/0
gke-hypercomputer-a3-a3-high-flex-poo-27562461-njnx:926:1493 [0] NCCL INFO NET/Socket: Using 4 threads and 1 sockets per thread
gke-hypercomputer-a3-a3-high-flex-poo-27562461-njnx:926:1509 [0] NCCL INFO Channel 09/0 : 16[0] -> 0[0] [receive] via NET/Socket/0
gke-hypercomputer-a3-a3-high-flex-poo-27562461-njnx:926:1493 [0] NCCL INFO NET/Socket: Using 4 threads and 1 sockets per thread
gke-hypercomputer-a3-a3-high-flex-poo-27562461-njnx:926:1509 [0] NCCL INFO Channel 10/0 : 16[0] -> 0[0] [receive] via NET/Socket/0
gke-hypercomputer-a3-a3-high-flex-poo-27562461-njnx:926:1493 [0] NCCL INFO NET/Socket: Using 4 threads and 1 sockets per thread
gke-hypercomputer-a3-a3-high-flex-poo-27562461-njnx:926:1509 [0] NCCL INFO Channel 11/0 : 16[0] -> 0[0] [receive] via NET/Socket/0
gke-hypercomputer-a3-a3-high-flex-poo-27562461-njnx:926:1509 [0] NCCL INFO Channel 04/0 : 0[0] -> 8[0] [send] via NET/Socket/0
gke-hypercomputer-a3-a3-high-flex-poo-27562461-njnx:926:1509 [0] NCCL INFO Channel 05/0 : 0[0] -> 8[0] [send] via NET/Socket/0
gke-hypercomputer-a3-a3-high-flex-poo-27562461-njnx:926:1509 [0] NCCL INFO Channel 06/0 : 0[0] -> 8[0] [send] via NET/Socket/0
gke-hypercomputer-a3-a3-high-flex-poo-27562461-njnx:926:1509 [0] NCCL INFO Channel 07/0 : 0[0] -> 8[0] [send] via NET/Socket/0
gke-hypercomputer-a3-a3-high-flex-poo-27562461-njnx:926:1509 [0] NCCL INFO Channel 12/0 : 0[0] -> 8[0] [send] via NET/Socket/0
gke-hypercomputer-a3-a3-high-flex-poo-27562461-njnx:926:1509 [0] NCCL INFO Channel 13/0 : 0[0] -> 8[0] [send] via NET/Socket/0
gke-hypercomputer-a3-a3-high-flex-poo-27562461-njnx:926:1509 [0] NCCL INFO Channel 14/0 : 0[0] -> 8[0] [send] via NET/Socket/0
gke-hypercomputer-a3-a3-high-flex-poo-27562461-njnx:926:1509 [0] NCCL INFO Channel 15/0 : 0[0] -> 8[0] [send] via NET/Socket/0
gke-hypercomputer-a3-a3-high-flex-poo-27562461-njnx:926:1493 [0] NCCL INFO NET/Socket: Using 4 threads and 1 sockets per thread
gke-hypercomputer-a3-a3-high-flex-poo-27562461-njnx:926:1509 [0] NCCL INFO Channel 04/0 : 8[0] -> 0[0] [receive] via NET/Socket/0
gke-hypercomputer-a3-a3-high-flex-poo-27562461-njnx:926:1493 [0] NCCL INFO NET/Socket: Using 4 threads and 1 sockets per thread
gke-hypercomputer-a3-a3-high-flex-poo-27562461-njnx:926:1509 [0] NCCL INFO Channel 05/0 : 8[0] -> 0[0] [receive] via NET/Socket/0
gke-hypercomputer-a3-a3-high-flex-poo-27562461-njnx:926:1493 [0] NCCL INFO NET/Socket: Using 4 threads and 1 sockets per thread
gke-hypercomputer-a3-a3-high-flex-poo-27562461-njnx:926:1509 [0] NCCL INFO Channel 06/0 : 8[0] -> 0[0] [receive] via NET/Socket/0
gke-hypercomputer-a3-a3-high-flex-poo-27562461-njnx:926:1493 [0] NCCL INFO NET/Socket: Using 4 threads and 1 sockets per thread
gke-hypercomputer-a3-a3-high-flex-poo-27562461-njnx:926:1509 [0] NCCL INFO Channel 07/0 : 8[0] -> 0[0] [receive] via NET/Socket/0
gke-hypercomputer-a3-a3-high-flex-poo-27562461-njnx:926:1493 [0] NCCL INFO NET/Socket: Using 4 threads and 1 sockets per thread
gke-hypercomputer-a3-a3-high-flex-poo-27562461-njnx:926:1509 [0] NCCL INFO Channel 12/0 : 8[0] -> 0[0] [receive] via NET/Socket/0
gke-hypercomputer-a3-a3-high-flex-poo-27562461-njnx:926:1493 [0] NCCL INFO NET/Socket: Using 4 threads and 1 sockets per thread
gke-hypercomputer-a3-a3-high-flex-poo-27562461-njnx:926:1509 [0] NCCL INFO Channel 13/0 : 8[0] -> 0[0] [receive] via NET/Socket/0
gke-hypercomputer-a3-a3-high-flex-poo-27562461-njnx:926:1493 [0] NCCL INFO NET/Socket: Using 4 threads and 1 sockets per thread
gke-hypercomputer-a3-a3-high-flex-poo-27562461-njnx:926:1509 [0] NCCL INFO Channel 14/0 : 8[0] -> 0[0] [receive] via NET/Socket/0
gke-hypercomputer-a3-a3-high-flex-poo-2756# world_size=24  backend=nccl  warmup=5 iters=15
#       size        count    time_ms   algbw_GBps   busbw_GBps
          8B            2      0.425         0.00         0.00
         16B            4      0.316         0.00         0.00
         32B            8      0.316         0.00         0.00
         64B           16      0.318         0.00         0.00
        128B           32      0.317         0.00         0.00
        256B           64      0.323         0.00         0.00
        512B          128      0.326         0.00         0.00
         1KB          256      0.321         0.00         0.01
         2KB          512      0.347         0.01         0.01
         4KB         1024      0.372         0.01         0.02
         8KB         2048      0.395         0.02         0.04
        16KB         4096      0.406         0.04         0.08
        32KB         8192      0.423         0.08         0.15
        64KB        16384      0.491         0.13         0.26
       128KB        32768      0.542         0.24         0.46
       256KB        65536      0.562         0.47         0.89
       512KB       131072      0.696         0.75         1.44
         1MB       262144      0.813         1.29         2.47
         2MB       524288      1.202         1.74         3.34
         4MB      1048576      1.771         2.37         4.54
         8MB      2097152      2.155         3.89         7.46
        16MB      4194304      2.992         5.61        10.75
        32MB      8388608      4.451         7.54        14.45
        64MB     16777216     10.098         6.65        12.74
       128MB     33554432     14.848         9.04        17.33
       256MB     67108864     28.121         9.55        18.30
       512MB    134217728     51.783        10.37        19.87
         1GB    268435456    114.453         9.38        17.98
# done
2461-njnx:926:1493 [0] NCCL INFO NET/Socket: Using 4 threads and 1 sockets per thread
gke-hypercomputer-a3-a3-high-flex-poo-27562461-njnx:926:1509 [0] NCCL INFO Channel 15/0 : 8[0] -> 0[0] [receive] via NET/Socket/0
gke-hypercomputer-a3-a3-high-flex-poo-27562461-njnx:926:1509 [0] NCCL INFO Channel 00/0 : 0[0] -> 16[0] [send] via NET/Socket/0
gke-hypercomputer-a3-a3-high-flex-poo-27562461-njnx:926:1509 [0] NCCL INFO Channel 01/0 : 0[0] -> 16[0] [send] via NET/Socket/0
gke-hypercomputer-a3-a3-high-flex-poo-27562461-njnx:926:1509 [0] NCCL INFO Channel 02/0 : 0[0] -> 16[0] [send] via NET/Socket/0
gke-hypercomputer-a3-a3-high-flex-poo-27562461-njnx:926:1509 [0] NCCL INFO Channel 03/0 : 0[0] -> 16[0] [send] via NET/Socket/0
gke-hypercomputer-a3-a3-high-flex-poo-27562461-njnx:926:1509 [0] NCCL INFO Channel 08/0 : 0[0] -> 16[0] [send] via NET/Socket/0
gke-hypercomputer-a3-a3-high-flex-poo-27562461-njnx:926:1509 [0] NCCL INFO Channel 09/0 : 0[0] -> 16[0] [send] via NET/Socket/0
gke-hypercomputer-a3-a3-high-flex-poo-27562461-njnx:926:1509 [0] NCCL INFO Channel 10/0 : 0[0] -> 16[0] [send] via NET/Socket/0
gke-hypercomputer-a3-a3-high-flex-poo-27562461-njnx:926:1509 [0] NCCL INFO Channel 11/0 : 0[0] -> 16[0] [send] via NET/Socket/0
gke-hypercomputer-a3-a3-high-flex-poo-27562461-njnx:926:1509 [0] NCCL INFO Connected all trees
gke-hypercomputer-a3-a3-high-flex-poo-27562461-njnx:926:1708 [0] NCCL INFO misc/socket.cc:47 -> 3
gke-hypercomputer-a3-a3-high-flex-poo-27562461-njnx:926:1708 [0] NCCL INFO misc/socket.cc:550 -> 3
gke-hypercomputer-a3-a3-high-flex-poo-27562461-njnx:926:1708 [0] NCCL INFO misc/socket.cc:573 -> 3
gke-hypercomputer-a3-a3-high-flex-poo-27562461-njnx:926:1708 [0] NCCL INFO misc/socket.cc:621 -> 3
gke-hypercomputer-a3-a3-high-flex-poo-27562461-njnx:926:1493 [0] NCCL INFO misc/socket.cc:47 -> 3
gke-hypercomputer-a3-a3-high-flex-poo-27562461-njnx:926:1493 [0] NCCL INFO misc/socket.cc:752 -> 3
gke-hypercomputer-a3-a3-high-flex-poo-27562461-njnx:926:1493 [0] NCCL INFO misc/socket.cc:428 -> 3
gke-hypercomputer-a3-a3-high-flex-poo-27562461-njnx:926:1493 [0] NCCL INFO misc/socket.cc:564 -> 3
gke-hypercomputer-a3-a3-high-flex-poo-27562461-njnx:926:1493 [0] NCCL INFO misc/socket.cc:668 -> 3

gke-hypercomputer-a3-a3-high-flex-poo-27562461-njnx:926:1493 [0] proxy.cc:1458 NCCL WARN [Service thread] Accept failed Operation now in progress
gke-hypercomputer-a3-a3-high-flex-poo-27562461-njnx:926:1708 [0] NCCL INFO misc/socket.cc:47 -> 3
gke-hypercomputer-a3-a3-high-flex-poo-27562461-njnx:926:1708 [0] NCCL INFO misc/socket.cc:58 -> 3
gke-hypercomputer-a3-a3-high-flex-poo-27562461-njnx:926:1708 [0] NCCL INFO misc/socket.cc:775 -> 3
gke-hypercomputer-a3-a3-high-flex-poo-27562461-njnx:926:1493 [0] NCCL INFO misc/socket.cc:826 -> 3

gke-hypercomputer-a3-a3-high-flex-poo-27562461-njnx:926:1493 [0] proxy.cc:1497 NCCL WARN [Service thread] Could not receive type from localRank 0, res=3, closed=0

gke-hypercomputer-a3-a3-high-flex-poo-27562461-njnx:926:1493 [0] proxy.cc:1521 NCCL WARN [Proxy Service 0] Failed to execute operation Close from rank 0, retcode 3
gke-hypercomputer-a3-a3-high-flex-poo-27562461-njnx:926:1708 [0] NCCL INFO comm 0x5c0785227700 rank 0 nranks 24 cudaDev 0 busId 4000 - Abort COMPLETE
