gke-hypercomputer-a3-a3-h100-dws-pool-16664d9c-hv7m:1596:1596 [0] NCCL INFO NCCL_SOCKET_IFNAME set to eth0
gke-hypercomputer-a3-a3-h100-dws-pool-16664d9c-hv7m:1596:1596 [0] NCCL INFO Bootstrap : Using eth0:10.128.0.52<0>
gke-hypercomputer-a3-a3-h100-dws-pool-16664d9c-hv7m:1596:1596 [0] NCCL INFO cudaDriverVersion 12060
gke-hypercomputer-a3-a3-h100-dws-pool-16664d9c-hv7m:1596:1596 [0] NCCL INFO NCCL version 2.22.3+cuda12.6
gke-hypercomputer-a3-a3-h100-dws-pool-16664d9c-hv7m:1596:2150 [0] NCCL INFO Plugin Path : /opt/hpcx/nccl_rdma_sharp_plugin/lib/libnccl-net.so
gke-hypercomputer-a3-a3-h100-dws-pool-16664d9c-hv7m:1596:2150 [0] NCCL INFO P2P plugin v8 IBext_v8
gke-hypercomputer-a3-a3-h100-dws-pool-16664d9c-hv7m:1596:2150 [0] NCCL INFO NCCL_SOCKET_IFNAME set to eth0
gke-hypercomputer-a3-a3-h100-dws-pool-16664d9c-hv7m:1596:2150 [0] NCCL INFO NET/IB : No device found.
gke-hypercomputer-a3-a3-h100-dws-pool-16664d9c-hv7m:1596:2150 [0] NCCL INFO NET/IB : No device found.
gke-hypercomputer-a3-a3-h100-dws-pool-16664d9c-hv7m:1596:2150 [0] NCCL INFO NET/Socket : Using [0]eth0:10.128.0.52<0>
gke-hypercomputer-a3-a3-h100-dws-pool-16664d9c-hv7m:1596:2150 [0] NCCL INFO Using network Socket
gke-hypercomputer-a3-a3-h100-dws-pool-16664d9c-hv7m:1596:2150 [0] NCCL INFO ncclCommInitRank comm 0x5c2a441bfb30 rank 0 nranks 16 cudaDev 0 nvmlDev 0 busId 4000 commId 0x19e57876c4cebd96 - Init START
gke-hypercomputer-a3-a3-h100-dws-pool-16664d9c-hv7m:1596:2150 [0] NCCL INFO NET/Socket : GPU Direct RDMA Disabled for HCA 0 'eth0'
gke-hypercomputer-a3-a3-h100-dws-pool-16664d9c-hv7m:1596:2150 [0] NCCL INFO Setting affinity for GPU 0 to 0fffffff,ffffff00,00000000,000fffff,ffffffff
gke-hypercomputer-a3-a3-h100-dws-pool-16664d9c-hv7m:1596:2150 [0] NCCL INFO NVLS multicast support is available on dev 0
gke-hypercomputer-a3-a3-h100-dws-pool-16664d9c-hv7m:1596:2150 [0] NCCL INFO comm 0x5c2a441bfb30 rank 0 nRanks 16 nNodes 2 localRanks 8 localRank 0 MNNVL 0
gke-hypercomputer-a3-a3-h100-dws-pool-16664d9c-hv7m:1596:2150 [0] NCCL INFO NVLS Head  0:  0  8
gke-hypercomputer-a3-a3-h100-dws-pool-16664d9c-hv7m:1596:2150 [0] NCCL INFO Channel 00/16 :    0   7   6   5   4   3   2   1   8  15  14  13  12  11  10   9
gke-hypercomputer-a3-a3-h100-dws-pool-16664d9c-hv7m:1596:2150 [0] NCCL INFO Channel 01/16 :    0   7   6   5   4   3   2   1   8  15  14  13  12  11  10   9
gke-hypercomputer-a3-a3-h100-dws-pool-16664d9c-hv7m:1596:2150 [0] NCCL INFO Channel 02/16 :    0   7   6   5   4   3   2   1   8  15  14  13  12  11  10   9
gke-hypercomputer-a3-a3-h100-dws-pool-16664d9c-hv7m:1596:2150 [0] NCCL INFO Channel 03/16 :    0   7   6   5   4   3   2   1   8  15  14  13  12  11  10   9
gke-hypercomputer-a3-a3-h100-dws-pool-16664d9c-hv7m:1596:2150 [0] NCCL INFO Channel 04/16 :    0   7   6   5   4   3   2   1   8  15  14  13  12  11  10   9
gke-hypercomputer-a3-a3-h100-dws-pool-16664d9c-hv7m:1596:2150 [0] NCCL INFO Channel 05/16 :    0   7   6   5   4   3   2   1   8  15  14  13  12  11  10   9
gke-hypercomputer-a3-a3-h100-dws-pool-16664d9c-hv7m:1596:2150 [0] NCCL INFO Channel 06/16 :    0   7   6   5   4   3   2   1   8  15  14  13  12  11  10   9
gke-hypercomputer-a3-a3-h100-dws-pool-16664d9c-hv7m:1596:2150 [0] NCCL INFO Channel 07/16 :    0   7   6   5   4   3   2   1   8  15  14  13  12  11  10   9
gke-hypercomputer-a3-a3-h100-dws-pool-16664d9c-hv7m:1596:2150 [0] NCCL INFO Channel 08/16 :    0   7   6   5   4   3   2   1   8  15  14  13  12  11  10   9
gke-hypercomputer-a3-a3-h100-dws-pool-16664d9c-hv7m:1596:2150 [0] NCCL INFO Channel 09/16 :    0   7   6   5   4   3   2   1   8  15  14  13  12  11  10   9
gke-hypercomputer-a3-a3-h100-dws-pool-16664d9c-hv7m:1596:2150 [0] NCCL INFO Channel 10/16 :    0   7   6   5   4   3   2   1   8  15  14  13  12  11  10   9
gke-hypercomputer-a3-a3-h100-dws-pool-16664d9c-hv7m:1596:2150 [0] NCCL INFO Channel 11/16 :    0   7   6   5   4   3   2   1   8  15  14  13  12  11  10   9
gke-hypercomputer-a3-a3-h100-dws-pool-16664d9c-hv7m:1596:2150 [0] NCCL INFO Channel 12/16 :    0   7   6   5   4   3   2   1   8  15  14  13  12  11  10   9
gke-hypercomputer-a3-a3-h100-dws-pool-16664d9c-hv7m:1596:2150 [0] NCCL INFO Channel 13/16 :    0   7   6   5   4   3   2   1   8  15  14  13  12  11  10   9
gke-hypercomputer-a3-a3-h100-dws-pool-16664d9c-hv7m:1596:2150 [0] NCCL INFO Channel 14/16 :    0   7   6   5   4   3   2   1   8  15  14  13  12  11  10   9
gke-hypercomputer-a3-a3-h100-dws-pool-16664d9c-hv7m:1596:2150 [0] NCCL INFO Channel 15/16 :    0   7   6   5   4   3   2   1   8  15  14  13  12  11  10   9
gke-hypercomputer-a3-a3-h100-dws-pool-16664d9c-hv7m:1596:2150 [0] NCCL INFO Trees [0] 1/8/-1->0->-1 [1] 1/8/-1->0->-1 [2] 1/8/-1->0->-1 [3] 1/8/-1->0->-1 [4] 1/-1/-1->0->8 [5] 1/-1/-1->0->8 [6] 1/-1/-1->0->8 [7] 1/-1/-1->0->8 [8] 1/8/-1->0->-1 [9] 1/8/-1->0->-1 [10] 1/8/-1->0->-1 [11] 1/8/-1->0->-1 [12] 1/-1/-1->0->8 [13] 1/-1/-1->0->8 [14] 1/-1/-1->0->8 [15] 1/-1/-1->0->8
gke-hypercomputer-a3-a3-h100-dws-pool-16664d9c-hv7m:1596:2150 [0] NCCL INFO P2P Chunksize set to 131072
gke-hypercomputer-a3-a3-h100-dws-pool-16664d9c-hv7m:1596:2150 [0] NCCL INFO threadThresholds 8/8/64 | 128/8/64 | 512 | 512
gke-hypercomputer-a3-a3-h100-dws-pool-16664d9c-hv7m:1596:2150 [0] NCCL INFO 16 coll channels, 16 collnet channels, 16 nvls channels, 16 p2p channels, 2 p2p channels per peer
gke-hypercomputer-a3-a3-h100-dws-pool-16664d9c-hv7m:1596:2150 [0] NCCL INFO CC Off, Multi-GPU CC Off, workFifoBytes 1048576
gke-hypercomputer-a3-a3-h100-dws-pool-16664d9c-hv7m:1596:2150 [0] NCCL INFO ncclCommInitRank comm 0x5c2a441bfb30 rank 0 nranks 16 cudaDev 0 nvmlDev 0 busId 4000 commId 0x19e57876c4cebd96 - Init COMPLETE
gke-hypercomputer-a3-a3-h100-dws-pool-16664d9c-hv7m:1596:2150 [0] NCCL INFO Init timings: rank 0 nranks 16 total 2.50 (kernels 0.19, bootstrap 1.38, allgathers 0.11, topo 0.54, graphs 0.10, connections 0.18, rest 0.00)
gke-hypercomputer-a3-a3-h100-dws-pool-16664d9c-hv7m:1596:2179 [0] NCCL INFO Channel 00/0 : 0[0] -> 1[1] via P2P/CUMEM
gke-hypercomputer-a3-a3-h100-dws-pool-16664d9c-hv7m:1596:2172 [0] NCCL INFO New proxy send connection 0 from local rank 0, transport 0
gke-hypercomputer-a3-a3-h100-dws-pool-16664d9c-hv7m:1596:2179 [0] NCCL INFO Connected to proxy localRank 0 -> connection 0x7d41d0004f40
gke-hypercomputer-a3-a3-h100-dws-pool-16664d9c-hv7m:1596:2179 [0] NCCL INFO Channel 01/0 : 0[0] -> 1[1] via P2P/CUMEM
gke-hypercomputer-a3-a3-h100-dws-pool-16664d9c-hv7m:1596:2172 [0] NCCL INFO New proxy send connection 1 from local rank 0, transport 0
gke-hypercomputer-a3-a3-h100-dws-pool-16664d9c-hv7m:1596:2179 [0] NCCL INFO Connected to proxy localRank 0 -> connection 0x7d41d0004fb8
gke-hypercomputer-a3-a3-h100-dws-pool-16664d9c-hv7m:1596:2179 [0] NCCL INFO Channel 02/0 : 0[0] -> 1[1] via P2P/CUMEM
gke-hypercomputer-a3-a3-h100-dws-pool-16664d9c-hv7m:1596:2172 [0] NCCL INFO New proxy send connection 2 from local rank 0, transport 0
gke-hypercomputer-a3-a3-h100-dws-pool-16664d9c-hv7m:1596:2179 [0] NCCL INFO Connected to proxy localRank 0 -> connection 0x7d41d0005030
gke-hypercomputer-a3-a3-h100-dws-pool-16664d9c-hv7m:1596:2179 [0] NCCL INFO Channel 03/0 : 0[0] -> 1[1] via P2P/CUMEM
gke-hypercomputer-a3-a3-h100-dws-pool-16664d9c-hv7m:1596:2172 [0] NCCL INFO New proxy send connection 3 from local rank 0, transport 0
gke-hypercomputer-a3-a3-h100-dws-pool-16664d9c-hv7m:1596:2179 [0] NCCL INFO Connected to proxy localRank 0 -> connection 0x7d41d00050a8
gke-hypercomputer-a3-a3-h100-dws-pool-16664d9c-hv7m:1596:2179 [0] NCCL INFO Channel 04/0 : 0[0] -> 1[1] via P2P/CUMEM
gke-hypercomputer-a3-a3-h100-dws-pool-16664d9c-hv7m:1596:2172 [0] NCCL INFO New proxy send connection 4 from local rank 0, transport 0
gke-hypercomputer-a3-a3-h100-dws-pool-16664d9c-hv7m:1596:2179 [0] NCCL INFO Connected to proxy localRank 0 -> connection 0x7d41d0005120
gke-hypercomputer-a3-a3-h100-dws-pool-16664d9c-hv7m:1596:2179 [0] NCCL INFO Channel 05/0 : 0[0] -> 1[1] via P2P/CUMEM
gke-hypercomputer-a3-a3-h100-dws-pool-16664d9c-hv7m:1596:2172 [0] NCCL INFO New proxy send connection 5 from local rank 0, transport 0
gke-hypercomputer-a3-a3-h100-dws-pool-16664d9c-hv7m:1596:2179 [0] NCCL INFO Connected to proxy localRank 0 -> connection 0x7d41d0005198
gke-hypercomputer-a3-a3-h100-dws-pool-16664d9c-hv7m:1596:2179 [0] NCCL INFO Channel 06/0 : 0[0] -> 1[1] via P2P/CUMEM
gke-hypercomputer-a3-a3-h100-dws-pool-16664d9c-hv7m:1596:2172 [0] NCCL INFO New proxy send connection 6 from local rank 0, transport 0
gke-hypercomputer-a3-a3-h100-dws-pool-16664d9c-hv7m:1596:2179 [0] NCCL INFO Connected to proxy localRank 0 -> connection 0x7d41d0005210
gke-hypercomputer-a3-a3-h100-dws-pool-16664d9c-hv7m:1596:2179 [0] NCCL INFO Channel 07/0 : 0[0] -> 1[1] via P2P/CUMEM
gke-hypercomputer-a3-a3-h100-dws-pool-16664d9c-hv7m:1596:2172 [0] NCCL INFO New proxy send connection 7 from local rank 0, transport 0
gke-hypercomputer-a3-a3-h100-dws-pool-16664d9c-hv7m:1596:2179 [0] NCCL INFO Connected to proxy localRank 0 -> connection 0x7d41d0005288
gke-hypercomputer-a3-a3-h100-dws-pool-16664d9c-hv7m:1596:2179 [0] NCCL INFO Channel 08/0 : 0[0] -> 1[1] via P2P/CUMEM
gke-hypercomputer-a3-a3-h100-dws-pool-16664d9c-hv7m:1596:2172 [0] NCCL INFO New proxy send connection 8 from local rank 0, transport 0
gke-hypercomputer-a3-a3-h100-dws-pool-16664d9c-hv7m:1596:2179 [0] NCCL INFO Connected to proxy localRank 0 -> connection 0x7d41d0005300
gke-hypercomputer-a3-a3-h100-dws-pool-16664d9c-hv7m:1596:2179 [0] NCCL INFO Channel 09/0 : 0[0] -> 1[1] via P2P/CUMEM
gke-hypercomputer-a3-a3-h100-dws-pool-16664d9c-hv7m:1596:2172 [0] NCCL INFO New proxy send connection 9 from local rank 0, transport 0
gke-hypercomputer-a3-a3-h100-dws-pool-16664d9c-hv7m:1596:2179 [0] NCCL INFO Connected to proxy localRank 0 -> connection 0x7d41d0005378
gke-hypercomputer-a3-a3-h100-dws-pool-16664d9c-hv7m:1596:2179 [0] NCCL INFO Channel 10/0 : 0[0] -> 1[1] via P2P/CUMEM
gke-hypercomputer-a3-a3-h100-dws-pool-16664d9c-hv7m:1596:2172 [0] NCCL INFO New proxy send connection 10 from local rank 0, transport 0
gke-hypercomputer-a3-a3-h100-dws-pool-16664d9c-hv7m:1596:2179 [0] NCCL INFO Connected to proxy localRank 0 -> connection 0x7d41d00053f0
gke-hypercomputer-a3-a3-h100-dws-pool-16664d9c-hv7m:1596:2179 [0] NCCL INFO Channel 11/0 : 0[0] -> 1[1] via P2P/CUMEM
gke-hypercomputer-a3-a3-h100-dws-pool-16664d9c-hv7m:1596:2172 [0] NCCL INFO New proxy send connection 11 from local rank 0, transport 0
gke-hypercomputer-a3-a3-h100-dws-pool-16664d9c-hv7m:1596:2179 [0] NCCL INFO Connected to proxy localRank 0 -> connection 0x7d41d0005468
gke-hypercomputer-a3-a3-h100-dws-pool-16664d9c-hv7m:1596:2179 [0] NCCL INFO Channel 12/0 : 0[0] -> 1[1] via P2P/CUMEM
gke-hypercomputer-a3-a3-h100-dws-pool-16664d9c-hv7m:1596:2172 [0] NCCL INFO New proxy send connection 12 from local rank 0, transport 0
gke-hypercomputer-a3-a3-h100-dws-pool-16664d9c-hv7m:1596:2179 [0] NCCL INFO Connected to proxy localRank 0 -> connection 0x7d41d00054e0
gke-hypercomputer-a3-a3-h100-dws-pool-16664d9c-hv7m:1596:2179 [0] NCCL INFO Channel 13/0 : 0[0] -> 1[1] via P2P/CUMEM
gke-hypercomputer-a3-a3-h100-dws-pool-16664d9c-hv7m:1596:2172 [0] NCCL INFO New proxy send connection 13 from local rank 0, transport 0
gke-hypercomputer-a3-a3-h100-dws-pool-16664d9c-hv7m:1596:2179 [0] NCCL INFO Connected to proxy localRank 0 -> connection 0x7d41d0005558
gke-hypercomputer-a3-a3-h100-dws-pool-16664d9c-hv7m:1596:2179 [0] NCCL INFO Channel 14/0 : 0[0] -> 1[1] via P2P/CUMEM
gke-hypercomputer-a3-a3-h100-dws-pool-16664d9c-hv7m:1596:2172 [0] NCCL INFO New proxy send connection 14 from local rank 0, transport 0
gke-hypercomputer-a3-a3-h100-dws-pool-16664d9c-hv7m:1596:2179 [0] NCCL INFO Connected to proxy localRank 0 -> connection 0x7d41d00055d0
gke-hypercomputer-a3-a3-h100-dws-pool-16664d9c-hv7m:1596:2179 [0] NCCL INFO Channel 15/0 : 0[0] -> 1[1] via P2P/CUMEM
gke-hypercomputer-a3-a3-h100-dws-pool-16664d9c-hv7m:1596:2172 [0] NCCL INFO New proxy send connection 15 from local rank 0, transport 0
gke-hypercomputer-a3-a3-h100-dws-pool-16664d9c-hv7m:1596:2179 [0] NCCL INFO Connected to proxy localRank 0 -> connection 0x7d41d0005648
gke-hypercomputer-a3-a3-h100-dws-pool-16664d9c-hv7m:1596:2172 [0] NCCL INFO New proxy recv connection 16 from local rank 0, transport 2
gke-hypercomputer-a3-a3-h100-dws-pool-16664d9c-hv7m:1596:2179 [0] NCCL INFO Connected to proxy localRank 0 -> connection 0x7d41d00056c0
gke-hypercomputer-a3-a3-h100-dws-pool-16664d9c-hv7m:1596:2172 [0] NCCL INFO NET/Socket: Using 4 threads and 1 sockets per thread
gke-hypercomputer-a3-a3-h100-dws-pool-16664d9c-hv7m:1596:2179 [0] NCCL INFO Channel 00/0 : 8[0] -> 0[0] [receive] via NET/Socket/0
gke-hypercomputer-a3-a3-h100-dws-pool-16664d9c-hv7m:1596:2172 [0] NCCL INFO New proxy recv connection 17 from local rank 0, transport 2
gke-hypercomputer-a3-a3-h100-dws-pool-16664d9c-hv7m:1596:2179 [0] NCCL INFO Connected to proxy localRank 0 -> connection 0x7d41d0005738
gke-hypercomputer-a3-a3-h100-dws-pool-16664d9c-hv7m:1596:2172 [0] NCCL INFO NET/Socket: Using 4 threads and 1 sockets per thread
gke-hypercomputer-a3-a3-h100-dws-pool-16664d9c-hv7m:1596:2179 [0] NCCL INFO Channel 01/0 : 8[0] -> 0[0] [receive] via NET/Socket/0
gke-hypercomputer-a3-a3-h100-dws-pool-16664d9c-hv7m:1596:2172 [0] NCCL INFO New proxy recv connection 18 from local rank 0, transport 2
gke-hypercomputer-a3-a3-h100-dws-pool-16664d9c-hv7m:1596:2179 [0] NCCL INFO Connected to proxy localRank 0 -> connection 0x7d41d00057b0
gke-hypercomputer-a3-a3-h100-dws-pool-16664d9c-hv7m:1596:2172 [0] NCCL INFO NET/Socket: Using 4 threads and 1 sockets per thread
gke-hypercomputer-a3-a3-h100-dws-pool-16664d9c-hv7m:1596:2179 [0] NCCL INFO Channel 02/0 : 8[0] -> 0[0] [receive] via NET/Socket/0
gke-hypercomputer-a3-a3-h100-dws-pool-16664d9c-hv7m:1596:2172 [0] NCCL INFO New proxy recv connection 19 from local rank 0, transport 2
gke-hypercomputer-a3-a3-h100-dws-pool-16664d9c-hv7m:1596:2179 [0] NCCL INFO Connected to proxy localRank 0 -> connection 0x7d41d0005828
gke-hypercomputer-a3-a3-h100-dws-pool-16664d9c-hv7m:1596:2172 [0] NCCL INFO NET/Socket: Using 4 threads and 1 sockets per thread
gke-hypercomputer-a3-a3-h100-dws-pool-16664d9c-hv7m:1596:2179 [0] NCCL INFO Channel 03/0 : 8[0] -> 0[0] [receive] via NET/Socket/0
gke-hypercomputer-a3-a3-h100-dws-pool-16664d9c-hv7m:1596:2172 [0] NCCL INFO New proxy recv connection 20 from local rank 0, transport 2
gke-hypercomputer-a3-a3-h100-dws-pool-16664d9c-hv7m:1596:2179 [0] NCCL INFO Connected to proxy localRank 0 -> connection 0x7d41d00058a0
gke-hypercomputer-a3-a3-h100-dws-pool-16664d9c-hv7m:1596:2172 [0] NCCL INFO NET/Socket: Using 4 threads and 1 sockets per thread
gke-hypercomputer-a3-a3-h100-dws-pool-16664d9c-hv7m:1596:2179 [0] NCCL INFO Channel 04/0 : 8[0] -> 0[0] [receive] via NET/Socket/0
gke-hypercomputer-a3-a3-h100-dws-pool-16664d9c-hv7m:1596:2172 [0] NCCL INFO New proxy recv connection 21 from local rank 0, transport 2
gke-hypercomputer-a3-a3-h100-dws-pool-16664d9c-hv7m:1596:2179 [0] NCCL INFO Connected to proxy localRank 0 -> connection 0x7d41d0005918
gke-hypercomputer-a3-a3-h100-dws-pool-16664d9c-hv7m:1596:2172 [0] NCCL INFO NET/Socket: Using 4 threads and 1 sockets per thread
gke-hypercomputer-a3-a3-h100-dws-pool-16664d9c-hv7m:1596:2179 [0] NCCL INFO Channel 05/0 : 8[0] -> 0[0] [receive] via NET/Socket/0
gke-hypercomputer-a3-a3-h100-dws-pool-16664d9c-hv7m:1596:2172 [0] NCCL INFO New proxy recv connection 22 from local rank 0, transport 2
gke-hypercomputer-a3-a3-h100-dws-pool-16664d9c-hv7m:1596:2179 [0] NCCL INFO Connected to proxy localRank 0 -> connection 0x7d41d0005990
gke-hypercomputer-a3-a3-h100-dws-pool-16664d9c-hv7m:1596:2172 [0] NCCL INFO NET/Socket: Using 4 threads and 1 sockets per thread
gke-hypercomputer-a3-a3-h100-dws-pool-16664d9c-hv7m:1596:2179 [0] NCCL INFO Channel 06/0 : 8[0] -> 0[0] [receive] via NET/Socket/0
gke-hypercomputer-a3-a3-h100-dws-pool-16664d9c-hv7m:1596:2172 [0] NCCL INFO New proxy recv connection 23 from local rank 0, transport 2
gke-hypercomputer-a3-a3-h100-dws-pool-16664d9c-hv7m:1596:2179 [0] NCCL INFO Connected to proxy localRank 0 -> connection 0x7d41d0005a08
gke-hypercomputer-a3-a3-h100-dws-pool-16664d9c-hv7m:1596:2172 [0] NCCL INFO NET/Socket: Using 4 threads and 1 sockets per thread
gke-hypercomputer-a3-a3-h100-dws-pool-16664d9c-hv7m:1596:2179 [0] NCCL INFO Channel 07/0 : 8[0] -> 0[0] [receive] via NET/Socket/0
gke-hypercomputer-a3-a3-h100-dws-pool-16664d9c-hv7m:1596:2172 [0] NCCL INFO New proxy recv connection 24 from local rank 0, transport 2
gke-hypercomputer-a3-a3-h100-dws-pool-16664d9c-hv7m:1596:2179 [0] NCCL INFO Connected to proxy localRank 0 -> connection 0x7d41d0005a80
gke-hypercomputer-a3-a3-h100-dws-pool-16664d9c-hv7m:1596:2172 [0] NCCL INFO NET/Socket: Using 4 threads and 1 sockets per thread
gke-hypercomputer-a3-a3-h100-dws-pool-16664d9c-hv7m:1596:2179 [0] NCCL INFO Channel 08/0 : 8[0] -> 0[0] [receive] via NET/Socket/0
gke-hypercomputer-a3-a3-h100-dws-pool-16664d9c-hv7m:1596:2172 [0] NCCL INFO New proxy recv connection 25 from local rank 0, transport 2
gke-hypercomputer-a3-a3-h100-dws-pool-16664d9c-hv7m:1596:2179 [0] NCCL INFO Connected to proxy localRank 0 -> connection 0x7d41d0005af8
gke-hypercomputer-a3-a3-h100-dws-pool-16664d9c-hv7m:1596:2172 [0] NCCL INFO NET/Socket: Using 4 threads and 1 sockets per thread
gke-hypercomputer-a3-a3-h100-dws-pool-16664d9c-hv7m:1596:2179 [0] NCCL INFO Channel 09/0 : 8[0] -> 0[0] [receive] via NET/Socket/0
gke-hypercomputer-a3-a3-h100-dws-pool-16664d9c-hv7m:1596:2172 [0] NCCL INFO New proxy recv connection 26 from local rank 0, transport 2
gke-hypercomputer-a3-a3-h100-dws-pool-16664d9c-hv7m:1596:2179 [0] NCCL INFO Connected to proxy localRank 0 -> connection 0x7d41d0005b70
gke-hypercomputer-a3-a3-h100-dws-pool-16664d9c-hv7m:1596:2172 [0] NCCL INFO NET/Socket: Using 4 threads and 1 sockets per thread
gke-hypercomputer-a3-a3-h100-dws-pool-16664d9c-hv7m:1596:2179 [0] NCCL INFO Channel 10/0 : 8[0] -> 0[0] [receive] via NET/Socket/0
gke-hypercomputer-a3-a3-h100-dws-pool-16664d9c-hv7m:1596:2172 [0] NCCL INFO New proxy recv connection 27 from local rank 0, transport 2
gke-hypercomputer-a3-a3-h100-dws-pool-16664d9c-hv7m:1596:2179 [0] NCCL INFO Connected to proxy localRank 0 -> connection 0x7d41d0005be8
gke-hypercomputer-a3-a3-h100-dws-pool-16664d9c-hv7m:1596:2172 [0] NCCL INFO NET/Socket: Using 4 threads and 1 sockets per thread
gke-hypercomputer-a3-a3-h100-dws-pool-16664d9c-hv7m:1596:2179 [0] NCCL INFO Channel 11/0 : 8[0] -> 0[0] [receive] via NET/Socket/0
gke-hypercomputer-a3-a3-h100-dws-pool-16664d9c-hv7m:1596:2172 [0] NCCL INFO New proxy recv connection 28 from local rank 0, transport 2
gke-hypercomputer-a3-a3-h100-dws-pool-16664d9c-hv7m:1596:2179 [0] NCCL INFO Connected to proxy localRank 0 -> connection 0x7d41d0005c60
gke-hypercomputer-a3-a3-h100-dws-pool-16664d9c-hv7m:1596:2172 [0] NCCL INFO NET/Socket: Using 4 threads and 1 sockets per thread
gke-hypercomputer-a3-a3-h100-dws-pool-16664d9c-hv7m:1596:2179 [0] NCCL INFO Channel 12/0 : 8[0] -> 0[0] [receive] via NET/Socket/0
gke-hypercomputer-a3-a3-h100-dws-pool-16664d9c-hv7m:1596:2172 [0] NCCL INFO New proxy recv connection 29 from local rank 0, transport 2
gke-hypercomputer-a3-a3-h100-dws-pool-16664d9c-hv7m:1596:2179 [0] NCCL INFO Connected to proxy localRank 0 -> connection 0x7d41d0005cd8
gke-hypercomputer-a3-a3-h100-dws-pool-16664d9c-hv7m:1596:2172 [0] NCCL INFO NET/Socket: Using 4 threads and 1 sockets per thread
gke-hypercomputer-a3-a3-h100-dws-pool-16664d9c-hv7m:1596:2179 [0] NCCL INFO Channel 13/0 : 8[0] -> 0[0] [receive] via NET/Socket/0
gke-hypercomputer-a3-a3-h100-dws-pool-16664d9c-hv7m:1596:2172 [0] NCCL INFO New proxy recv connection 30 from local rank 0, transport 2
gke-hypercomputer-a3-a3-h100-dws-pool-16664d9c-hv7m:1596:2179 [0] NCCL INFO Connected to proxy localRank 0 -> connection 0x7d41d0005d50
gke-hypercomputer-a3-a3-h100-dws-pool-16664d9c-hv7m:1596:2172 [0] NCCL INFO NET/Socket: Using 4 threads and 1 sockets per thread
gke-hypercomputer-a3-a3-h100-dws-pool-16664d9c-hv7m:1596:2179 [0] NCCL INFO Channel 14/0 : 8[0] -> 0[0] [receive] via NET/Socket/0
gke-hypercomputer-a3-a3-h100-dws-pool-16664d9c-hv7m:1596:2172 [0] NCCL INFO New proxy recv connection 31 from local rank 0, transport 2
gke-hypercomputer-a3-a3-h100-dws-pool-16664d9c-hv7m:1596:2179 [0] NCCL INFO Connected to proxy localRank 0 -> connection 0x7d41d0005dc8
gke-hypercomputer-a3-a3-h100-dws-pool-16664d9c-hv7m:1596:2172 [0] NCCL INFO NET/Socket: Using 4 threads and 1 sockets per thread
gke-hypercomputer-a3-a3-h100-dws-pool-16664d9c-hv7m:1596:2179 [0] NCCL INFO Channel 15/0 : 8[0] -> 0[0] [receive] via NET/Socket/0
gke-hypercomputer-a3-a3-h100-dws-pool-16664d9c-hv7m:1596:2172 [0] NCCL INFO New proxy send connection 32 from local rank 0, transport 2
gke-hypercomputer-a3-a3-h100-dws-pool-16664d9c-hv7m:1596:2179 [0] NCCL INFO Connected to proxy localRank 0 -> connection 0x7d41d0005e40
gke-hypercomputer-a3-a3-h100-dws-pool-16664d9c-hv7m:1596:2179 [0] NCCL INFO Channel 00/0 : 0[0] -> 8[0] [send] via NET/Socket/0
gke-hypercomputer-a3-a3-h100-dws-pool-16664d9c-hv7m:1596:2172 [0] NCCL INFO New proxy send connection 33 from local rank 0, transport 2
gke-hypercomputer-a3-a3-h100-dws-pool-16664d9c-hv7m:1596:2179 [0] NCCL INFO Connected to proxy localRank 0 -> connection 0x7d41d0005eb8
gke-hypercomputer-a3-a3-h100-dws-pool-16664d9c-hv7m:1596:2179 [0] NCCL INFO Channel 01/0 : 0[0] -> 8[0] [send] via NET/Socket/0
gke-hypercomputer-a3-a3-h100-dws-pool-16664d9c-hv7m:1596:2172 [0] NCCL INFO New proxy send connection 34 from local rank 0, transport 2
gke-hypercomputer-a3-a3-h100-dws-pool-16664d9c-hv7m:1596:2179 [0] NCCL INFO Connected to proxy localRank 0 -> connection 0x7d41d0005f30
gke-hypercomputer-a3-a3-h100-dws-pool-16664d9c-hv7m:1596:2179 [0] NCCL INFO Channel 02/0 : 0[0] -> 8[0] [send] via NET/Socket/0
gke-hypercomputer-a3-a3-h100-dws-pool-16664d9c-hv7m:1596:2172 [0] NCCL INFO New proxy send connection 35 from local rank 0, transport 2
gke-hypercomputer-a3-a3-h100-dws-pool-16664d9c-hv7m:1596:2179 [0] NCCL INFO Connected to proxy localRank 0 -> connection 0x7d41d0005fa8
gke-hypercomputer-a3-a3-h100-dws-pool-16664d9c-hv7m:1596:2179 [0] NCCL INFO Channel 03/0 : 0[0] -> 8[0] [send] via NET/Socket/0
gke-hypercomputer-a3-a3-h100-dws-pool-16664d9c-hv7m:1596:2172 [0] NCCL INFO New proxy send connection 36 from local rank 0, transport 2
gke-hypercomputer-a3-a3-h100-dws-pool-16664d9c-hv7m:1596:2179 [0] NCCL INFO Connected to proxy localRank 0 -> connection 0x7d41d0006020
gke-hypercomputer-a3-a3-h100-dws-pool-16664d9c-hv7m:1596:2179 [0] NCCL INFO Channel 04/0 : 0[0] -> 8[0] [send] via NET/Socket/0
gke-hypercomputer-a3-a3-h100-dws-pool-16664d9c-hv7m:1596:2172 [0] NCCL INFO New proxy send connection 37 from local rank 0, transport 2
gke-hypercomputer-a3-a3-h100-dws-pool-16664d9c-hv7m:1596:2179 [0] NCCL INFO Connected to proxy localRank 0 -> connection 0x7d41d0006098
gke-hypercomputer-a3-a3-h100-dws-pool-16664d9c-hv7m:1596:2179 [0] NCCL INFO Channel 05/0 : 0[0] -> 8[0] [send] via NET/Socket/0
gke-hypercomputer-a3-a3-h100-dws-pool-16664d9c-hv7m:1596:2172 [0] NCCL INFO New proxy send connection 38 from local rank 0, transport 2
gke-hypercomputer-a3-a3-h100-dws-pool-16664d9c-hv7m:1596:2179 [0] NCCL INFO Connected to proxy localRank 0 -> connection 0x7d41d0006110
gke-hypercomputer-a3-a3-h100-dws-pool-16664d9c-hv7m:1596:2179 [0] NCCL INFO Channel 06/0 : 0[0] -> 8[0] [send] via NET/Socket/0
gke-hypercomputer-a3-a3-h100-dws-pool-16664d9c-hv7m:1596:2172 [0] NCCL INFO New proxy send connection 39 from local rank 0, transport 2
gke-hypercomputer-a3-a3-h100-dws-pool-16664d9c-hv7m:1596:2179 [0] NCCL INFO Connected to proxy localRank 0 -> connection 0x7d41d0006188
gke-hypercomputer-a3-a3-h100-dws-pool-16664d9c-hv7m:1596:2179 [0] NCCL INFO Channel 07/0 : 0[0] -> 8[0] [send] via NET/Socket/0
gke-hypercomputer-a3-a3-h100-dws-pool-16664d9c-hv7m:1596:2172 [0] NCCL INFO New proxy send connection 40 from local rank 0, transport 2
gke-hypercomputer-a3-a3-h100-dws-pool-16664d9c-hv7m:1596:2179 [0] NCCL INFO Connected to proxy localRank 0 -> connection 0x7d41d0006200
gke-hypercomputer-a3-a3-h100-dws-pool-16664d9c-hv7m:1596:2179 [0] NCCL INFO Channel 08/0 : 0[0] -> 8[0] [send] via NET/Socket/0
gke-hypercomputer-a3-a3-h100-dws-pool-16664d9c-hv7m:1596:2172 [0] NCCL INFO New proxy send connection 41 from local rank 0, transport 2
gke-hypercomputer-a3-a3-h100-dws-pool-16664d9c-hv7m:1596:2179 [0] NCCL INFO Connected to proxy localRank 0 -> connection 0x7d41d0006278
gke-hypercomputer-a3-a3-h100-dws-pool-16664d9c-hv7m:1596:2179 [0] NCCL INFO Channel 09/0 : 0[0] -> 8[0] [send] via NET/Socket/0
gke-hypercomputer-a3-a3-h100-dws-pool-16664d9c-hv7m:1596:2172 [0] NCCL INFO New proxy send connection 42 from local rank 0, transport 2
gke-hypercomputer-a3-a3-h100-dws-pool-16664d9c-hv7m:1596:2179 [0] NCCL INFO Connected to proxy localRank 0 -> connection 0x7d41d00062f0
gke-hypercomputer-a3-a3-h100-dws-pool-16664d9c-hv7m:1596:2179 [0] NCCL INFO Channel 10/0 : 0[0] -> 8[0] [send] via NET/Socket/0
gke-hypercomputer-a3-a3-h100-dws-pool-16664d9c-hv7m:1596:2172 [0] NCCL INFO New proxy send connection 43 from local rank 0, transport 2
gke-hypercomputer-a3-a3-h100-dws-pool-16664d9c-hv7m:1596:2179 [0] NCCL INFO Connected to proxy localRank 0 -> connection 0x7d41d0006368
gke-hypercomputer-a3-a3-h100-dws-pool-16664d9c-hv7m:1596:2179 [0] NCCL INFO Channel 11/0 : 0[0] -> 8[0] [send] via NET/Socket/0
gke-hypercomputer-a3-a3-h100-dws-pool-16664d9c-hv7m:1596:2172 [0] NCCL INFO New proxy send connection 44 from local rank 0, transport 2
gke-hypercomputer-a3-a3-h100-dws-pool-16664d9c-hv7m:1596:2179 [0] NCCL INFO Connected to proxy localRank 0 -> connection 0x7d41d00063e0
gke-hypercomputer-a3-a3-h100-dws-pool-16664d9c-hv7m:1596:2179 [0] NCCL INFO Channel 12/0 : 0[0] -> 8[0] [send] via NET/Socket/0
gke-hypercomputer-a3-a3-h100-dws-pool-16664d9c-hv7m:1596:2172 [0] NCCL INFO New proxy send connection 45 from local rank 0, transport 2
gke-hypercomputer-a3-a3-h100-dws-pool-16664d9c-hv7m:1596:2179 [0] NCCL INFO Connected to proxy localRank 0 -> connection 0x7d41d0006458
gke-hypercomputer-a3-a3-h100-dws-pool-16664d9c-hv7m:1596:2179 [0] NCCL INFO Channel 13/0 : 0[0] -> 8[0] [send] via NET/Socket/0
gke-hypercomputer-a3-a3-h100-dws-pool-16664d9c-hv7m:1596:2172 [0] NCCL INFO New proxy send connection 46 from local rank 0, transport 2
gke-hypercomputer-a3-a3-h100-dws-pool-16664d9c-hv7m:1596:2179 [0] NCCL INFO Connected to proxy localRank 0 -> connection 0x7d41d00064d0
gke-hypercomputer-a3-a3-h100-dws-pool-16664d9c-hv7m:1596:2179 [0] NCCL INFO Channel 14/0 : 0[0] -> 8[0] [send] via NET/Socket/0
gke-hypercomputer-a3-a3-h100-dws-pool-16664d9c-hv7m:1596:2172 [0] NCCL INFO New proxy send connection 47 from local rank 0, transport 2
gke-hypercomputer-a3-a3-h100-dws-pool-16664d9c-hv7m:1596:2179 [0] NCCL INFO Connected to proxy localRank 0 -> connection 0x7d41d0006548
gke-hypercomputer-a3-a3-h100-dws-pool-16664d9c-hv7m:1596:2179 [0] NCCL INFO Channel 15/0 : 0[0] -> 8[0] [send] via NET/Socket/0
gke-hypercomputer-a3-a3-h100-dws-pool-16664d9c-hv7m:1596:2172 [0] NCCL INFO New proxy recv connection 48 from local rank 0, transport 0
gke-hypercomputer-a3-a3-h100-dws-pool-16664d9c-hv7m:1596:2179 [0] NCCL INFO Connected to proxy localRank 0 -> connection 0x7d41d00065c0
gke-hypercomputer-a3-a3-h100-dws-pool-16664d9c-hv7m:1596:2172 [0] NCCL INFO New proxy recv connection 49 from local rank 0, transport 0
gke-hypercomputer-a3-a3-h100-dws-pool-16664d9c-hv7m:1596:2179 [0] NCCL INFO Connected to proxy localRank 0 -> connection 0x7d41d0006638
gke-hypercomputer-a3-a3-h100-dws-pool-16664d9c-hv7m:1596:2172 [0] NCCL INFO New proxy recv connection 50 from local rank 0, transport 0
gke-hypercomputer-a3-a3-h100-dws-pool-16664d9c-hv7m:1596:2179 [0] NCCL INFO Connected to proxy localRank 0 -> connection 0x7d41d00066b0
gke-hypercomputer-a3-a3-h100-dws-pool-16664d9c-hv7m:1596:2172 [0] NCCL INFO New proxy recv connection 51 from local rank 0, transport 0
gke-hypercomputer-a3-a3-h100-dws-pool-16664d9c-hv7m:1596:2179 [0] NCCL INFO Connected to proxy localRank 0 -> connection 0x7d41d0006728
gke-hypercomputer-a3-a3-h100-dws-pool-16664d9c-hv7m:1596:2172 [0] NCCL INFO New proxy recv connection 52 from local rank 0, transport 0
gke-hypercomputer-a3-a3-h100-dws-pool-16664d9c-hv7m:1596:2179 [0] NCCL INFO Connected to proxy localRank 0 -> connection 0x7d41d00067a0
gke-hypercomputer-a3-a3-h100-dws-pool-16664d9c-hv7m:1596:2172 [0] NCCL INFO New proxy recv connection 53 from local rank 0, transport 0
gke-hypercomputer-a3-a3-h100-dws-pool-16664d9c-hv7m:1596:2179 [0] NCCL INFO Connected to proxy localRank 0 -> connection 0x7d41d0006818
gke-hypercomputer-a3-a3-h100-dws-pool-16664d9c-hv7m:1596:2172 [0] NCCL INFO New proxy recv connection 54 from local rank 0, transport 0
gke-hypercomputer-a3-a3-h100-dws-pool-16664d9c-hv7m:1596:2179 [0] NCCL INFO Connected to proxy localRank 0 -> connection 0x7d41d0006890
gke-hypercomputer-a3-a3-h100-dws-pool-16664d9c-hv7m:1596:2172 [0] NCCL INFO New proxy recv connection 55 from local rank 0, transport 0
gke-hypercomputer-a3-a3-h100-dws-pool-16664d9c-hv7m:1596:2179 [0] NCCL INFO Connected to proxy localRank 0 -> connection 0x7d41d0006908
gke-hypercomputer-a3-a3-h100-dws-pool-16664d9c-hv7m:1596:2172 [0] NCCL INFO New proxy recv connection 56 from local rank 0, transport 0
gke-hypercomputer-a3-a3-h100-dws-pool-16664d9c-hv7m:1596:2179 [0] NCCL INFO Connected to proxy localRank 0 -> connection 0x7d41d0006980
gke-hypercomputer-a3-a3-h100-dws-pool-16664d9c-hv7m:1596:2172 [0] NCCL INFO New proxy recv connection 57 from local rank 0, transport 0
gke-hypercomputer-a3-a3-h100-dws-pool-16664d9c-hv7m:1596:2179 [0] NCCL INFO Connected to proxy localRank 0 -> connection 0x7d41d00069f8
gke-hypercomputer-a3-a3-h100-dws-pool-16664d9c-hv7m:1596:2172 [0] NCCL INFO New proxy recv connection 58 from local rank 0, transport 0
gke-hypercomputer-a3-a3-h100-dws-pool-16664d9c-hv7m:1596:2179 [0] NCCL INFO Connected to proxy localRank 0 -> connection 0x7d41d0006a70
gke-hypercomputer-a3-a3-h100-dws-pool-16664d9c-hv7m:1596:2172 [0] NCCL INFO New proxy recv connection 59 from local rank 0, transport 0
gke-hypercomputer-a3-a3-h100-dws-pool-16664d9c-hv7m:1596:2179 [0] NCCL INFO Connected to proxy localRank 0 -> connection 0x7d41d0006ae8
gke-hypercomputer-a3-a3-h100-dws-pool-16664d9c-hv7m:1596:2172 [0] NCCL INFO New proxy recv connection 60 from local rank 0, transport 0
gke-hypercomputer-a3-a3-h100-dws-pool-16664d9c-hv7m:1596:2179 [0] NCCL INFO Connected to proxy localRank 0 -> connection 0x7d41d0006b60
gke-hypercomputer-a3-a3-h100-dws-pool-16664d9c-hv7m:1596:2172 [0] NCCL INFO New proxy recv connection 61 from local rank 0, transport 0
gke-hypercomputer-a3-a3-h100-dws-pool-16664d9c-hv7m:1596:2179 [0] NCCL INFO Connected to proxy localRank 0 -> connection 0x7d41d0006bd8
gke-hypercomputer-a3-a3-h100-dws-pool-16664d9c-hv7m:1596:2172 [0] NCCL INFO New proxy recv connection 62 from local rank 0, transport 0
gke-hypercomputer-a3-a3-h100-dws-pool-16664d9c-hv7m:1596:2179 [0] NCCL INFO Connected to proxy localRank 0 -> connection 0x7d41d0006c50
gke-hypercomputer-a3-a3-h100-dws-pool-16664d9c-hv7m:1596:2172 [0] NCCL INFO New proxy recv connection 63 from local rank 0, transport 0
gke-hypercomputer-a3-a3-h100-dws-pool-16664d9c-hv7m:1596:2179 [0] NCCL INFO Connected to proxy localRank 0 -> connection 0x7d41d0006cc8
gke-hypercomputer-a3-a3-h100-dws-pool-16664d9c-hv7m:1596:2179 [0] NCCL INFO Connected all trees
gke-hypercomputer-a3-a3-h100-dws-pool-16664d9c-hv7m:1596:2317 [0] NCCL INFO NVLS comm 0x5c2a441bfb30 headRank 0 nHeads 1 buffSize 1048576 nvlsPerRankSize 33554432 nvlsTotalSize 33554432
gke-hypercomputer-a3-a3-h100-dws-pool-16664d9c-hv7m:1596:2317 [0] NCCL INFO Connected NVLS tree
gke-hypercomputer-a3-a3-h100-dws-pool-16664d9c-hv7m:1596:2324 [0] NCCL INFO socketProgressOpt: abort called
gke-hypercomputer-a3-a3-h100-dws-pool-16664d9c-hv7m:1596:2324 [0] NCCL INFO misc/socket.cc:47 -> 3
gke-hypercomputer-a3-a3-h100-dws-pool-16664d9c-hv7m:1596:2324 [0] NCCL INFO misc/socket.cc:550 -> 3
gke-hypercomputer-a3-a3-h100-dws-pool-16664d9c-hv7m:1596:2324 [0] NCCL INFO misc/socket.cc:573 -> 3
gke-hypercomputer-a3-a3-h100-dws-pool-16664d9c-hv7m:1596:2324 [0] NCCL INFO misc/socket.cc:621 -> 3
gke-hypercomputer-a3-a3-h100-dws-pool-16664d9c-hv7m:1596:2172 [0] NCCL INFO socketProgressOpt: abort called
gke-hypercomputer-a3-a3-h100-dws-pool-16664d9c-hv7m:1596:2172 [0] NCCL INFO misc/socket.cc:47 -> 3
gke-hypercomputer-a3-a3-h100-dws-pool-16664d9c-hv7m:1596:2172 [0] NCCL INFO misc/socket.cc:752 -> 3
gke-hypercomputer-a3-a3-h100-dws-pool-16664d9c-hv7m:1596:2172 [0] NCCL INFO misc/socket.cc:428 -> 3
gke-hypercomputer-a3-a3-h100-dws-pool-16664d9c-hv7m:1596:2172 [0] NCCL INFO misc/socket.cc:564 -> 3
# world_size=16  backend=nccl  warmup=5 iters=15
#       size        count    time_ms   algbw_GBps   busbw_GBps
          8B            2      0.257         0.00         0.00
         16B            4      0.177         0.00         0.00
         32B            8      0.175         0.00         0.00
         64B           16      0.275         0.00         0.00
        128B           32      0.178         0.00         0.00
        256B           64      0.208         0.00         0.00
        512B          128      0.182         0.00         0.01
         1KB          256      0.196         0.01         0.01
         2KB          512      0.204         0.01         0.02
         4KB         1024      0.213         0.02         0.04
         8KB         2048      0.235         0.03         0.07
        16KB         4096      0.251         0.07         0.12
        32KB         8192      0.272         0.12         0.23
        64KB        16384      0.362         0.18         0.34
       128KB        32768      0.392         0.33         0.63
       256KB        65536      0.429         0.61         1.15
       512KB       131072      0.525         1.00         1.87
         1MB       262144      0.480         2.18         4.09
         2MB       524288      0.668         3.14         5.88
         4MB      1048576      1.111         3.78         7.08
         8MB      2097152      1.548         5.42        10.16
        16MB      4194304      2.213         7.58        14.21
        32MB      8388608      3.311        10.13        19.00
        64MB     16777216      6.021        11.15        20.90
       128MB     33554432     11.476        11.70        21.93
       256MB     67108864     19.504        13.76        25.81
       512MB    134217728     35.344        15.19        28.48
         1GB    268435456     70.382        15.26        28.60
# done
gke-hypercomputer-a3-a3-h100-dws-pool-16664d9c-hv7m:1596:2172 [0] NCCL INFO misc/socket.cc:668 -> 3

gke-hypercomputer-a3-a3-h100-dws-pool-16664d9c-hv7m:1596:2172 [0] proxy.cc:1458 NCCL WARN [Service thread] Accept failed Resource temporarily unavailable
gke-hypercomputer-a3-a3-h100-dws-pool-16664d9c-hv7m:1596:2324 [0] NCCL INFO socketProgressOpt: abort called
gke-hypercomputer-a3-a3-h100-dws-pool-16664d9c-hv7m:1596:2324 [0] NCCL INFO misc/socket.cc:47 -> 3
gke-hypercomputer-a3-a3-h100-dws-pool-16664d9c-hv7m:1596:2324 [0] NCCL INFO misc/socket.cc:58 -> 3
gke-hypercomputer-a3-a3-h100-dws-pool-16664d9c-hv7m:1596:2324 [0] NCCL INFO misc/socket.cc:775 -> 3
gke-hypercomputer-a3-a3-h100-dws-pool-16664d9c-hv7m:1596:2172 [0] NCCL INFO socketProgressOpt: abort called
gke-hypercomputer-a3-a3-h100-dws-pool-16664d9c-hv7m:1596:2172 [0] NCCL INFO misc/socket.cc:826 -> 3

gke-hypercomputer-a3-a3-h100-dws-pool-16664d9c-hv7m:1596:2172 [0] proxy.cc:1497 NCCL WARN [Service thread] Could not receive type from localRank 0, res=3, closed=0

gke-hypercomputer-a3-a3-h100-dws-pool-16664d9c-hv7m:1596:2172 [0] proxy.cc:1521 NCCL WARN [Proxy Service 0] Failed to execute operation Close from rank 0, retcode 3
gke-hypercomputer-a3-a3-h100-dws-pool-16664d9c-hv7m:1596:2324 [0] NCCL INFO comm 0x5c2a441bfb30 rank 0 nranks 16 cudaDev 0 busId 4000 - Abort COMPLETE
gke-hypercomputer-a3-a3-h100-dws-pool-16664d9c-hv7m:1596:2324 [0] NCCL INFO NET/Plugin: Closing net plugin 'IBext_v8'
gke-hypercomputer-a3-a3-h100-dws-pool-16664d9c-hv7m:1596:2324 [0] NCCL INFO NET/Plugin: Closing collnet plugin 'SHARP'
